../Core/Src/main.c:83:5:main	8	static
../Core/Src/main.c:159:6:SystemClock_Config	88	static
../Core/Src/main.c:206:13:MX_USART3_UART_Init	8	static
../Core/Src/main.c:239:13:MX_USB_OTG_FS_PCD_Init	8	static
../Core/Src/main.c:275:13:MX_GPIO_Init	56	static
../Core/Src/main.c:326:6:secuencia1	16	static
../Core/Src/main.c:339:6:secuencia2	8	static
../Core/Src/main.c:347:6:secuencia3	8	static
../Core/Src/main.c:365:6:secuencia4	8	static
../Core/Src/main.c:380:6:Error_Handler	4	static,ignoring_inline_asm
