23:36:25 **** Incremental Build of configuration Debug for project AFP_3_Grupo_8_2024_App_3.2 ****
make -j16 all 
arm-none-eabi-gcc "../Core/Src/main.c" -mcpu=cortex-m4 -std=gnu11 -g3 -DDEBUG -DUSE_HAL_DRIVER -DSTM32F413xx -c -I../Core/Inc -I../Drivers/STM32F4xx_HAL_Driver/Inc -I../Drivers/STM32F4xx_HAL_Driver/Inc/Legacy -I../Drivers/CMSIS/Device/ST/STM32F4xx/Include -I../Drivers/CMSIS/Include -I"D:/Mis Cosas/Ingenieria/OneDrive - frt.utn.edu.ar/Repos/Grupo_8_TDII_2024_Notebook/Grupo_8_TDII_2024/AFP_3_TDII_2024/AFP_3_Grupo_8_2024_App_3.2/Drivers/API/Inc" -O0 -ffunction-sections -fdata-sections -Wall -fstack-usage -fcyclomatic-complexity -MMD -MP -MF"Core/Src/main.d" -MT"Core/Src/main.o" --specs=nano.specs -mfpu=fpv4-sp-d16 -mfloat-abi=hard -mthumb -o "Core/Src/main.o"
arm-none-eabi-gcc -o "AFP_3_Grupo_8_2024_App_3.2.elf" @"objects.list"   -mcpu=cortex-m4 -T"D:\Mis Cosas\Ingenieria\OneDrive - frt.utn.edu.ar\Repos\Grupo_8_TDII_2024_Notebook\Grupo_8_TDII_2024\AFP_3_TDII_2024\AFP_3_Grupo_8_2024_App_3.2\STM32F413ZHTX_FLASH.ld" --specs=nosys.specs -Wl,-Map="AFP_3_Grupo_8_2024_App_3.2.map" -Wl,--gc-sections -static --specs=nano.specs -mfpu=fpv4-sp-d16 -mfloat-abi=hard -mthumb -Wl,--start-group -lc -lm -Wl,--end-group
Finished building target: AFP_3_Grupo_8_2024_App_3.2.elf
 
arm-none-eabi-size  AFP_3_Grupo_8_2024_App_3.2.elf 
arm-none-eabi-objdump -h -S AFP_3_Grupo_8_2024_App_3.2.elf  > "AFP_3_Grupo_8_2024_App_3.2.list"
   text	   data	    bss	    dec	    hex	filename
  12440	     24	   2920	  15384	   3c18	AFP_3_Grupo_8_2024_App_3.2.elf
Finished building: default.size.stdout
 
Finished building: AFP_3_Grupo_8_2024_App_3.2.list
 

23:36:27 Build Finished. 0 errors, 0 warnings. (took 2s.197ms)

