../Drivers/API/Src/API_BT.c:24:6:BT_TX	16	static
../Drivers/API/Src/API_BT.c:32:6:BT_TX_IT	16	static
../Drivers/API/Src/API_BT.c:41:6:HAL_UART_TxCpltCallback	16	static
../Drivers/API/Src/API_BT.c:54:6:BT_RX	16	static
../Drivers/API/Src/API_BT.c:63:6:BT_SendMessage	16	static
../Drivers/API/Src/API_BT.c:71:6:BT_ReceiveMessage	16	static
../Drivers/API/Src/API_BT.c:81:6:BT_Test	48	static
../Drivers/API/Src/API_BT.c:85:6:BT_Test_2	40	static
../Drivers/API/Src/API_BT.c:95:6:MX_USART2_UART_Init	8	static
