Archive member included to satisfy reference by file (symbol)

C:/ST/STM32CubeIDE_1.15.1/STM32CubeIDE/plugins/com.st.stm32cube.ide.mcu.externaltools.gnu-tools-for-stm32.12.3.rel1.win32_1.1.0.202410251130/tools/bin/../lib/gcc/arm-none-eabi/12.3.1/../../../../arm-none-eabi/lib/thumb/v7e-m+fp/hard\libc_nano.a(libc_a-exit.o)
                              C:/ST/STM32CubeIDE_1.15.1/STM32CubeIDE/plugins/com.st.stm32cube.ide.mcu.externaltools.gnu-tools-for-stm32.12.3.rel1.win32_1.1.0.202410251130/tools/bin/../lib/gcc/arm-none-eabi/12.3.1/../../../../arm-none-eabi/lib/thumb/v7e-m+fp/hard/crt0.o (exit)
C:/ST/STM32CubeIDE_1.15.1/STM32CubeIDE/plugins/com.st.stm32cube.ide.mcu.externaltools.gnu-tools-for-stm32.12.3.rel1.win32_1.1.0.202410251130/tools/bin/../lib/gcc/arm-none-eabi/12.3.1/../../../../arm-none-eabi/lib/thumb/v7e-m+fp/hard\libc_nano.a(libc_a-findfp.o)
                              C:/ST/STM32CubeIDE_1.15.1/STM32CubeIDE/plugins/com.st.stm32cube.ide.mcu.externaltools.gnu-tools-for-stm32.12.3.rel1.win32_1.1.0.202410251130/tools/bin/../lib/gcc/arm-none-eabi/12.3.1/../../../../arm-none-eabi/lib/thumb/v7e-m+fp/hard\libc_nano.a(libc_a-exit.o) (__stdio_exit_handler)
C:/ST/STM32CubeIDE_1.15.1/STM32CubeIDE/plugins/com.st.stm32cube.ide.mcu.externaltools.gnu-tools-for-stm32.12.3.rel1.win32_1.1.0.202410251130/tools/bin/../lib/gcc/arm-none-eabi/12.3.1/../../../../arm-none-eabi/lib/thumb/v7e-m+fp/hard\libc_nano.a(libc_a-fwalk.o)
                              C:/ST/STM32CubeIDE_1.15.1/STM32CubeIDE/plugins/com.st.stm32cube.ide.mcu.externaltools.gnu-tools-for-stm32.12.3.rel1.win32_1.1.0.202410251130/tools/bin/../lib/gcc/arm-none-eabi/12.3.1/../../../../arm-none-eabi/lib/thumb/v7e-m+fp/hard\libc_nano.a(libc_a-findfp.o) (_fwalk_sglue)
C:/ST/STM32CubeIDE_1.15.1/STM32CubeIDE/plugins/com.st.stm32cube.ide.mcu.externaltools.gnu-tools-for-stm32.12.3.rel1.win32_1.1.0.202410251130/tools/bin/../lib/gcc/arm-none-eabi/12.3.1/../../../../arm-none-eabi/lib/thumb/v7e-m+fp/hard\libc_nano.a(libc_a-snprintf.o)
                              ./Drivers/API/Src/API_LCD.o (snprintf)
C:/ST/STM32CubeIDE_1.15.1/STM32CubeIDE/plugins/com.st.stm32cube.ide.mcu.externaltools.gnu-tools-for-stm32.12.3.rel1.win32_1.1.0.202410251130/tools/bin/../lib/gcc/arm-none-eabi/12.3.1/../../../../arm-none-eabi/lib/thumb/v7e-m+fp/hard\libc_nano.a(libc_a-sprintf.o)
                              ./Core/Src/main.o (sprintf)
C:/ST/STM32CubeIDE_1.15.1/STM32CubeIDE/plugins/com.st.stm32cube.ide.mcu.externaltools.gnu-tools-for-stm32.12.3.rel1.win32_1.1.0.202410251130/tools/bin/../lib/gcc/arm-none-eabi/12.3.1/../../../../arm-none-eabi/lib/thumb/v7e-m+fp/hard\libc_nano.a(libc_a-stdio.o)
                              C:/ST/STM32CubeIDE_1.15.1/STM32CubeIDE/plugins/com.st.stm32cube.ide.mcu.externaltools.gnu-tools-for-stm32.12.3.rel1.win32_1.1.0.202410251130/tools/bin/../lib/gcc/arm-none-eabi/12.3.1/../../../../arm-none-eabi/lib/thumb/v7e-m+fp/hard\libc_nano.a(libc_a-findfp.o) (__sread)
C:/ST/STM32CubeIDE_1.15.1/STM32CubeIDE/plugins/com.st.stm32cube.ide.mcu.externaltools.gnu-tools-for-stm32.12.3.rel1.win32_1.1.0.202410251130/tools/bin/../lib/gcc/arm-none-eabi/12.3.1/../../../../arm-none-eabi/lib/thumb/v7e-m+fp/hard\libc_nano.a(libc_a-memset.o)
                              C:/ST/STM32CubeIDE_1.15.1/STM32CubeIDE/plugins/com.st.stm32cube.ide.mcu.externaltools.gnu-tools-for-stm32.12.3.rel1.win32_1.1.0.202410251130/tools/bin/../lib/gcc/arm-none-eabi/12.3.1/../../../../arm-none-eabi/lib/thumb/v7e-m+fp/hard/crt0.o (memset)
C:/ST/STM32CubeIDE_1.15.1/STM32CubeIDE/plugins/com.st.stm32cube.ide.mcu.externaltools.gnu-tools-for-stm32.12.3.rel1.win32_1.1.0.202410251130/tools/bin/../lib/gcc/arm-none-eabi/12.3.1/../../../../arm-none-eabi/lib/thumb/v7e-m+fp/hard\libc_nano.a(libc_a-closer.o)
                              C:/ST/STM32CubeIDE_1.15.1/STM32CubeIDE/plugins/com.st.stm32cube.ide.mcu.externaltools.gnu-tools-for-stm32.12.3.rel1.win32_1.1.0.202410251130/tools/bin/../lib/gcc/arm-none-eabi/12.3.1/../../../../arm-none-eabi/lib/thumb/v7e-m+fp/hard\libc_nano.a(libc_a-stdio.o) (_close_r)
C:/ST/STM32CubeIDE_1.15.1/STM32CubeIDE/plugins/com.st.stm32cube.ide.mcu.externaltools.gnu-tools-for-stm32.12.3.rel1.win32_1.1.0.202410251130/tools/bin/../lib/gcc/arm-none-eabi/12.3.1/../../../../arm-none-eabi/lib/thumb/v7e-m+fp/hard\libc_nano.a(libc_a-reent.o)
                              C:/ST/STM32CubeIDE_1.15.1/STM32CubeIDE/plugins/com.st.stm32cube.ide.mcu.externaltools.gnu-tools-for-stm32.12.3.rel1.win32_1.1.0.202410251130/tools/bin/../lib/gcc/arm-none-eabi/12.3.1/../../../../arm-none-eabi/lib/thumb/v7e-m+fp/hard\libc_nano.a(libc_a-closer.o) (errno)
C:/ST/STM32CubeIDE_1.15.1/STM32CubeIDE/plugins/com.st.stm32cube.ide.mcu.externaltools.gnu-tools-for-stm32.12.3.rel1.win32_1.1.0.202410251130/tools/bin/../lib/gcc/arm-none-eabi/12.3.1/../../../../arm-none-eabi/lib/thumb/v7e-m+fp/hard\libc_nano.a(libc_a-impure.o)
[...]
Memory Configuration

Name             Origin             Length             Attributes
RAM              0x20000000         0x00050000         xrw
FLASH            0x08000000         0x00180000         xr
*default*        0x00000000         0xffffffff

Linker script and memory map

LOAD C:/ST/STM32CubeIDE_1.15.1/STM32CubeIDE/plugins/com.st.stm32cube.ide.mcu.externaltools.gnu-tools-for-stm32.12.3.rel1.win32_1.1.0.202410251130/tools/bin/../lib/gcc/arm-none-eabi/12.3.1/thumb/v7e-m+fp/hard/crti.o
LOAD C:/ST/STM32CubeIDE_1.15.1/STM32CubeIDE/plugins/com.st.stm32cube.ide.mcu.externaltools.gnu-tools-for-stm32.12.3.rel1.win32_1.1.0.202410251130/tools/bin/../lib/gcc/arm-none-eabi/12.3.1/thumb/v7e-m+fp/hard/crtbegin.o
LOAD C:/ST/STM32CubeIDE_1.15.1/STM32CubeIDE/plugins/com.st.stm32cube.ide.mcu.externaltools.gnu-tools-for-stm32.12.3.rel1.win32_1.1.0.202410251130/tools/bin/../lib/gcc/arm-none-eabi/12.3.1/../../../../arm-none-eabi/lib/thumb/v7e-m+fp/hard/crt0.o
LOAD ./Core/Src/main.o
LOAD ./Core/Src/stm32f4xx_hal_msp.o
LOAD ./Core/Src/stm32f4xx_it.o
LOAD ./Core/Src/syscalls.o
LOAD ./Core/Src/sysmem.o
LOAD ./Core/Src/system_stm32f4xx.o
LOAD ./Core/Startup/startup_stm32f413zhtx.o
LOAD ./Drivers/API/Src/API_BT.o
LOAD ./Drivers/API/Src/API_Debounce.o
LOAD ./Drivers/API/Src/API_Delay.o
LOAD ./Drivers/API/Src/API_GPIO.o
LOAD ./Drivers/API/Src/API_LCD.o
LOAD ./Drivers/API/Src/API_Teclado4x3.o
LOAD ./Drivers/STM32F4xx_HAL_Driver/Src/stm32f4xx_hal.o
LOAD ./Drivers/STM32F4xx_HAL_Driver/Src/stm32f4xx_hal_cortex.o
LOAD ./Drivers/STM32F4xx_HAL_Driver/Src/stm32f4xx_hal_dma.o
LOAD ./Drivers/STM32F4xx_HAL_Driver/Src/stm32f4xx_hal_dma_ex.o
LOAD ./Drivers/STM32F4xx_HAL_Driver/Src/stm32f4xx_hal_exti.o
LOAD ./Drivers/STM32F4xx_HAL_Driver/Src/stm32f4xx_hal_flash.o
LOAD ./Drivers/STM32F4xx_HAL_Driver/Src/stm32f4xx_hal_flash_ex.o
LOAD ./Drivers/STM32F4xx_HAL_Driver/Src/stm32f4xx_hal_flash_ramfunc.o
LOAD ./Drivers/STM32F4xx_HAL_Driver/Src/stm32f4xx_hal_gpio.o
LOAD ./Drivers/STM32F4xx_HAL_Driver/Src/stm32f4xx_hal_i2c.o
LOAD ./Drivers/STM32F4xx_HAL_Driver/Src/stm32f4xx_hal_i2c_ex.o
LOAD ./Drivers/STM32F4xx_HAL_Driver/Src/stm32f4xx_hal_pwr.o
LOAD ./Drivers/STM32F4xx_HAL_Driver/Src/stm32f4xx_hal_pwr_ex.o
LOAD ./Drivers/STM32F4xx_HAL_Driver/Src/stm32f4xx_hal_rcc.o
LOAD ./Drivers/STM32F4xx_HAL_Driver/Src/stm32f4xx_hal_rcc_ex.o
LOAD ./Drivers/STM32F4xx_HAL_Driver/Src/stm32f4xx_hal_uart.o
START GROUP
LOAD C:/ST/STM32CubeIDE_1.15.1/STM32CubeIDE/plugins/com.st.stm32cube.ide.mcu.externaltools.gnu-tools-for-stm32.12.3.rel1.win32_1.1.0.202410251130/tools/bin/../lib/gcc/arm-none-eabi/12.3.1/../../../../arm-none-eabi/lib/thumb/v7e-m+fp/hard\libc_nano.a
LOAD C:/ST/STM32CubeIDE_1.15.1/STM32CubeIDE/plugins/com.st.stm32cube.ide.mcu.externaltools.gnu-tools-for-stm32.12.3.rel1.win32_1.1.0.202410251130/tools/bin/../lib/gcc/arm-none-eabi/12.3.1/../../../../arm-none-eabi/lib/thumb/v7e-m+fp/hard\libm.a
END GROUP
START GROUP
LOAD C:/ST/STM32CubeIDE_1.15.1/STM32CubeIDE/plugins/com.st.stm32cube.ide.mcu.externaltools.gnu-tools-for-stm32.12.3.rel1.win32_1.1.0.202410251130/tools/bin/../lib/gcc/arm-none-eabi/12.3.1/thumb/v7e-m+fp/hard\libgcc.a
LOAD C:/ST/STM32CubeIDE_1.15.1/STM32CubeIDE/plugins/com.st.stm32cube.ide.mcu.externaltools.gnu-tools-for-stm32.12.3.rel1.win32_1.1.0.202410251130/tools/bin/../lib/gcc/arm-none-eabi/12.3.1/../../../../arm-none-eabi/lib/thumb/v7e-m+fp/hard\libc_nano.a
END GROUP
START GROUP
LOAD C:/ST/STM32CubeIDE_1.15.1/STM32CubeIDE/plugins/com.st.stm32cube.ide.mcu.externaltools.gnu-tools-for-stm32.12.3.rel1.win32_1.1.0.202410251130/tools/bin/../lib/gcc/arm-none-eabi/12.3.1/thumb/v7e-m+fp/hard\libgcc.a
LOAD C:/ST/STM32CubeIDE_1.15.1/STM32CubeIDE/plugins/com.st.stm32cube.ide.mcu.externaltools.gnu-tools-for-stm32.12.3.rel1.win32_1.1.0.202410251130/tools/bin/../lib/gcc/arm-none-eabi/12.3.1/../../../../arm-none-eabi/lib/thumb/v7e-m+fp/hard\libc_nano.a
LOAD C:/ST/STM32CubeIDE_1.15.1/STM32CubeIDE/plugins/com.st.stm32cube.ide.mcu.externaltools.gnu-tools-for-stm32.12.3.rel1.win32_1.1.0.202410251130/tools/bin/../lib/gcc/arm-none-eabi/12.3.1/../../../../arm-none-eabi/lib/thumb/v7e-m+fp/hard\libnosys.a
END GROUP
START GROUP
LOAD C:/ST/STM32CubeIDE_1.15.1/STM32CubeIDE/plugins/com.st.stm32cube.ide.mcu.externaltools.gnu-tools-for-stm32.12.3.rel1.win32_1.1.0.202410251130/tools/bin/../lib/gcc/arm-none-eabi/12.3.1/thumb/v7e-m+fp/hard\libgcc.a
LOAD C:/ST/STM32CubeIDE_1.15.1/STM32CubeIDE/plugins/com.st.stm32cube.ide.mcu.externaltools.gnu-tools-for-stm32.12.3.rel1.win32_1.1.0.202410251130/tools/bin/../lib/gcc/arm-none-eabi/12.3.1/../../../../arm-none-eabi/lib/thumb/v7e-m+fp/hard\libc_nano.a
LOAD C:/ST/STM32CubeIDE_1.15.1/STM32CubeIDE/plugins/com.st.stm32cube.ide.mcu.externaltools.gnu-tools-for-stm32.12.3.rel1.win32_1.1.0.202410251130/tools/bin/../lib/gcc/arm-none-eabi/12.3.1/../../../../arm-none-eabi/lib/thumb/v7e-m+fp/hard\libnosys.a
END GROUP
LOAD C:/ST/STM32CubeIDE_1.15.1/STM32CubeIDE/plugins/com.st.stm32cube.ide.mcu.externaltools.gnu-tools-for-stm32.12.3.rel1.win32_1.1.0.202410251130/tools/bin/../lib/gcc/arm-none-eabi/12.3.1/thumb/v7e-m+fp/hard/crtend.o
LOAD C:/ST/STM32CubeIDE_1.15.1/STM32CubeIDE/plugins/com.st.stm32cube.ide.mcu.externaltools.gnu-tools-for-stm32.12.3.rel1.win32_1.1.0.202410251130/tools/bin/../lib/gcc/arm-none-eabi/12.3.1/thumb/v7e-m+fp/hard/crtn.o
                0x20050000                        _estack = (ORIGIN (RAM) + LENGTH (RAM))
                0x00000200                        _Min_Heap_Size = 0x200
                0x00000400                        _Min_Stack_Size = 0x400

.isr_vector     0x08000000      0x1d8
                0x08000000                        . = ALIGN (0x4)
 *(.isr_vector)
 .isr_vector    0x08000000      0x1d8 ./Core/Startup/startup_stm32f413zhtx.o
                0x08000000                g_pfnVectors
                0x080001d8                        . = ALIGN (0x4)

.text           0x080001e0     0x5354
                0x080001e0                        . = ALIGN (0x4)
 *(.text)
 .text          0x080001e0       0x40 C:/ST/STM32CubeIDE_1.15.1/STM32CubeIDE/plugins/com.st.stm32cube.ide.mcu.externaltools.gnu-tools-for-stm32.12.3.rel1.win32_1.1.0.202410251130/tools/bin/../lib/gcc/arm-none-eabi/12.3.1/thumb/v7e-m+fp/hard/crtbegin.o
 .text          0x08000220       0x14 C:/ST/STM32CubeIDE_1.15.1/STM32CubeIDE/plugins/com.st.stm32cube.ide.mcu.externaltools.gnu-tools-for-stm32.12.3.rel1.win32_1.1.0.202410251130/tools/bin/../lib/gcc/arm-none-eabi/12.3.1/../../../../arm-none-eabi/lib/thumb/v7e-m+fp/hard\libc_nano.a(libc_a-strcmp.o)
                0x08000220                strcmp
 .text          0x08000234       0x10 C:/ST/STM32CubeIDE_1.15.1/STM32CubeIDE/plugins/com.st.stm32cube.ide.mcu.externaltools.gnu-tools-for-stm32.12.3.rel1.win32_1.1.0.202410251130/tools/bin/../lib/gcc/arm-none-eabi/12.3.1/../../../../arm-none-eabi/lib/thumb/v7e-m+fp/hard\libc_nano.a(libc_a-strlen.o)
                0x08000234                strlen
 *fill*         0x08000244        0xc 
 .text          0x08000250       0xa0 C:/ST/STM32CubeIDE_1.15.1/STM32CubeIDE/plugins/com.st.stm32cube.ide.mcu.externaltools.gnu-tools-for-stm32.12.3.rel1.win32_1.1.0.202410251130/tools/bin/../lib/gcc/arm-none-eabi/12.3.1/../../../../arm-none-eabi/lib/thumb/v7e-m+fp/hard\libc_nano.a(libc_a-memchr.o)
                0x08000250                memchr
 .text          0x080002f0       0x30 C:/ST/STM32CubeIDE_1.15.1/STM32CubeIDE/plugins/com.st.stm32cube.ide.mcu.externaltools.gnu-tools-for-stm32.12.3.rel1.win32_1.1.0.202410251130/tools/bin/../lib/gcc/arm-none-eabi/12.3.1/thumb/v7e-m+fp/hard\libgcc.a(_aeabi_uldivmod.o)
                0x080002f0                __aeabi_uldivmod
 .text          0x08000320      0x2bc C:/ST/STM32CubeIDE_1.15.1/STM32CubeIDE/plugins/com.st.stm32cube.ide.mcu.externaltools.gnu-tools-for-stm32.12.3.rel1.win32_1.1.0.202410251130/tools/bin/../lib/gcc/arm-none-eabi/12.3.1/thumb/v7e-m+fp/hard\libgcc.a(_udivmoddi4.o)
                0x08000320                __udivmoddi4
 .text          0x080005dc        0x4 C:/ST/STM32CubeIDE_1.15.1/STM32CubeIDE/plugins/com.st.stm32cube.ide.mcu.externaltools.gnu-tools-for-stm32.12.3.rel1.win32_1.1.0.202410251130/tools/bin/../lib/gcc/arm-none-eabi/12.3.1/thumb/v7e-m+fp/hard\libgcc.a(_dvmd_tls.o)
                0x080005dc                __aeabi_idiv0
                0x080005dc                __aeabi_ldiv0
 *(.text*)
 .text.main     0x080005e0       0x94 ./Core/Src/main.o
                0x080005e0                main
 .text.DisplayMainMenu
                0x08000674       0x3c ./Core/Src/main.o
                0x08000674                DisplayMainMenu
 .text.HandleMainMenuInput
                0x080006b0       0x36 ./Core/Src/main.o
                0x080006b0                HandleMainMenuInput
 *fill*         0x080006e6        0x2 
 .text.DisplayAlarmMenu
                0x080006e8       0x3c ./Core/Src/main.o
                0x080006e8                DisplayAlarmMenu
 .text.HandleAlarmMenuInput
                0x08000724       0xa0 ./Core/Src/main.o
                0x08000724                HandleAlarmMenuInput
 .text.RequestPassword
                0x080007c4      0x1cc ./Core/Src/main.o
                0x080007c4                RequestPassword
 .text.ActivateAlarm
                0x08000990      0x10c ./Core/Src/main.o
                0x08000990                ActivateAlarm
 .text.DeactivateAlarm
                0x08000a9c       0x7c ./Core/Src/main.o
                0x08000a9c                DeactivateAlarm
 .text.IncorrectPassword
                0x08000b18       0xa0 ./Core/Src/main.o
                0x08000b18                IncorrectPassword
 .text.AlarmTriggered
                0x08000bb8       0xc4 ./Core/Src/main.o
                0x08000bb8                AlarmTriggered
 .text.DisplayChangePassMenu
                0x08000c7c       0xac ./Core/Src/main.o
                0x08000c7c                DisplayChangePassMenu
 .text.ConfirmNewPassword
                0x08000d28      0x20c ./Core/Src/main.o
                0x08000d28                ConfirmNewPassword
 .text.HandleSubMenu
                0x08000f34       0x58 ./Core/Src/main.o
                0x08000f34                HandleSubMenu
 .text.TestAlarm
                0x08000f8c       0x90 ./Core/Src/main.o
                0x08000f8c                TestAlarm
 .text.CheckSensors
                0x0800101c       0xac ./Core/Src/main.o
                0x0800101c                CheckSensors
 .text.CheckAlarmDeactivation
                0x080010c8       0x58 ./Core/Src/main.o
                0x080010c8                CheckAlarmDeactivation
 .text.Error_Handler
                0x08001120        0xc ./Core/Src/main.o
                0x08001120                Error_Handler
 .text.HAL_MspInit
                0x0800112c       0x50 ./Core/Src/stm32f4xx_hal_msp.o
                0x0800112c                HAL_MspInit
 .text.HAL_I2C_MspInit
                0x0800117c       0x90 ./Core/Src/stm32f4xx_hal_msp.o
                0x0800117c                HAL_I2C_MspInit
 .text.HAL_UART_MspInit
                0x0800120c       0xa0 ./Core/Src/stm32f4xx_hal_msp.o
                0x0800120c                HAL_UART_MspInit
 .text.NMI_Handler
                0x080012ac        0x8 ./Core/Src/stm32f4xx_it.o
                0x080012ac                NMI_Handler
 .text.HardFault_Handler
                0x080012b4        0x8 ./Core/Src/stm32f4xx_it.o
                0x080012b4                HardFault_Handler
 .text.MemManage_Handler
                0x080012bc        0x8 ./Core/Src/stm32f4xx_it.o
                0x080012bc                MemManage_Handler
 .text.BusFault_Handler
                0x080012c4        0x8 ./Core/Src/stm32f4xx_it.o
                0x080012c4                BusFault_Handler
 .text.UsageFault_Handler
                0x080012cc        0x8 ./Core/Src/stm32f4xx_it.o
                0x080012cc                UsageFault_Handler
 .text.SVC_Handler
                0x080012d4        0xe ./Core/Src/stm32f4xx_it.o
                0x080012d4                SVC_Handler
 .text.DebugMon_Handler
                0x080012e2        0xe ./Core/Src/stm32f4xx_it.o
                0x080012e2                DebugMon_Handler
 .text.PendSV_Handler
                0x080012f0        0xe ./Core/Src/stm32f4xx_it.o
                0x080012f0                PendSV_Handler
 .text.SysTick_Handler
                0x080012fe        0xc ./Core/Src/stm32f4xx_it.o
                0x080012fe                SysTick_Handler
 .text.EXTI2_IRQHandler
                0x0800130a        0xe ./Core/Src/stm32f4xx_it.o
                0x0800130a                EXTI2_IRQHandler
 .text.EXTI4_IRQHandler
                0x08001318        0xe ./Core/Src/stm32f4xx_it.o
                0x08001318                EXTI4_IRQHandler
 .text.EXTI9_5_IRQHandler
                0x08001326        0xe ./Core/Src/stm32f4xx_it.o
                0x08001326                EXTI9_5_IRQHandler
 .text.USART2_IRQHandler
                0x08001334       0x14 ./Core/Src/stm32f4xx_it.o
                0x08001334                USART2_IRQHandler
 .text.EXTI15_10_IRQHandler
                0x08001348       0x30 ./Core/Src/stm32f4xx_it.o
                0x08001348                EXTI15_10_IRQHandler
 .text._sbrk    0x08001378       0x6c ./Core/Src/sysmem.o
                0x08001378                _sbrk
 .text.SystemInit
                0x080013e4       0x24 ./Core/Src/system_stm32f4xx.o
                0x080013e4                SystemInit
 .text.Reset_Handler
                0x08001408       0x50 ./Core/Startup/startup_stm32f413zhtx.o
                0x08001408                Reset_Handler
 .text.Default_Handler
                0x08001458        0x2 ./Core/Startup/startup_stm32f413zhtx.o
                0x08001458                RTC_Alarm_IRQHandler
                0x08001458                TIM8_CC_IRQHandler
                0x08001458                UART8_IRQHandler
                0x08001458                FMPI2C1_EV_IRQHandler
                0x08001458                SPI4_IRQHandler
                0x08001458                TIM1_CC_IRQHandler
                0x08001458                DMA2_Stream5_IRQHandler
                0x08001458                DMA1_Stream5_IRQHandler
                0x08001458                CAN3_RX1_IRQHandler
                0x08001458                PVD_IRQHandler
                0x08001458                SDIO_IRQHandler
                0x08001458                TAMP_STAMP_IRQHandler
                0x08001458                CAN2_RX1_IRQHandler
                0x08001458                EXTI3_IRQHandler
                0x08001458                TIM8_TRG_COM_TIM14_IRQHandler
                0x08001458                DFSDM1_FLT1_IRQHandler
                0x08001458                TIM1_UP_TIM10_IRQHandler
                0x08001458                TIM8_UP_TIM13_IRQHandler
                0x08001458                I2C3_ER_IRQHandler
                0x08001458                EXTI0_IRQHandler
                0x08001458                I2C2_EV_IRQHandler
                0x08001458                DMA1_Stream2_IRQHandler
                0x08001458                CAN1_RX0_IRQHandler
                0x08001458                FPU_IRQHandler
                0x08001458                CAN3_SCE_IRQHandler
                0x08001458                CAN2_SCE_IRQHandler
                0x08001458                DMA2_Stream2_IRQHandler
                0x08001458                SPI1_IRQHandler
                0x08001458                TIM6_DAC_IRQHandler
                0x08001458                TIM1_BRK_TIM9_IRQHandler
                0x08001458                CAN2_RX0_IRQHandler
                0x08001458                DMA2_Stream3_IRQHandler
                0x08001458                USART6_IRQHandler
                0x08001458                CAN3_RX0_IRQHandler
                0x08001458                USART3_IRQHandler
                0x08001458                DFSDM2_FLT3_IRQHandler
                0x08001458                CAN1_RX1_IRQHandler
                0x08001458                UART5_IRQHandler
                0x08001458                DMA2_Stream0_IRQHandler
                0x08001458                TIM4_IRQHandler
                0x08001458                QUADSPI_IRQHandler
                0x08001458                I2C1_EV_IRQHandler
                0x08001458                DMA1_Stream6_IRQHandler
                0x08001458                DMA1_Stream1_IRQHandler
                0x08001458                UART4_IRQHandler
                0x08001458                TIM3_IRQHandler
                0x08001458                RCC_IRQHandler
                0x08001458                UART9_IRQHandler
                0x08001458                TIM8_BRK_TIM12_IRQHandler
                0x08001458                Default_Handler
                0x08001458                ADC_IRQHandler
                0x08001458                DMA1_Stream7_IRQHandler
                0x08001458                DFSDM2_FLT0_IRQHandler
                0x08001458                SPI5_IRQHandler
                0x08001458                TIM7_IRQHandler
                0x08001458                CAN2_TX_IRQHandler
                0x08001458                TIM5_IRQHandler
                0x08001458                DMA2_Stream7_IRQHandler
                0x08001458                I2C3_EV_IRQHandler
                0x08001458                DFSDM2_FLT2_IRQHandler
                0x08001458                RTC_WKUP_IRQHandler
                0x08001458                SPI2_IRQHandler
                0x08001458                DMA1_Stream0_IRQHandler
                0x08001458                CAN1_TX_IRQHandler
                0x08001458                FMPI2C1_ER_IRQHandler
                0x08001458                DFSDM2_FLT1_IRQHandler
                0x08001458                RNG_IRQHandler
                0x08001458                FSMC_IRQHandler
                0x08001458                WWDG_IRQHandler
                0x08001458                CAN3_TX_IRQHandler
                0x08001458                TIM2_IRQHandler
                0x08001458                OTG_FS_WKUP_IRQHandler
                0x08001458                TIM1_TRG_COM_TIM11_IRQHandler
                0x08001458                EXTI1_IRQHandler
                0x08001458                UART7_IRQHandler
                0x08001458                DFSDM1_FLT0_IRQHandler
                0x08001458                I2C2_ER_IRQHandler
                0x08001458                DMA2_Stream1_IRQHandler
                0x08001458                CAN1_SCE_IRQHandler
                0x08001458                FLASH_IRQHandler
                0x08001458                DMA2_Stream4_IRQHandler
                0x08001458                USART1_IRQHandler
                0x08001458                OTG_FS_IRQHandler
                0x08001458                SPI3_IRQHandler
                0x08001458                DMA1_Stream4_IRQHandler
                0x08001458                I2C1_ER_IRQHandler
                0x08001458                LPTIM1_IRQHandler
                0x08001458                DMA2_Stream6_IRQHandler
                0x08001458                UART10_IRQHandler
                0x08001458                SAI1_IRQHandler
                0x08001458                DMA1_Stream3_IRQHandler
 *fill*         0x0800145a        0x2 
 .text.MX_USART2_UART_Init
                0x0800145c       0x54 ./Drivers/API/Src/API_BT.o
                0x0800145c                MX_USART2_UART_Init
 .text.HAL_UART_TxCpltCallback
                0x080014b0       0x14 ./Drivers/API/Src/API_BT.o
                0x080014b0                HAL_UART_TxCpltCallback
 .text.BT_SendMessage
                0x080014c4       0x2c ./Drivers/API/Src/API_BT.o
                0x080014c4                BT_SendMessage
 .text.BT_Test  0x080014f0       0x40 ./Drivers/API/Src/API_BT.o
                0x080014f0                BT_Test
 .text.readKey  0x08001530       0x38 ./Drivers/API/Src/API_Debounce.o
                0x08001530                readKey
 .text.debounceFSM_init
                0x08001568       0x30 ./Drivers/API/Src/API_Debounce.o
                0x08001568                debounceFSM_init
 .text.debounceFSM_update
                0x08001598       0xe0 ./Drivers/API/Src/API_Debounce.o
                0x08001598                debounceFSM_update
 .text.delayInit
                0x08001678       0x28 ./Drivers/API/Src/API_Delay.o
                0x08001678                delayInit
 .text.delayRead
                0x080016a0       0x52 ./Drivers/API/Src/API_Delay.o
                0x080016a0                delayRead
 *fill*         0x080016f2        0x2 
 .text.writeLedOff_GPIO
                0x080016f4       0x24 ./Drivers/API/Src/API_GPIO.o
                0x080016f4                writeLedOff_GPIO
 .text.SystemClock_Config
                0x08001718       0xd8 ./Drivers/API/Src/API_GPIO.o
                0x08001718                SystemClock_Config
 .text.MX_GPIO_Init
                0x080017f0      0x298 ./Drivers/API/Src/API_GPIO.o
                0x080017f0                MX_GPIO_Init
 .text.enableSensorInterrupts
                0x08001a88        0xe ./Drivers/API/Src/API_GPIO.o
                0x08001a88                enableSensorInterrupts
 .text.disableSensorInterrupts
                0x08001a96        0xe ./Drivers/API/Src/API_GPIO.o
                0x08001a96                disableSensorInterrupts
 .text.HAL_GPIO_EXTI_Callback
                0x08001aa4       0x7c ./Drivers/API/Src/API_GPIO.o
                0x08001aa4                HAL_GPIO_EXTI_Callback
 .text.lcd_init
                0x08001b20       0x56 ./Drivers/API/Src/API_LCD.o
                0x08001b20                lcd_init
 .text.lcd_clear
                0x08001b76       0x14 ./Drivers/API/Src/API_LCD.o
                0x08001b76                lcd_clear
 .text.lcd_set_cursor
                0x08001b8a       0x34 ./Drivers/API/Src/API_LCD.o
                0x08001b8a                lcd_set_cursor
 .text.lcd_print
                0x08001bbe       0x2a ./Drivers/API/Src/API_LCD.o
                0x08001bbe                lcd_print
 .text.lcd_send_command
                0x08001be8       0x1c ./Drivers/API/Src/API_LCD.o
 .text.lcd_send_data
                0x08001c04       0x1c ./Drivers/API/Src/API_LCD.o
 .text.lcd_send
                0x08001c20       0x48 ./Drivers/API/Src/API_LCD.o
 .text.lcd_write_nibble
                0x08001c68       0x60 ./Drivers/API/Src/API_LCD.o
 .text.MX_I2C2_Init
                0x08001cc8       0x5c ./Drivers/API/Src/API_LCD.o
                0x08001cc8                MX_I2C2_Init
 .text.keypad_init
                0x08001d24       0xa4 ./Drivers/API/Src/API_Teclado4x3.o
                0x08001d24                keypad_init
 .text.buffer_add
                0x08001dc8       0x68 ./Drivers/API/Src/API_Teclado4x3.o
 .text.buffer_get
                0x08001e30       0x54 ./Drivers/API/Src/API_Teclado4x3.o
                0x08001e30                buffer_get
 .text.scan_keypad
                0x08001e84       0xb0 ./Drivers/API/Src/API_Teclado4x3.o
                0x08001e84                scan_keypad
 .text.keypad_get_key
                0x08001f34        0xe ./Drivers/API/Src/API_Teclado4x3.o
                0x08001f34                keypad_get_key
 *fill*         0x08001f42        0x2 
 .text.HAL_Init
                0x08001f44       0x44 ./Drivers/STM32F4xx_HAL_Driver/Src/stm32f4xx_hal.o
                0x08001f44                HAL_Init
 .text.HAL_InitTick
                0x08001f88       0x60 ./Drivers/STM32F4xx_HAL_Driver/Src/stm32f4xx_hal.o
                0x08001f88                HAL_InitTick
 .text.HAL_IncTick
                0x08001fe8       0x28 ./Drivers/STM32F4xx_HAL_Driver/Src/stm32f4xx_hal.o
                0x08001fe8                HAL_IncTick
 .text.HAL_GetTick
                0x08002010       0x18 ./Drivers/STM32F4xx_HAL_Driver/Src/stm32f4xx_hal.o
                0x08002010                HAL_GetTick
 .text.HAL_Delay
                0x08002028       0x48 ./Drivers/STM32F4xx_HAL_Driver/Src/stm32f4xx_hal.o
                0x08002028                HAL_Delay
 .text.__NVIC_SetPriorityGrouping
                0x08002070       0x48 ./Drivers/STM32F4xx_HAL_Driver/Src/stm32f4xx_hal_cortex.o
 .text.__NVIC_GetPriorityGrouping
                0x080020b8       0x1c ./Drivers/STM32F4xx_HAL_Driver/Src/stm32f4xx_hal_cortex.o
 .text.__NVIC_EnableIRQ
                0x080020d4       0x3c ./Drivers/STM32F4xx_HAL_Driver/Src/stm32f4xx_hal_cortex.o
 .text.__NVIC_DisableIRQ
                0x08002110       0x48 ./Drivers/STM32F4xx_HAL_Driver/Src/stm32f4xx_hal_cortex.o
 .text.__NVIC_SetPriority
                0x08002158       0x54 ./Drivers/STM32F4xx_HAL_Driver/Src/stm32f4xx_hal_cortex.o
 .text.NVIC_EncodePriority
                0x080021ac       0x66 ./Drivers/STM32F4xx_HAL_Driver/Src/stm32f4xx_hal_cortex.o
 *fill*         0x08002212        0x2 
 .text.SysTick_Config
                0x08002214       0x44 ./Drivers/STM32F4xx_HAL_Driver/Src/stm32f4xx_hal_cortex.o
 .text.HAL_NVIC_SetPriorityGrouping
                0x08002258       0x16 ./Drivers/STM32F4xx_HAL_Driver/Src/stm32f4xx_hal_cortex.o
                0x08002258                HAL_NVIC_SetPriorityGrouping
 .text.HAL_NVIC_SetPriority
                0x0800226e       0x38 ./Drivers/STM32F4xx_HAL_Driver/Src/stm32f4xx_hal_cortex.o
                0x0800226e                HAL_NVIC_SetPriority
 .text.HAL_NVIC_EnableIRQ
                0x080022a6       0x1c ./Drivers/STM32F4xx_HAL_Driver/Src/stm32f4xx_hal_cortex.o
                0x080022a6                HAL_NVIC_EnableIRQ
 .text.HAL_NVIC_DisableIRQ
                0x080022c2       0x1c ./Drivers/STM32F4xx_HAL_Driver/Src/stm32f4xx_hal_cortex.o
                0x080022c2                HAL_NVIC_DisableIRQ
 .text.HAL_SYSTICK_Config
                0x080022de       0x18 ./Drivers/STM32F4xx_HAL_Driver/Src/stm32f4xx_hal_cortex.o
                0x080022de                HAL_SYSTICK_Config
 .text.HAL_DMA_Abort
                0x080022f6       0xe0 ./Drivers/STM32F4xx_HAL_Driver/Src/stm32f4xx_hal_dma.o
                0x080022f6                HAL_DMA_Abort
 .text.HAL_DMA_Abort_IT
                0x080023d6       0x44 ./Drivers/STM32F4xx_HAL_Driver/Src/stm32f4xx_hal_dma.o
                0x080023d6                HAL_DMA_Abort_IT
 *fill*         0x0800241a        0x2 
 .text.HAL_GPIO_Init
                0x0800241c      0x328 ./Drivers/STM32F4xx_HAL_Driver/Src/stm32f4xx_hal_gpio.o
                0x0800241c                HAL_GPIO_Init
 .text.HAL_GPIO_ReadPin
                0x08002744       0x30 ./Drivers/STM32F4xx_HAL_Driver/Src/stm32f4xx_hal_gpio.o
                0x08002744                HAL_GPIO_ReadPin
 .text.HAL_GPIO_WritePin
                0x08002774       0x32 ./Drivers/STM32F4xx_HAL_Driver/Src/stm32f4xx_hal_gpio.o
                0x08002774                HAL_GPIO_WritePin
 .text.HAL_GPIO_TogglePin
                0x080027a6       0x34 ./Drivers/STM32F4xx_HAL_Driver/Src/stm32f4xx_hal_gpio.o
                0x080027a6                HAL_GPIO_TogglePin
 *fill*         0x080027da        0x2 
 .text.HAL_GPIO_EXTI_IRQHandler
                0x080027dc       0x30 ./Drivers/STM32F4xx_HAL_Driver/Src/stm32f4xx_hal_gpio.o
                0x080027dc                HAL_GPIO_EXTI_IRQHandler
 .text.HAL_I2C_Init
                0x0800280c      0x288 ./Drivers/STM32F4xx_HAL_Driver/Src/stm32f4xx_hal_i2c.o
                0x0800280c                HAL_I2C_Init
 .text.HAL_I2C_Master_Transmit
                0x08002a94      0x1fc ./Drivers/STM32F4xx_HAL_Driver/Src/stm32f4xx_hal_i2c.o
                0x08002a94                HAL_I2C_Master_Transmit
 .text.I2C_MasterRequestWrite
                0x08002c90      0x104 ./Drivers/STM32F4xx_HAL_Driver/Src/stm32f4xx_hal_i2c.o
 .text.I2C_WaitOnFlagUntilTimeout
                0x08002d94       0xf4 ./Drivers/STM32F4xx_HAL_Driver/Src/stm32f4xx_hal_i2c.o
 .text.I2C_WaitOnMasterAddressFlagUntilTimeout
                0x08002e88      0x140 ./Drivers/STM32F4xx_HAL_Driver/Src/stm32f4xx_hal_i2c.o
 .text.I2C_WaitOnTXEFlagUntilTimeout
                0x08002fc8       0x90 ./Drivers/STM32F4xx_HAL_Driver/Src/stm32f4xx_hal_i2c.o
 .text.I2C_WaitOnBTFFlagUntilTimeout
                0x08003058       0x90 ./Drivers/STM32F4xx_HAL_Driver/Src/stm32f4xx_hal_i2c.o
 .text.I2C_IsAcknowledgeFailed
                0x080030e8       0x5e ./Drivers/STM32F4xx_HAL_Driver/Src/stm32f4xx_hal_i2c.o
 *fill*         0x08003146        0x2 
 .text.HAL_RCC_ClockConfig
                0x08003148      0x1cc ./Drivers/STM32F4xx_HAL_Driver/Src/stm32f4xx_hal_rcc.o
                0x08003148                HAL_RCC_ClockConfig
 .text.HAL_RCC_GetSysClockFreq
                0x08003314      0x20c ./Drivers/STM32F4xx_HAL_Driver/Src/stm32f4xx_hal_rcc.o
                0x08003314                HAL_RCC_GetSysClockFreq
 .text.HAL_RCC_GetHCLKFreq
                0x08003520       0x18 ./Drivers/STM32F4xx_HAL_Driver/Src/stm32f4xx_hal_rcc.o
                0x08003520                HAL_RCC_GetHCLKFreq
 .text.HAL_RCC_GetPCLK1Freq
                0x08003538       0x28 ./Drivers/STM32F4xx_HAL_Driver/Src/stm32f4xx_hal_rcc.o
                0x08003538                HAL_RCC_GetPCLK1Freq
 .text.HAL_RCC_GetPCLK2Freq
                0x08003560       0x28 ./Drivers/STM32F4xx_HAL_Driver/Src/stm32f4xx_hal_rcc.o
                0x08003560                HAL_RCC_GetPCLK2Freq
 .text.HAL_RCC_OscConfig
                0x08003588      0x508 ./Drivers/STM32F4xx_HAL_Driver/Src/stm32f4xx_hal_rcc_ex.o
                0x08003588                HAL_RCC_OscConfig
 .text.HAL_UART_Init
                0x08003a90       0xa0 ./Drivers/STM32F4xx_HAL_Driver/Src/stm32f4xx_hal_uart.o
                0x08003a90                HAL_UART_Init
 .text.HAL_UART_Transmit
                0x08003b30      0x116 ./Drivers/STM32F4xx_HAL_Driver/Src/stm32f4xx_hal_uart.o
                0x08003b30                HAL_UART_Transmit
 .text.HAL_UART_Receive
                0x08003c46      0x12e ./Drivers/STM32F4xx_HAL_Driver/Src/stm32f4xx_hal_uart.o
                0x08003c46                HAL_UART_Receive
 .text.HAL_UART_IRQHandler
                0x08003d74      0x524 ./Drivers/STM32F4xx_HAL_Driver/Src/stm32f4xx_hal_uart.o
                0x08003d74                HAL_UART_IRQHandler
 .text.HAL_UART_RxCpltCallback
                0x08004298       0x14 ./Drivers/STM32F4xx_HAL_Driver/Src/stm32f4xx_hal_uart.o
                0x08004298                HAL_UART_RxCpltCallback
 .text.HAL_UART_ErrorCallback
                0x080042ac       0x14 ./Drivers/STM32F4xx_HAL_Driver/Src/stm32f4xx_hal_uart.o
                0x080042ac                HAL_UART_ErrorCallback
 .text.HAL_UARTEx_RxEventCallback
                0x080042c0       0x18 ./Drivers/STM32F4xx_HAL_Driver/Src/stm32f4xx_hal_uart.o
                0x080042c0                HAL_UARTEx_RxEventCallback
 .text.UART_WaitOnFlagUntilTimeout
                0x080042d8       0xb2 ./Drivers/STM32F4xx_HAL_Driver/Src/stm32f4xx_hal_uart.o
 .text.UART_EndRxTransfer
                0x0800438a       0xc6 ./Drivers/STM32F4xx_HAL_Driver/Src/stm32f4xx_hal_uart.o
 .text.UART_DMAAbortOnError
                0x08004450       0x28 ./Drivers/STM32F4xx_HAL_Driver/Src/stm32f4xx_hal_uart.o
 .text.UART_Transmit_IT
                0x08004478       0xa0 ./Drivers/STM32F4xx_HAL_Driver/Src/stm32f4xx_hal_uart.o
 .text.UART_EndTransmit_IT
                0x08004518       0x30 ./Drivers/STM32F4xx_HAL_Driver/Src/stm32f4xx_hal_uart.o
 .text.UART_Receive_IT
                0x08004548      0x17c ./Drivers/STM32F4xx_HAL_Driver/Src/stm32f4xx_hal_uart.o
 .text.UART_SetConfig
                0x080046c4      0x508 ./Drivers/STM32F4xx_HAL_Driver/Src/stm32f4xx_hal_uart.o
 .text.sprintf  0x08004bcc       0x40 C:/ST/STM32CubeIDE_1.15.1/STM32CubeIDE/plugins/com.st.stm32cube.ide.mcu.externaltools.gnu-tools-for-stm32.12.3.rel1.win32_1.1.0.202410251130/tools/bin/../lib/gcc/arm-none-eabi/12.3.1/../../../../arm-none-eabi/lib/thumb/v7e-m+fp/hard\libc_nano.a(libc_a-sprintf.o)
                0x08004bcc                siprintf
                0x08004bcc                sprintf
 .text.memset   0x08004c0c       0x10 C:/ST/STM32CubeIDE_1.15.1/STM32CubeIDE/plugins/com.st.stm32cube.ide.mcu.externaltools.gnu-tools-for-stm32.12.3.rel1.win32_1.1.0.202410251130/tools/bin/../lib/gcc/arm-none-eabi/12.3.1/../../../../arm-none-eabi/lib/thumb/v7e-m+fp/hard\libc_nano.a(libc_a-memset.o)
                0x08004c0c                memset
 .text.__errno  0x08004c1c        0xc C:/ST/STM32CubeIDE_1.15.1/STM32CubeIDE/plugins/com.st.stm32cube.ide.mcu.externaltools.gnu-tools-for-stm32.12.3.rel1.win32_1.1.0.202410251130/tools/bin/../lib/gcc/arm-none-eabi/12.3.1/../../../../arm-none-eabi/lib/thumb/v7e-m+fp/hard\libc_nano.a(libc_a-errno.o)
                0x08004c1c                __errno
 .text.__libc_init_array
                0x08004c28       0x48 C:/ST/STM32CubeIDE_1.15.1/STM32CubeIDE/plugins/com.st.stm32cube.ide.mcu.externaltools.gnu-tools-for-stm32.12.3.rel1.win32_1.1.0.202410251130/tools/bin/../lib/gcc/arm-none-eabi/12.3.1/../../../../arm-none-eabi/lib/thumb/v7e-m+fp/hard\libc_nano.a(libc_a-init.o)
                0x08004c28                __libc_init_array
 .text.__retarget_lock_acquire_recursive
                0x08004c70        0x2 C:/ST/STM32CubeIDE_1.15.1/STM32CubeIDE/plugins/com.st.stm32cube.ide.mcu.externaltools.gnu-tools-for-stm32.12.3.rel1.win32_1.1.0.202410251130/tools/bin/../lib/gcc/arm-none-eabi/12.3.1/../../../../arm-none-eabi/lib/thumb/v7e-m+fp/hard\libc_nano.a(libc_a-lock.o)
                0x08004c70                __retarget_lock_acquire_recursive
 .text.__retarget_lock_release_recursive
                0x08004c72        0x2 C:/ST/STM32CubeIDE_1.15.1/STM32CubeIDE/plugins/com.st.stm32cube.ide.mcu.externaltools.gnu-tools-for-stm32.12.3.rel1.win32_1.1.0.202410251130/tools/bin/../lib/gcc/arm-none-eabi/12.3.1/../../../../arm-none-eabi/lib/thumb/v7e-m+fp/hard\libc_nano.a(libc_a-lock.o)
                0x08004c72                __retarget_lock_release_recursive
 .text.strcpy   0x08004c74       0x10 C:/ST/STM32CubeIDE_1.15.1/STM32CubeIDE/plugins/com.st.stm32cube.ide.mcu.externaltools.gnu-tools-for-stm32.12.3.rel1.win32_1.1.0.202410251130/tools/bin/../lib/gcc/arm-none-eabi/12.3.1/../../../../arm-none-eabi/lib/thumb/v7e-m+fp/hard\libc_nano.a(libc_a-strcpy.o)
                0x08004c74                strcpy
 .text._free_r  0x08004c84       0x94 C:/ST/STM32CubeIDE_1.15.1/STM32CubeIDE/plugins/com.st.stm32cube.ide.mcu.externaltools.gnu-tools-for-stm32.12.3.rel1.win32_1.1.0.202410251130/tools/bin/../lib/gcc/arm-none-eabi/12.3.1/../../../../arm-none-eabi/lib/thumb/v7e-m+fp/hard\libc_nano.a(libc_a-freer.o)
                0x08004c84                _free_r
 .text.sbrk_aligned
                0x08004d18       0x44 C:/ST/STM32CubeIDE_1.15.1/STM32CubeIDE/plugins/com.st.stm32cube.ide.mcu.externaltools.gnu-tools-for-stm32.12.3.rel1.win32_1.1.0.202410251130/tools/bin/../lib/gcc/arm-none-eabi/12.3.1/../../../../arm-none-eabi/lib/thumb/v7e-m+fp/hard\libc_nano.a(libc_a-mallocr.o)
 .text._malloc_r
                0x08004d5c      0x100 C:/ST/STM32CubeIDE_1.15.1/STM32CubeIDE/plugins/com.st.stm32cube.ide.mcu.externaltools.gnu-tools-for-stm32.12.3.rel1.win32_1.1.0.202410251130/tools/bin/../lib/gcc/arm-none-eabi/12.3.1/../../../../arm-none-eabi/lib/thumb/v7e-m+fp/hard\libc_nano.a(libc_a-mallocr.o)
                0x08004d5c                _malloc_r
 .text.__malloc_lock
                0x08004e5c        0xc C:/ST/STM32CubeIDE_1.15.1/STM32CubeIDE/plugins/com.st.stm32cube.ide.mcu.externaltools.gnu-tools-for-stm32.12.3.rel1.win32_1.1.0.202410251130/tools/bin/../lib/gcc/arm-none-eabi/12.3.1/../../../../arm-none-eabi/lib/thumb/v7e-m+fp/hard\libc_nano.a(libc_a-mlock.o)
                0x08004e5c                __malloc_lock
 .text.__malloc_unlock
                0x08004e68        0xc C:/ST/STM32CubeIDE_1.15.1/STM32CubeIDE/plugins/com.st.stm32cube.ide.mcu.externaltools.gnu-tools-for-stm32.12.3.rel1.win32_1.1.0.202410251130/tools/bin/../lib/gcc/arm-none-eabi/12.3.1/../../../../arm-none-eabi/lib/thumb/v7e-m+fp/hard\libc_nano.a(libc_a-mlock.o)
                0x08004e68                __malloc_unlock
 .text.__ssputs_r
                0x08004e74       0xb6 C:/ST/STM32CubeIDE_1.15.1/STM32CubeIDE/plugins/com.st.stm32cube.ide.mcu.externaltools.gnu-tools-for-stm32.12.3.rel1.win32_1.1.0.202410251130/tools/bin/../lib/gcc/arm-none-eabi/12.3.1/../../../../arm-none-eabi/lib/thumb/v7e-m+fp/hard\libc_nano.a(libc_a-nano-svfprintf.o)
                0x08004e74                __ssputs_r
 *fill*         0x08004f2a        0x2 
 .text._svfprintf_r
                0x08004f2c      0x1f8 C:/ST/STM32CubeIDE_1.15.1/STM32CubeIDE/plugins/com.st.stm32cube.ide.mcu.externaltools.gnu-tools-for-stm32.12.3.rel1.win32_1.1.0.202410251130/tools/bin/../lib/gcc/arm-none-eabi/12.3.1/../../../../arm-none-eabi/lib/thumb/v7e-m+fp/hard\libc_nano.a(libc_a-nano-svfprintf.o)
                0x08004f2c                _svfiprintf_r
                0x08004f2c                _svfprintf_r
 .text._printf_common
                0x08005124       0xda C:/ST/STM32CubeIDE_1.15.1/STM32CubeIDE/plugins/com.st.stm32cube.ide.mcu.externaltools.gnu-tools-for-stm32.12.3.rel1.win32_1.1.0.202410251130/tools/bin/../lib/gcc/arm-none-eabi/12.3.1/../../../../arm-none-eabi/lib/thumb/v7e-m+fp/hard\libc_nano.a(libc_a-nano-vfprintf_i.o)
                0x08005124                _printf_common
 *fill*         0x080051fe        0x2 
 .text._printf_i
                0x08005200      0x240 C:/ST/STM32CubeIDE_1.15.1/STM32CubeIDE/plugins/com.st.stm32cube.ide.mcu.externaltools.gnu-tools-for-stm32.12.3.rel1.win32_1.1.0.202410251130/tools/bin/../lib/gcc/arm-none-eabi/12.3.1/../../../../arm-none-eabi/lib/thumb/v7e-m+fp/hard\libc_nano.a(libc_a-nano-vfprintf_i.o)
                0x08005200                _printf_i
 .text.memmove  0x08005440       0x34 C:/ST/STM32CubeIDE_1.15.1/STM32CubeIDE/plugins/com.st.stm32cube.ide.mcu.externaltools.gnu-tools-for-stm32.12.3.rel1.win32_1.1.0.202410251130/tools/bin/../lib/gcc/arm-none-eabi/12.3.1/../../../../arm-none-eabi/lib/thumb/v7e-m+fp/hard\libc_nano.a(libc_a-memmove.o)
                0x08005440                memmove
 .text._sbrk_r  0x08005474       0x20 C:/ST/STM32CubeIDE_1.15.1/STM32CubeIDE/plugins/com.st.stm32cube.ide.mcu.externaltools.gnu-tools-for-stm32.12.3.rel1.win32_1.1.0.202410251130/tools/bin/../lib/gcc/arm-none-eabi/12.3.1/../../../../arm-none-eabi/lib/thumb/v7e-m+fp/hard\libc_nano.a(libc_a-sbrkr.o)
                0x08005474                _sbrk_r
 .text.memcpy   0x08005494       0x1c C:/ST/STM32CubeIDE_1.15.1/STM32CubeIDE/plugins/com.st.stm32cube.ide.mcu.externaltools.gnu-tools-for-stm32.12.3.rel1.win32_1.1.0.202410251130/tools/bin/../lib/gcc/arm-none-eabi/12.3.1/../../../../arm-none-eabi/lib/thumb/v7e-m+fp/hard\libc_nano.a(libc_a-memcpy-stub.o)
                0x08005494                memcpy
 .text._realloc_r
                0x080054b0       0x5c C:/ST/STM32CubeIDE_1.15.1/STM32CubeIDE/plugins/com.st.stm32cube.ide.mcu.externaltools.gnu-tools-for-stm32.12.3.rel1.win32_1.1.0.202410251130/tools/bin/../lib/gcc/arm-none-eabi/12.3.1/../../../../arm-none-eabi/lib/thumb/v7e-m+fp/hard\libc_nano.a(libc_a-reallocr.o)
                0x080054b0                _realloc_r
 .text._malloc_usable_size_r
                0x0800550c       0x10 C:/ST/STM32CubeIDE_1.15.1/STM32CubeIDE/plugins/com.st.stm32cube.ide.mcu.externaltools.gnu-tools-for-stm32.12.3.rel1.win32_1.1.0.202410251130/tools/bin/../lib/gcc/arm-none-eabi/12.3.1/../../../../arm-none-eabi/lib/thumb/v7e-m+fp/hard\libc_nano.a(libc_a-msizer.o)
                0x0800550c                _malloc_usable_size_r
 *(.glue_7)
 .glue_7        0x0800551c        0x0 linker stubs
 *(.glue_7t)
 .glue_7t       0x0800551c        0x0 linker stubs
 *(.eh_frame)
 .eh_frame      0x0800551c        0x0 C:/ST/STM32CubeIDE_1.15.1/STM32CubeIDE/plugins/com.st.stm32cube.ide.mcu.externaltools.gnu-tools-for-stm32.12.3.rel1.win32_1.1.0.202410251130/tools/bin/../lib/gcc/arm-none-eabi/12.3.1/thumb/v7e-m+fp/hard/crtbegin.o
 *(.init)
 .init          0x0800551c        0x4 C:/ST/STM32CubeIDE_1.15.1/STM32CubeIDE/plugins/com.st.stm32cube.ide.mcu.externaltools.gnu-tools-for-stm32.12.3.rel1.win32_1.1.0.202410251130/tools/bin/../lib/gcc/arm-none-eabi/12.3.1/thumb/v7e-m+fp/hard/crti.o
                0x0800551c                _init
 .init          0x08005520        0x8 C:/ST/STM32CubeIDE_1.15.1/STM32CubeIDE/plugins/com.st.stm32cube.ide.mcu.externaltools.gnu-tools-for-stm32.12.3.rel1.win32_1.1.0.202410251130/tools/bin/../lib/gcc/arm-none-eabi/12.3.1/thumb/v7e-m+fp/hard/crtn.o
 *(.fini)
 .fini          0x08005528        0x4 C:/ST/STM32CubeIDE_1.15.1/STM32CubeIDE/plugins/com.st.stm32cube.ide.mcu.externaltools.gnu-tools-for-stm32.12.3.rel1.win32_1.1.0.202410251130/tools/bin/../lib/gcc/arm-none-eabi/12.3.1/thumb/v7e-m+fp/hard/crti.o
                0x08005528                _fini
 .fini          0x0800552c        0x8 C:/ST/STM32CubeIDE_1.15.1/STM32CubeIDE/plugins/com.st.stm32cube.ide.mcu.externaltools.gnu-tools-for-stm32.12.3.rel1.win32_1.1.0.202410251130/tools/bin/../lib/gcc/arm-none-eabi/12.3.1/thumb/v7e-m+fp/hard/crtn.o
                0x08005534                        . = ALIGN (0x4)
                0x08005534                        _etext = .

.vfp11_veneer   0x08005534        0x0
 .vfp11_veneer  0x08005534        0x0 linker stubs

.v4_bx          0x08005534        0x0
 .v4_bx         0x08005534        0x0 linker stubs

.iplt           0x08005534        0x0
 .iplt          0x08005534        0x0 C:/ST/STM32CubeIDE_1.15.1/STM32CubeIDE/plugins/com.st.stm32cube.ide.mcu.externaltools.gnu-tools-for-stm32.12.3.rel1.win32_1.1.0.202410251130/tools/bin/../lib/gcc/arm-none-eabi/12.3.1/thumb/v7e-m+fp/hard/crtbegin.o

.rodata         0x08005534      0x2bc
                0x08005534                        . = ALIGN (0x4)
 *(.rodata)
 .rodata        0x08005534      0x24e ./Core/Src/main.o
 *fill*         0x08005782        0x2 
 .rodata        0x08005784       0x20 ./Drivers/API/Src/API_BT.o
 *(.rodata*)
 .rodata.AHBPrescTable
                0x080057a4       0x10 ./Core/Src/system_stm32f4xx.o
                0x080057a4                AHBPrescTable
 .rodata.APBPrescTable
                0x080057b4        0x8 ./Core/Src/system_stm32f4xx.o
                0x080057b4                APBPrescTable
 .rodata._svfprintf_r.str1.1
                0x080057bc       0x11 C:/ST/STM32CubeIDE_1.15.1/STM32CubeIDE/plugins/com.st.stm32cube.ide.mcu.externaltools.gnu-tools-for-stm32.12.3.rel1.win32_1.1.0.202410251130/tools/bin/../lib/gcc/arm-none-eabi/12.3.1/../../../../arm-none-eabi/lib/thumb/v7e-m+fp/hard\libc_nano.a(libc_a-nano-svfprintf.o)
 .rodata._printf_i.str1.1
                0x080057cd       0x22 C:/ST/STM32CubeIDE_1.15.1/STM32CubeIDE/plugins/com.st.stm32cube.ide.mcu.externaltools.gnu-tools-for-stm32.12.3.rel1.win32_1.1.0.202410251130/tools/bin/../lib/gcc/arm-none-eabi/12.3.1/../../../../arm-none-eabi/lib/thumb/v7e-m+fp/hard\libc_nano.a(libc_a-nano-vfprintf_i.o)
                0x080057f0                        . = ALIGN (0x4)
 *fill*         0x080057ef        0x1 

.ARM.extab      0x080057f0        0x0
                0x080057f0                        . = ALIGN (0x4)
 *(.ARM.extab* .gnu.linkonce.armextab.*)
                0x080057f0                        . = ALIGN (0x4)

.ARM            0x080057f0        0x8
                0x080057f0                        . = ALIGN (0x4)
                0x080057f0                        __exidx_start = .
 *(.ARM.exidx*)
 .ARM.exidx     0x080057f0        0x8 C:/ST/STM32CubeIDE_1.15.1/STM32CubeIDE/plugins/com.st.stm32cube.ide.mcu.externaltools.gnu-tools-for-stm32.12.3.rel1.win32_1.1.0.202410251130/tools/bin/../lib/gcc/arm-none-eabi/12.3.1/../../../../arm-none-eabi/lib/thumb/v7e-m+fp/hard\libc_nano.a(libc_a-strcmp.o)
 .ARM.exidx     0x080057f8        0x0 C:/ST/STM32CubeIDE_1.15.1/STM32CubeIDE/plugins/com.st.stm32cube.ide.mcu.externaltools.gnu-tools-for-stm32.12.3.rel1.win32_1.1.0.202410251130/tools/bin/../lib/gcc/arm-none-eabi/12.3.1/../../../../arm-none-eabi/lib/thumb/v7e-m+fp/hard\libc_nano.a(libc_a-strlen.o)
                                  0x8 (size before relaxing)
 .ARM.exidx     0x080057f8        0x0 C:/ST/STM32CubeIDE_1.15.1/STM32CubeIDE/plugins/com.st.stm32cube.ide.mcu.externaltools.gnu-tools-for-stm32.12.3.rel1.win32_1.1.0.202410251130/tools/bin/../lib/gcc/arm-none-eabi/12.3.1/../../../../arm-none-eabi/lib/thumb/v7e-m+fp/hard\libc_nano.a(libc_a-memchr.o)
                                  0x8 (size before relaxing)
 .ARM.exidx     0x080057f8        0x0 C:/ST/STM32CubeIDE_1.15.1/STM32CubeIDE/plugins/com.st.stm32cube.ide.mcu.externaltools.gnu-tools-for-stm32.12.3.rel1.win32_1.1.0.202410251130/tools/bin/../lib/gcc/arm-none-eabi/12.3.1/thumb/v7e-m+fp/hard\libgcc.a(_udivmoddi4.o)
                                  0x8 (size before relaxing)
                0x080057f8                        __exidx_end = .
                0x080057f8                        . = ALIGN (0x4)

.preinit_array  0x080057f8        0x0
                0x080057f8                        . = ALIGN (0x4)
                0x080057f8                        PROVIDE (__preinit_array_start = .)
 *(.preinit_array*)
                0x080057f8                        PROVIDE (__preinit_array_end = .)
                0x080057f8                        . = ALIGN (0x4)

.init_array     0x080057f8        0x4
                0x080057f8                        . = ALIGN (0x4)
                0x080057f8                        PROVIDE (__init_array_start = .)
 *(SORT_BY_NAME(.init_array.*))
 *(.init_array*)
 .init_array    0x080057f8        0x4 C:/ST/STM32CubeIDE_1.15.1/STM32CubeIDE/plugins/com.st.stm32cube.ide.mcu.externaltools.gnu-tools-for-stm32.12.3.rel1.win32_1.1.0.202410251130/tools/bin/../lib/gcc/arm-none-eabi/12.3.1/thumb/v7e-m+fp/hard/crtbegin.o
                0x080057fc                        PROVIDE (__init_array_end = .)
                0x080057fc                        . = ALIGN (0x4)

.fini_array     0x080057fc        0x4
                0x080057fc                        . = ALIGN (0x4)
                [!provide]                        PROVIDE (__fini_array_start = .)
 *(SORT_BY_NAME(.fini_array.*))
 *(.fini_array*)
 .fini_array    0x080057fc        0x4 C:/ST/STM32CubeIDE_1.15.1/STM32CubeIDE/plugins/com.st.stm32cube.ide.mcu.externaltools.gnu-tools-for-stm32.12.3.rel1.win32_1.1.0.202410251130/tools/bin/../lib/gcc/arm-none-eabi/12.3.1/thumb/v7e-m+fp/hard/crtbegin.o
                [!provide]                        PROVIDE (__fini_array_end = .)
                0x08005800                        . = ALIGN (0x4)
                0x08005800                        _sidata = LOADADDR (.data)

.rel.dyn        0x08005800        0x0
 .rel.iplt      0x08005800        0x0 C:/ST/STM32CubeIDE_1.15.1/STM32CubeIDE/plugins/com.st.stm32cube.ide.mcu.externaltools.gnu-tools-for-stm32.12.3.rel1.win32_1.1.0.202410251130/tools/bin/../lib/gcc/arm-none-eabi/12.3.1/thumb/v7e-m+fp/hard/crtbegin.o

.data           0x20000000       0x84 load address 0x08005800
                0x20000000                        . = ALIGN (0x4)
                0x20000000                        _sdata = .
 *(.data)
 *(.data*)
 .data.currentPassword
                0x20000000        0x5 ./Core/Src/main.o
                0x20000000                currentPassword
 *fill*         0x20000005        0x3 
 .data.SystemCoreClock
                0x20000008        0x4 ./Core/Src/system_stm32f4xx.o
                0x20000008                SystemCoreClock
 .data.lcd_backlight
                0x2000000c        0x1 ./Drivers/API/Src/API_LCD.o
 *fill*         0x2000000d        0x3 
 .data.keymap   0x20000010        0xc ./Drivers/API/Src/API_Teclado4x3.o
 .data.row_pins
                0x2000001c        0x8 ./Drivers/API/Src/API_Teclado4x3.o
 .data.col_pins
                0x20000024        0x6 ./Drivers/API/Src/API_Teclado4x3.o
 *fill*         0x2000002a        0x2 
 .data.uwTickPrio
                0x2000002c        0x4 ./Drivers/STM32F4xx_HAL_Driver/Src/stm32f4xx_hal.o
                0x2000002c                uwTickPrio
 .data.uwTickFreq
                0x20000030        0x1 ./Drivers/STM32F4xx_HAL_Driver/Src/stm32f4xx_hal.o
                0x20000030                uwTickFreq
 *fill*         0x20000031        0x3 
 .data._impure_ptr
                0x20000034        0x4 C:/ST/STM32CubeIDE_1.15.1/STM32CubeIDE/plugins/com.st.stm32cube.ide.mcu.externaltools.gnu-tools-for-stm32.12.3.rel1.win32_1.1.0.202410251130/tools/bin/../lib/gcc/arm-none-eabi/12.3.1/../../../../arm-none-eabi/lib/thumb/v7e-m+fp/hard\libc_nano.a(libc_a-impure.o)
                0x20000034                _impure_ptr
 .data._impure_data
                0x20000038       0x4c C:/ST/STM32CubeIDE_1.15.1/STM32CubeIDE/plugins/com.st.stm32cube.ide.mcu.externaltools.gnu-tools-for-stm32.12.3.rel1.win32_1.1.0.202410251130/tools/bin/../lib/gcc/arm-none-eabi/12.3.1/../../../../arm-none-eabi/lib/thumb/v7e-m+fp/hard\libc_nano.a(libc_a-impure.o)
                0x20000038                _impure_data
 *(.RamFunc)
 *(.RamFunc*)
                0x20000084                        . = ALIGN (0x4)
                0x20000084                        _edata = .

.igot.plt       0x20000084        0x0 load address 0x08005884
 .igot.plt      0x20000084        0x0 C:/ST/STM32CubeIDE_1.15.1/STM32CubeIDE/plugins/com.st.stm32cube.ide.mcu.externaltools.gnu-tools-for-stm32.12.3.rel1.win32_1.1.0.202410251130/tools/bin/../lib/gcc/arm-none-eabi/12.3.1/thumb/v7e-m+fp/hard/crtbegin.o
                0x20000084                        . = ALIGN (0x4)

.bss            0x20000084      0x294 load address 0x08005884
                0x20000084                        _sbss = .
                0x20000084                        __bss_start__ = _sbss
 *(.bss)
 .bss           0x20000084       0x1c C:/ST/STM32CubeIDE_1.15.1/STM32CubeIDE/plugins/com.st.stm32cube.ide.mcu.externaltools.gnu-tools-for-stm32.12.3.rel1.win32_1.1.0.202410251130/tools/bin/../lib/gcc/arm-none-eabi/12.3.1/thumb/v7e-m+fp/hard/crtbegin.o
 *(.bss*)
 .bss.newPassword
                0x200000a0        0x5 ./Core/Src/main.o
                0x200000a0                newPassword
 .bss.currentState
                0x200000a5        0x1 ./Core/Src/main.o
                0x200000a5                currentState
 .bss.includeMotionSensor
                0x200000a6        0x1 ./Core/Src/main.o
                0x200000a6                includeMotionSensor
 *fill*         0x200000a7        0x1 
 .bss.inputBuffer
                0x200000a8        0x5 ./Core/Src/main.o
                0x200000a8                inputBuffer
 .bss.inputIndex
                0x200000ad        0x1 ./Core/Src/main.o
                0x200000ad                inputIndex
 .bss.alarmActivated
                0x200000ae        0x1 ./Core/Src/main.o
                0x200000ae                alarmActivated
 *fill*         0x200000af        0x1 
 .bss.DelayGRAL_1
                0x200000b0        0xc ./Core/Src/main.o
                0x200000b0                DelayGRAL_1
 .bss.DelayGRAL_2
                0x200000bc        0xc ./Core/Src/main.o
                0x200000bc                DelayGRAL_2
 .bss.LCD_Muestro
                0x200000c8        0xc ./Core/Src/main.o
                0x200000c8                LCD_Muestro
 .bss.countdownStarted.3
                0x200000d4        0x1 ./Core/Src/main.o
 *fill*         0x200000d5        0x3 
 .bss.countdownDelay.2
                0x200000d8        0xc ./Core/Src/main.o
 .bss.countdownStarted.1
                0x200000e4        0x1 ./Core/Src/main.o
 *fill*         0x200000e5        0x3 
 .bss.countdownDelay.0
                0x200000e8        0xc ./Core/Src/main.o
 .bss.__sbrk_heap_end
                0x200000f4        0x4 ./Core/Src/sysmem.o
 .bss.huart2    0x200000f8       0x48 ./Drivers/API/Src/API_BT.o
                0x200000f8                huart2
 .bss.actualState
                0x20000140        0x1 ./Drivers/API/Src/API_Debounce.o
 .bss.keyPressed
                0x20000141        0x1 ./Drivers/API/Src/API_Debounce.o
 .bss.flanco_descendente
                0x20000142        0x1 ./Drivers/API/Src/API_Debounce.o
 .bss.buttonRead
                0x20000143        0x1 ./Drivers/API/Src/API_Debounce.o
                0x20000143                buttonRead
 .bss.debounceDelay
                0x20000144        0xc ./Drivers/API/Src/API_Debounce.o
                0x20000144                debounceDelay
 .bss.hi2c2     0x20000150       0x54 ./Drivers/API/Src/API_LCD.o
                0x20000150                hi2c2
 .bss.lcd_control
                0x200001a4        0x1 ./Drivers/API/Src/API_LCD.o
 *fill*         0x200001a5        0x3 
 .bss.key_buffer
                0x200001a8       0x10 ./Drivers/API/Src/API_Teclado4x3.o
 .bss.buffer_head
                0x200001b8        0x4 ./Drivers/API/Src/API_Teclado4x3.o
 .bss.buffer_tail
                0x200001bc        0x4 ./Drivers/API/Src/API_Teclado4x3.o
 .bss.debounce_delay
                0x200001c0        0xc ./Drivers/API/Src/API_Teclado4x3.o
                0x200001c0                debounce_delay
 .bss.uwTick    0x200001cc        0x4 ./Drivers/STM32F4xx_HAL_Driver/Src/stm32f4xx_hal.o
                0x200001cc                uwTick
 .bss.__sf      0x200001d0      0x138 C:/ST/STM32CubeIDE_1.15.1/STM32CubeIDE/plugins/com.st.stm32cube.ide.mcu.externaltools.gnu-tools-for-stm32.12.3.rel1.win32_1.1.0.202410251130/tools/bin/../lib/gcc/arm-none-eabi/12.3.1/../../../../arm-none-eabi/lib/thumb/v7e-m+fp/hard\libc_nano.a(libc_a-findfp.o)
                0x200001d0                __sf
 .bss.errno     0x20000308        0x4 C:/ST/STM32CubeIDE_1.15.1/STM32CubeIDE/plugins/com.st.stm32cube.ide.mcu.externaltools.gnu-tools-for-stm32.12.3.rel1.win32_1.1.0.202410251130/tools/bin/../lib/gcc/arm-none-eabi/12.3.1/../../../../arm-none-eabi/lib/thumb/v7e-m+fp/hard\libc_nano.a(libc_a-reent.o)
                0x20000308                errno
 .bss.__lock___malloc_recursive_mutex
                0x2000030c        0x1 C:/ST/STM32CubeIDE_1.15.1/STM32CubeIDE/plugins/com.st.stm32cube.ide.mcu.externaltools.gnu-tools-for-stm32.12.3.rel1.win32_1.1.0.202410251130/tools/bin/../lib/gcc/arm-none-eabi/12.3.1/../../../../arm-none-eabi/lib/thumb/v7e-m+fp/hard\libc_nano.a(libc_a-lock.o)
                0x2000030c                __lock___malloc_recursive_mutex
 *fill*         0x2000030d        0x3 
 .bss.__malloc_sbrk_start
                0x20000310        0x4 C:/ST/STM32CubeIDE_1.15.1/STM32CubeIDE/plugins/com.st.stm32cube.ide.mcu.externaltools.gnu-tools-for-stm32.12.3.rel1.win32_1.1.0.202410251130/tools/bin/../lib/gcc/arm-none-eabi/12.3.1/../../../../arm-none-eabi/lib/thumb/v7e-m+fp/hard\libc_nano.a(libc_a-mallocr.o)
                0x20000310                __malloc_sbrk_start
 .bss.__malloc_free_list
                0x20000314        0x4 C:/ST/STM32CubeIDE_1.15.1/STM32CubeIDE/plugins/com.st.stm32cube.ide.mcu.externaltools.gnu-tools-for-stm32.12.3.rel1.win32_1.1.0.202410251130/tools/bin/../lib/gcc/arm-none-eabi/12.3.1/../../../../arm-none-eabi/lib/thumb/v7e-m+fp/hard\libc_nano.a(libc_a-mallocr.o)
                0x20000314                __malloc_free_list
 *(COMMON)
                0x20000318                        . = ALIGN (0x4)
                0x20000318                        _ebss = .
                0x20000318                        __bss_end__ = _ebss

._user_heap_stack
                0x20000318      0x600 load address 0x08005884
                0x20000318                        . = ALIGN (0x8)
                [!provide]                        PROVIDE (end = .)
                0x20000318                        PROVIDE (_end = .)
                0x20000518                        . = (. + _Min_Heap_Size)
 *fill*         0x20000318      0x200 
                0x20000918                        . = (. + _Min_Stack_Size)
 *fill*         0x20000518      0x400 
                0x20000918                        . = ALIGN (0x8)

/DISCARD/
 libc.a(*)
 libm.a(*)
 libgcc.a(*)

.ARM.attributes
                0x00000000       0x30
 *(.ARM.attributes)
 .ARM.attributes
                0x00000000       0x22 C:/ST/STM32CubeIDE_1.15.1/STM32CubeIDE/plugins/com.st.stm32cube.ide.mcu.externaltools.gnu-tools-for-stm32.12.3.rel1.win32_1.1.0.202410251130/tools/bin/../lib/gcc/arm-none-eabi/12.3.1/thumb/v7e-m+fp/hard/crti.o
 .ARM.attributes
                0x00000022       0x34 C:/ST/STM32CubeIDE_1.15.1/STM32CubeIDE/plugins/com.st.stm32cube.ide.mcu.externaltools.gnu-tools-for-stm32.12.3.rel1.win32_1.1.0.202410251130/tools/bin/../lib/gcc/arm-none-eabi/12.3.1/thumb/v7e-m+fp/hard/crtbegin.o
 .ARM.attributes
                0x00000056       0x34 ./Core/Src/main.o
 .ARM.attributes
                0x0000008a       0x34 ./Core/Src/stm32f4xx_hal_msp.o
 .ARM.attributes
                0x000000be       0x34 ./Core/Src/stm32f4xx_it.o
 .ARM.attributes
                0x000000f2       0x34 ./Core/Src/sysmem.o
 .ARM.attributes
                0x00000126       0x34 ./Core/Src/system_stm32f4xx.o
 .ARM.attributes
                0x0000015a       0x21 ./Core/Startup/startup_stm32f413zhtx.o
 .ARM.attributes
                0x0000017b       0x34 ./Drivers/API/Src/API_BT.o
 .ARM.attributes
                0x000001af       0x34 ./Drivers/API/Src/API_Debounce.o
 .ARM.attributes
                0x000001e3       0x34 ./Drivers/API/Src/API_Delay.o
 .ARM.attributes
                0x00000217       0x34 ./Drivers/API/Src/API_GPIO.o
 .ARM.attributes
                0x0000024b       0x34 ./Drivers/API/Src/API_LCD.o
 .ARM.attributes
                0x0000027f       0x34 ./Drivers/API/Src/API_Teclado4x3.o
 .ARM.attributes
                0x000002b3       0x34 ./Drivers/STM32F4xx_HAL_Driver/Src/stm32f4xx_hal.o
 .ARM.attributes
                0x000002e7       0x34 ./Drivers/STM32F4xx_HAL_Driver/Src/stm32f4xx_hal_cortex.o
 .ARM.attributes
                0x0000031b       0x34 ./Drivers/STM32F4xx_HAL_Driver/Src/stm32f4xx_hal_dma.o
 .ARM.attributes
                0x0000034f       0x34 ./Drivers/STM32F4xx_HAL_Driver/Src/stm32f4xx_hal_gpio.o
 .ARM.attributes
                0x00000383       0x34 ./Drivers/STM32F4xx_HAL_Driver/Src/stm32f4xx_hal_i2c.o
 .ARM.attributes
                0x000003b7       0x34 ./Drivers/STM32F4xx_HAL_Driver/Src/stm32f4xx_hal_rcc.o
 .ARM.attributes
                0x000003eb       0x34 ./Drivers/STM32F4xx_HAL_Driver/Src/stm32f4xx_hal_rcc_ex.o
 .ARM.attributes
                0x0000041f       0x34 ./Drivers/STM32F4xx_HAL_Driver/Src/stm32f4xx_hal_uart.o
 .ARM.attributes
                0x00000453       0x34 C:/ST/STM32CubeIDE_1.15.1/STM32CubeIDE/plugins/com.st.stm32cube.ide.mcu.externaltools.gnu-tools-for-stm32.12.3.rel1.win32_1.1.0.202410251130/tools/bin/../lib/gcc/arm-none-eabi/12.3.1/../../../../arm-none-eabi/lib/thumb/v7e-m+fp/hard\libc_nano.a(libc_a-findfp.o)
 .ARM.attributes
                0x00000487       0x34 C:/ST/STM32CubeIDE_1.15.1/STM32CubeIDE/plugins/com.st.stm32cube.ide.mcu.externaltools.gnu-tools-for-stm32.12.3.rel1.win32_1.1.0.202410251130/tools/bin/../lib/gcc/arm-none-eabi/12.3.1/../../../../arm-none-eabi/lib/thumb/v7e-m+fp/hard\libc_nano.a(libc_a-sprintf.o)
 .ARM.attributes
                0x000004bb       0x34 C:/ST/STM32CubeIDE_1.15.1/STM32CubeIDE/plugins/com.st.stm32cube.ide.mcu.externaltools.gnu-tools-for-stm32.12.3.rel1.win32_1.1.0.202410251130/tools/bin/../lib/gcc/arm-none-eabi/12.3.1/../../../../arm-none-eabi/lib/thumb/v7e-m+fp/hard\libc_nano.a(libc_a-memset.o)
 .ARM.attributes
                0x000004ef       0x34 C:/ST/STM32CubeIDE_1.15.1/STM32CubeIDE/plugins/com.st.stm32cube.ide.mcu.externaltools.gnu-tools-for-stm32.12.3.rel1.win32_1.1.0.202410251130/tools/bin/../lib/gcc/arm-none-eabi/12.3.1/../../../../arm-none-eabi/lib/thumb/v7e-m+fp/hard\libc_nano.a(libc_a-reent.o)
 .ARM.attributes
                0x00000523       0x34 C:/ST/STM32CubeIDE_1.15.1/STM32CubeIDE/plugins/com.st.stm32cube.ide.mcu.externaltools.gnu-tools-for-stm32.12.3.rel1.win32_1.1.0.202410251130/tools/bin/../lib/gcc/arm-none-eabi/12.3.1/../../../../arm-none-eabi/lib/thumb/v7e-m+fp/hard\libc_nano.a(libc_a-impure.o)
 .ARM.attributes
                0x00000557       0x34 C:/ST/STM32CubeIDE_1.15.1/STM32CubeIDE/plugins/com.st.stm32cube.ide.mcu.externaltools.gnu-tools-for-stm32.12.3.rel1.win32_1.1.0.202410251130/tools/bin/../lib/gcc/arm-none-eabi/12.3.1/../../../../arm-none-eabi/lib/thumb/v7e-m+fp/hard\libc_nano.a(libc_a-errno.o)
 .ARM.attributes
                0x0000058b       0x34 C:/ST/STM32CubeIDE_1.15.1/STM32CubeIDE/plugins/com.st.stm32cube.ide.mcu.externaltools.gnu-tools-for-stm32.12.3.rel1.win32_1.1.0.202410251130/tools/bin/../lib/gcc/arm-none-eabi/12.3.1/../../../../arm-none-eabi/lib/thumb/v7e-m+fp/hard\libc_nano.a(libc_a-init.o)
 .ARM.attributes
                0x000005bf       0x34 C:/ST/STM32CubeIDE_1.15.1/STM32CubeIDE/plugins/com.st.stm32cube.ide.mcu.externaltools.gnu-tools-for-stm32.12.3.rel1.win32_1.1.0.202410251130/tools/bin/../lib/gcc/arm-none-eabi/12.3.1/../../../../arm-none-eabi/lib/thumb/v7e-m+fp/hard\libc_nano.a(libc_a-lock.o)
 .ARM.attributes
                0x000005f3       0x20 C:/ST/STM32CubeIDE_1.15.1/STM32CubeIDE/plugins/com.st.stm32cube.ide.mcu.externaltools.gnu-tools-for-stm32.12.3.rel1.win32_1.1.0.202410251130/tools/bin/../lib/gcc/arm-none-eabi/12.3.1/../../../../arm-none-eabi/lib/thumb/v7e-m+fp/hard\libc_nano.a(libc_a-strcmp.o)
 .ARM.attributes
                0x00000613       0x34 C:/ST/STM32CubeIDE_1.15.1/STM32CubeIDE/plugins/com.st.stm32cube.ide.mcu.externaltools.gnu-tools-for-stm32.12.3.rel1.win32_1.1.0.202410251130/tools/bin/../lib/gcc/arm-none-eabi/12.3.1/../../../../arm-none-eabi/lib/thumb/v7e-m+fp/hard\libc_nano.a(libc_a-strcpy.o)
 .ARM.attributes
                0x00000647       0x17 C:/ST/STM32CubeIDE_1.15.1/STM32CubeIDE/plugins/com.st.stm32cube.ide.mcu.externaltools.gnu-tools-for-stm32.12.3.rel1.win32_1.1.0.202410251130/tools/bin/../lib/gcc/arm-none-eabi/12.3.1/../../../../arm-none-eabi/lib/thumb/v7e-m+fp/hard\libc_nano.a(libc_a-strlen.o)
 .ARM.attributes
                0x0000065e       0x34 C:/ST/STM32CubeIDE_1.15.1/STM32CubeIDE/plugins/com.st.stm32cube.ide.mcu.externaltools.gnu-tools-for-stm32.12.3.rel1.win32_1.1.0.202410251130/tools/bin/../lib/gcc/arm-none-eabi/12.3.1/../../../../arm-none-eabi/lib/thumb/v7e-m+fp/hard\libc_nano.a(libc_a-freer.o)
 .ARM.attributes
                0x00000692       0x34 C:/ST/STM32CubeIDE_1.15.1/STM32CubeIDE/plugins/com.st.stm32cube.ide.mcu.externaltools.gnu-tools-for-stm32.12.3.rel1.win32_1.1.0.202410251130/tools/bin/../lib/gcc/arm-none-eabi/12.3.1/../../../../arm-none-eabi/lib/thumb/v7e-m+fp/hard\libc_nano.a(libc_a-mallocr.o)
 .ARM.attributes
                0x000006c6       0x34 C:/ST/STM32CubeIDE_1.15.1/STM32CubeIDE/plugins/com.st.stm32cube.ide.mcu.externaltools.gnu-tools-for-stm32.12.3.rel1.win32_1.1.0.202410251130/tools/bin/../lib/gcc/arm-none-eabi/12.3.1/../../../../arm-none-eabi/lib/thumb/v7e-m+fp/hard\libc_nano.a(libc_a-mlock.o)
 .ARM.attributes
                0x000006fa       0x34 C:/ST/STM32CubeIDE_1.15.1/STM32CubeIDE/plugins/com.st.stm32cube.ide.mcu.externaltools.gnu-tools-for-stm32.12.3.rel1.win32_1.1.0.202410251130/tools/bin/../lib/gcc/arm-none-eabi/12.3.1/../../../../arm-none-eabi/lib/thumb/v7e-m+fp/hard\libc_nano.a(libc_a-nano-svfprintf.o)
 .ARM.attributes
                0x0000072e       0x34 C:/ST/STM32CubeIDE_1.15.1/STM32CubeIDE/plugins/com.st.stm32cube.ide.mcu.externaltools.gnu-tools-for-stm32.12.3.rel1.win32_1.1.0.202410251130/tools/bin/../lib/gcc/arm-none-eabi/12.3.1/../../../../arm-none-eabi/lib/thumb/v7e-m+fp/hard\libc_nano.a(libc_a-nano-vfprintf_i.o)
 .ARM.attributes
                0x00000762       0x34 C:/ST/STM32CubeIDE_1.15.1/STM32CubeIDE/plugins/com.st.stm32cube.ide.mcu.externaltools.gnu-tools-for-stm32.12.3.rel1.win32_1.1.0.202410251130/tools/bin/../lib/gcc/arm-none-eabi/12.3.1/../../../../arm-none-eabi/lib/thumb/v7e-m+fp/hard\libc_nano.a(libc_a-memmove.o)
 .ARM.attributes
                0x00000796       0x34 C:/ST/STM32CubeIDE_1.15.1/STM32CubeIDE/plugins/com.st.stm32cube.ide.mcu.externaltools.gnu-tools-for-stm32.12.3.rel1.win32_1.1.0.202410251130/tools/bin/../lib/gcc/arm-none-eabi/12.3.1/../../../../arm-none-eabi/lib/thumb/v7e-m+fp/hard\libc_nano.a(libc_a-sbrkr.o)
 .ARM.attributes
                0x000007ca       0x1c C:/ST/STM32CubeIDE_1.15.1/STM32CubeIDE/plugins/com.st.stm32cube.ide.mcu.externaltools.gnu-tools-for-stm32.12.3.rel1.win32_1.1.0.202410251130/tools/bin/../lib/gcc/arm-none-eabi/12.3.1/../../../../arm-none-eabi/lib/thumb/v7e-m+fp/hard\libc_nano.a(libc_a-memchr.o)
 .ARM.attributes
                0x000007e6       0x34 C:/ST/STM32CubeIDE_1.15.1/STM32CubeIDE/plugins/com.st.stm32cube.ide.mcu.externaltools.gnu-tools-for-stm32.12.3.rel1.win32_1.1.0.202410251130/tools/bin/../lib/gcc/arm-none-eabi/12.3.1/../../../../arm-none-eabi/lib/thumb/v7e-m+fp/hard\libc_nano.a(libc_a-memcpy-stub.o)
 .ARM.attributes
                0x0000081a       0x34 C:/ST/STM32CubeIDE_1.15.1/STM32CubeIDE/plugins/com.st.stm32cube.ide.mcu.externaltools.gnu-tools-for-stm32.12.3.rel1.win32_1.1.0.202410251130/tools/bin/../lib/gcc/arm-none-eabi/12.3.1/../../../../arm-none-eabi/lib/thumb/v7e-m+fp/hard\libc_nano.a(libc_a-reallocr.o)
 .ARM.attributes
                0x0000084e       0x34 C:/ST/STM32CubeIDE_1.15.1/STM32CubeIDE/plugins/com.st.stm32cube.ide.mcu.externaltools.gnu-tools-for-stm32.12.3.rel1.win32_1.1.0.202410251130/tools/bin/../lib/gcc/arm-none-eabi/12.3.1/../../../../arm-none-eabi/lib/thumb/v7e-m+fp/hard\libc_nano.a(libc_a-msizer.o)
 .ARM.attributes
                0x00000882       0x22 C:/ST/STM32CubeIDE_1.15.1/STM32CubeIDE/plugins/com.st.stm32cube.ide.mcu.externaltools.gnu-tools-for-stm32.12.3.rel1.win32_1.1.0.202410251130/tools/bin/../lib/gcc/arm-none-eabi/12.3.1/thumb/v7e-m+fp/hard\libgcc.a(_aeabi_uldivmod.o)
 .ARM.attributes
                0x000008a4       0x34 C:/ST/STM32CubeIDE_1.15.1/STM32CubeIDE/plugins/com.st.stm32cube.ide.mcu.externaltools.gnu-tools-for-stm32.12.3.rel1.win32_1.1.0.202410251130/tools/bin/../lib/gcc/arm-none-eabi/12.3.1/thumb/v7e-m+fp/hard\libgcc.a(_udivmoddi4.o)
 .ARM.attributes
                0x000008d8       0x22 C:/ST/STM32CubeIDE_1.15.1/STM32CubeIDE/plugins/com.st.stm32cube.ide.mcu.externaltools.gnu-tools-for-stm32.12.3.rel1.win32_1.1.0.202410251130/tools/bin/../lib/gcc/arm-none-eabi/12.3.1/thumb/v7e-m+fp/hard\libgcc.a(_dvmd_tls.o)
 .ARM.attributes
                0x000008fa       0x22 C:/ST/STM32CubeIDE_1.15.1/STM32CubeIDE/plugins/com.st.stm32cube.ide.mcu.externaltools.gnu-tools-for-stm32.12.3.rel1.win32_1.1.0.202410251130/tools/bin/../lib/gcc/arm-none-eabi/12.3.1/thumb/v7e-m+fp/hard/crtn.o
OUTPUT(Alarma_IT_1.elf elf32-littlearm)
LOAD linker stubs
LOAD C:/ST/STM32CubeIDE_1.15.1/STM32CubeIDE/plugins/com.st.stm32cube.ide.mcu.externaltools.gnu-tools-for-stm32.12.3.rel1.win32_1.1.0.202410251130/tools/bin/../lib/gcc/arm-none-eabi/12.3.1/../../../../arm-none-eabi/lib/thumb/v7e-m+fp/hard\libc.a
LOAD C:/ST/STM32CubeIDE_1.15.1/STM32CubeIDE/plugins/com.st.stm32cube.ide.mcu.externaltools.gnu-tools-for-stm32.12.3.rel1.win32_1.1.0.202410251130/tools/bin/../lib/gcc/arm-none-eabi/12.3.1/../../../../arm-none-eabi/lib/thumb/v7e-m+fp/hard\libm.a
LOAD C:/ST/STM32CubeIDE_1.15.1/STM32CubeIDE/plugins/com.st.stm32cube.ide.mcu.externaltools.gnu-tools-for-stm32.12.3.rel1.win32_1.1.0.202410251130/tools/bin/../lib/gcc/arm-none-eabi/12.3.1/thumb/v7e-m+fp/hard\libgcc.a

.debug_info     0x00000000     0xdce8
 .debug_info    0x00000000      0xd50 ./Core/Src/main.o
 .debug_info    0x00000d50      0xeff ./Core/Src/stm32f4xx_hal_msp.o
 .debug_info    0x00001c4f      0x695 ./Core/Src/stm32f4xx_it.o
 .debug_info    0x000022e4      0x168 ./Core/Src/sysmem.o
 .debug_info    0x0000244c      0x54a ./Core/Src/system_stm32f4xx.o
 .debug_info    0x00002996       0x30 ./Core/Startup/startup_stm32f413zhtx.o
 .debug_info    0x000029c6      0x7e2 ./Drivers/API/Src/API_BT.o
 .debug_info    0x000031a8      0x23a ./Drivers/API/Src/API_Debounce.o
 .debug_info    0x000033e2      0x150 ./Drivers/API/Src/API_Delay.o
 .debug_info    0x00003532      0xbdb ./Drivers/API/Src/API_GPIO.o
 .debug_info    0x0000410d      0x85f ./Drivers/API/Src/API_LCD.o
 .debug_info    0x0000496c      0x74a ./Drivers/API/Src/API_Teclado4x3.o
 .debug_info    0x000050b6      0x9ca ./Drivers/STM32F4xx_HAL_Driver/Src/stm32f4xx_hal.o
 .debug_info    0x00005a80      0xdda ./Drivers/STM32F4xx_HAL_Driver/Src/stm32f4xx_hal_cortex.o
 .debug_info    0x0000685a      0x8e7 ./Drivers/STM32F4xx_HAL_Driver/Src/stm32f4xx_hal_dma.o
 .debug_info    0x00007141      0x723 ./Drivers/STM32F4xx_HAL_Driver/Src/stm32f4xx_hal_gpio.o
 .debug_info    0x00007864     0x2421 ./Drivers/STM32F4xx_HAL_Driver/Src/stm32f4xx_hal_i2c.o
 .debug_info    0x00009c85      0x8eb ./Drivers/STM32F4xx_HAL_Driver/Src/stm32f4xx_hal_rcc.o
 .debug_info    0x0000a570      0x829 ./Drivers/STM32F4xx_HAL_Driver/Src/stm32f4xx_hal_rcc_ex.o
 .debug_info    0x0000ad99     0x2f4f ./Drivers/STM32F4xx_HAL_Driver/Src/stm32f4xx_hal_uart.o

.debug_abbrev   0x00000000     0x2760
 .debug_abbrev  0x00000000      0x353 ./Core/Src/main.o
 .debug_abbrev  0x00000353      0x1cc ./Core/Src/stm32f4xx_hal_msp.o
 .debug_abbrev  0x0000051f      0x1a3 ./Core/Src/stm32f4xx_it.o
 .debug_abbrev  0x000006c2       0xbc ./Core/Src/sysmem.o
 .debug_abbrev  0x0000077e      0x11a ./Core/Src/system_stm32f4xx.o
 .debug_abbrev  0x00000898       0x24 ./Core/Startup/startup_stm32f413zhtx.o
 .debug_abbrev  0x000008bc      0x217 ./Drivers/API/Src/API_BT.o
 .debug_abbrev  0x00000ad3      0x14f ./Drivers/API/Src/API_Debounce.o
 .debug_abbrev  0x00000c22       0xc3 ./Drivers/API/Src/API_Delay.o
 .debug_abbrev  0x00000ce5      0x252 ./Drivers/API/Src/API_GPIO.o
 .debug_abbrev  0x00000f37      0x1f5 ./Drivers/API/Src/API_LCD.o
 .debug_abbrev  0x0000112c      0x274 ./Drivers/API/Src/API_Teclado4x3.o
 .debug_abbrev  0x000013a0      0x214 ./Drivers/STM32F4xx_HAL_Driver/Src/stm32f4xx_hal.o
 .debug_abbrev  0x000015b4      0x31d ./Drivers/STM32F4xx_HAL_Driver/Src/stm32f4xx_hal_cortex.o
 .debug_abbrev  0x000018d1      0x264 ./Drivers/STM32F4xx_HAL_Driver/Src/stm32f4xx_hal_dma.o
 .debug_abbrev  0x00001b35      0x1d4 ./Drivers/STM32F4xx_HAL_Driver/Src/stm32f4xx_hal_gpio.o
 .debug_abbrev  0x00001d09      0x2ad ./Drivers/STM32F4xx_HAL_Driver/Src/stm32f4xx_hal_i2c.o
 .debug_abbrev  0x00001fb6      0x2b7 ./Drivers/STM32F4xx_HAL_Driver/Src/stm32f4xx_hal_rcc.o
 .debug_abbrev  0x0000226d      0x1e5 ./Drivers/STM32F4xx_HAL_Driver/Src/stm32f4xx_hal_rcc_ex.o
 .debug_abbrev  0x00002452      0x30e ./Drivers/STM32F4xx_HAL_Driver/Src/stm32f4xx_hal_uart.o

.debug_aranges  0x00000000      0xc50
 .debug_aranges
                0x00000000       0xa8 ./Core/Src/main.o
 .debug_aranges
                0x000000a8       0x40 ./Core/Src/stm32f4xx_hal_msp.o
 .debug_aranges
                0x000000e8       0x88 ./Core/Src/stm32f4xx_it.o
 .debug_aranges
                0x00000170       0x20 ./Core/Src/sysmem.o
 .debug_aranges
                0x00000190       0x28 ./Core/Src/system_stm32f4xx.o
 .debug_aranges
                0x000001b8       0x28 ./Core/Startup/startup_stm32f413zhtx.o
 .debug_aranges
                0x000001e0       0x58 ./Drivers/API/Src/API_BT.o
 .debug_aranges
                0x00000238       0x30 ./Drivers/API/Src/API_Debounce.o
 .debug_aranges
                0x00000268       0x28 ./Drivers/API/Src/API_Delay.o
 .debug_aranges
                0x00000290       0x70 ./Drivers/API/Src/API_GPIO.o
 .debug_aranges
                0x00000300       0x68 ./Drivers/API/Src/API_LCD.o
 .debug_aranges
                0x00000368       0x48 ./Drivers/API/Src/API_Teclado4x3.o
 .debug_aranges
                0x000003b0       0xf0 ./Drivers/STM32F4xx_HAL_Driver/Src/stm32f4xx_hal.o
 .debug_aranges
                0x000004a0      0x130 ./Drivers/STM32F4xx_HAL_Driver/Src/stm32f4xx_hal_cortex.o
 .debug_aranges
                0x000005d0       0x90 ./Drivers/STM32F4xx_HAL_Driver/Src/stm32f4xx_hal_dma.o
 .debug_aranges
                0x00000660       0x58 ./Drivers/STM32F4xx_HAL_Driver/Src/stm32f4xx_hal_gpio.o
 .debug_aranges
                0x000006b8      0x2a8 ./Drivers/STM32F4xx_HAL_Driver/Src/stm32f4xx_hal_i2c.o
 .debug_aranges
                0x00000960       0x88 ./Drivers/STM32F4xx_HAL_Driver/Src/stm32f4xx_hal_rcc.o
 .debug_aranges
                0x000009e8       0x60 ./Drivers/STM32F4xx_HAL_Driver/Src/stm32f4xx_hal_rcc_ex.o
 .debug_aranges
                0x00000a48      0x208 ./Drivers/STM32F4xx_HAL_Driver/Src/stm32f4xx_hal_uart.o

.debug_rnglists
                0x00000000      0x981
 .debug_rnglists
                0x00000000       0x83 ./Core/Src/main.o
 .debug_rnglists
                0x00000083       0x2d ./Core/Src/stm32f4xx_hal_msp.o
 .debug_rnglists
                0x000000b0       0x61 ./Core/Src/stm32f4xx_it.o
 .debug_rnglists
                0x00000111       0x13 ./Core/Src/sysmem.o
 .debug_rnglists
                0x00000124       0x1a ./Core/Src/system_stm32f4xx.o
 .debug_rnglists
                0x0000013e       0x19 ./Core/Startup/startup_stm32f413zhtx.o
 .debug_rnglists
                0x00000157       0x3d ./Drivers/API/Src/API_BT.o
 .debug_rnglists
                0x00000194       0x20 ./Drivers/API/Src/API_Debounce.o
 .debug_rnglists
                0x000001b4       0x19 ./Drivers/API/Src/API_Delay.o
 .debug_rnglists
                0x000001cd       0x51 ./Drivers/API/Src/API_GPIO.o
 .debug_rnglists
                0x0000021e       0x49 ./Drivers/API/Src/API_LCD.o
 .debug_rnglists
                0x00000267       0x34 ./Drivers/API/Src/API_Teclado4x3.o
 .debug_rnglists
                0x0000029b       0xaf ./Drivers/STM32F4xx_HAL_Driver/Src/stm32f4xx_hal.o
 .debug_rnglists
                0x0000034a       0xe0 ./Drivers/STM32F4xx_HAL_Driver/Src/stm32f4xx_hal_cortex.o
 .debug_rnglists
                0x0000042a       0x70 ./Drivers/STM32F4xx_HAL_Driver/Src/stm32f4xx_hal_dma.o
 .debug_rnglists
                0x0000049a       0x3f ./Drivers/STM32F4xx_HAL_Driver/Src/stm32f4xx_hal_gpio.o
 .debug_rnglists
                0x000004d9      0x23c ./Drivers/STM32F4xx_HAL_Driver/Src/stm32f4xx_hal_i2c.o
 .debug_rnglists
                0x00000715       0x66 ./Drivers/STM32F4xx_HAL_Driver/Src/stm32f4xx_hal_rcc.o
 .debug_rnglists
                0x0000077b       0x4a ./Drivers/STM32F4xx_HAL_Driver/Src/stm32f4xx_hal_rcc_ex.o
 .debug_rnglists
                0x000007c5      0x1bc ./Drivers/STM32F4xx_HAL_Driver/Src/stm32f4xx_hal_uart.o

.debug_macro    0x00000000    0x21c39
 .debug_macro   0x00000000      0x338 ./Core/Src/main.o
 .debug_macro   0x00000338      0xab4 ./Core/Src/main.o
 .debug_macro   0x00000dec      0x29b ./Core/Src/main.o
 .debug_macro   0x00001087       0x2e ./Core/Src/main.o
 .debug_macro   0x000010b5       0x28 ./Core/Src/main.o
 .debug_macro   0x000010dd       0x22 ./Core/Src/main.o
 .debug_macro   0x000010ff       0x8e ./Core/Src/main.o
 .debug_macro   0x0000118d       0x51 ./Core/Src/main.o
 .debug_macro   0x000011de      0x103 ./Core/Src/main.o
 .debug_macro   0x000012e1       0x6a ./Core/Src/main.o
 .debug_macro   0x0000134b      0x1df ./Core/Src/main.o
 .debug_macro   0x0000152a       0x1c ./Core/Src/main.o
 .debug_macro   0x00001546       0x22 ./Core/Src/main.o
 .debug_macro   0x00001568       0xfb ./Core/Src/main.o
 .debug_macro   0x00001663     0x1011 ./Core/Src/main.o
 .debug_macro   0x00002674      0x11f ./Core/Src/main.o
 .debug_macro   0x00002793    0x15a8b ./Core/Src/main.o
 .debug_macro   0x0001821e       0x6d ./Core/Src/main.o
 .debug_macro   0x0001828b     0x369a ./Core/Src/main.o
 .debug_macro   0x0001b925      0x189 ./Core/Src/main.o
 .debug_macro   0x0001baae       0x5c ./Core/Src/main.o
 .debug_macro   0x0001bb0a      0xcf2 ./Core/Src/main.o
 .debug_macro   0x0001c7fc      0x9e9 ./Core/Src/main.o
 .debug_macro   0x0001d1e5      0x115 ./Core/Src/main.o
 .debug_macro   0x0001d2fa      0x202 ./Core/Src/main.o
 .debug_macro   0x0001d4fc       0xa5 ./Core/Src/main.o
 .debug_macro   0x0001d5a1      0x173 ./Core/Src/main.o
 .debug_macro   0x0001d714      0x2bf ./Core/Src/main.o
 .debug_macro   0x0001d9d3       0x5f ./Core/Src/main.o
 .debug_macro   0x0001da32      0x236 ./Core/Src/main.o
 .debug_macro   0x0001dc68      0x132 ./Core/Src/main.o
 .debug_macro   0x0001dd9a      0x30c ./Core/Src/main.o
 .debug_macro   0x0001e0a6       0x2e ./Core/Src/main.o
 .debug_macro   0x0001e0d4      0x1b5 ./Core/Src/main.o
 .debug_macro   0x0001e289       0x22 ./Core/Src/main.o
 .debug_macro   0x0001e2ab       0xd6 ./Core/Src/main.o
 .debug_macro   0x0001e381      0x127 ./Core/Src/main.o
 .debug_macro   0x0001e4a8       0x91 ./Core/Src/main.o
 .debug_macro   0x0001e539       0x89 ./Core/Src/main.o
 .debug_macro   0x0001e5c2      0x2aa ./Core/Src/main.o
 .debug_macro   0x0001e86c      0x134 ./Core/Src/main.o
 .debug_macro   0x0001e9a0       0x22 ./Core/Src/main.o
 .debug_macro   0x0001e9c2      0x16f ./Core/Src/main.o
 .debug_macro   0x0001eb31       0x28 ./Core/Src/main.o
 .debug_macro   0x0001eb59       0x61 ./Core/Src/main.o
 .debug_macro   0x0001ebba       0x2a ./Core/Src/main.o
 .debug_macro   0x0001ebe4       0x43 ./Core/Src/main.o
 .debug_macro   0x0001ec27       0x34 ./Core/Src/main.o
 .debug_macro   0x0001ec5b       0x16 ./Core/Src/main.o
 .debug_macro   0x0001ec71       0x35 ./Core/Src/main.o
 .debug_macro   0x0001eca6      0x369 ./Core/Src/main.o
 .debug_macro   0x0001f00f       0x10 ./Core/Src/main.o
 .debug_macro   0x0001f01f       0x16 ./Core/Src/main.o
 .debug_macro   0x0001f035       0x43 ./Core/Src/main.o
 .debug_macro   0x0001f078       0x34 ./Core/Src/main.o
 .debug_macro   0x0001f0ac       0x10 ./Core/Src/main.o
 .debug_macro   0x0001f0bc       0x58 ./Core/Src/main.o
 .debug_macro   0x0001f114       0x8e ./Core/Src/main.o
 .debug_macro   0x0001f1a2       0x1c ./Core/Src/main.o
 .debug_macro   0x0001f1be      0x177 ./Core/Src/main.o
 .debug_macro   0x0001f335       0x16 ./Core/Src/main.o
 .debug_macro   0x0001f34b       0x16 ./Core/Src/main.o
 .debug_macro   0x0001f361      0x146 ./Core/Src/main.o
 .debug_macro   0x0001f4a7       0x16 ./Core/Src/main.o
 .debug_macro   0x0001f4bd       0x20 ./Core/Src/main.o
 .debug_macro   0x0001f4dd      0x1eb ./Core/Src/stm32f4xx_hal_msp.o
 .debug_macro   0x0001f6c8      0x1f5 ./Core/Src/stm32f4xx_it.o
 .debug_macro   0x0001f8bd       0xff ./Core/Src/sysmem.o
 .debug_macro   0x0001f9bc      0x23c ./Core/Src/sysmem.o
 .debug_macro   0x0001fbf8      0x1d3 ./Core/Src/system_stm32f4xx.o
 .debug_macro   0x0001fdcb      0x2c3 ./Drivers/API/Src/API_BT.o
 .debug_macro   0x0002008e       0x10 ./Drivers/API/Src/API_BT.o
 .debug_macro   0x0002009e      0x20f ./Drivers/API/Src/API_Debounce.o
 .debug_macro   0x000202ad      0x1f5 ./Drivers/API/Src/API_Delay.o
 .debug_macro   0x000204a2      0x212 ./Drivers/API/Src/API_GPIO.o
 .debug_macro   0x000206b4      0x303 ./Drivers/API/Src/API_LCD.o
 .debug_macro   0x000209b7      0x30b ./Drivers/API/Src/API_Teclado4x3.o
 .debug_macro   0x00020cc2      0x233 ./Drivers/STM32F4xx_HAL_Driver/Src/stm32f4xx_hal.o
 .debug_macro   0x00020ef5      0x1d3 ./Drivers/STM32F4xx_HAL_Driver/Src/stm32f4xx_hal_cortex.o
 .debug_macro   0x000210c8      0x1d9 ./Drivers/STM32F4xx_HAL_Driver/Src/stm32f4xx_hal_dma.o
 .debug_macro   0x000212a1      0x1d9 ./Drivers/STM32F4xx_HAL_Driver/Src/stm32f4xx_hal_gpio.o
 .debug_macro   0x0002147a      0x221 ./Drivers/STM32F4xx_HAL_Driver/Src/stm32f4xx_hal_i2c.o
 .debug_macro   0x0002169b      0x1f7 ./Drivers/STM32F4xx_HAL_Driver/Src/stm32f4xx_hal_rcc.o
 .debug_macro   0x00021892      0x1d3 ./Drivers/STM32F4xx_HAL_Driver/Src/stm32f4xx_hal_rcc_ex.o
 .debug_macro   0x00021a65      0x1d4 ./Drivers/STM32F4xx_HAL_Driver/Src/stm32f4xx_hal_uart.o

.debug_line     0x00000000    0x11d0f
 .debug_line    0x00000000      0xeee ./Core/Src/main.o
 .debug_line    0x00000eee      0x7f1 ./Core/Src/stm32f4xx_hal_msp.o
 .debug_line    0x000016df      0x892 ./Core/Src/stm32f4xx_it.o
 .debug_line    0x00001f71      0x579 ./Core/Src/sysmem.o
 .debug_line    0x000024ea      0x7cb ./Core/Src/system_stm32f4xx.o
 .debug_line    0x00002cb5       0x7a ./Core/Startup/startup_stm32f413zhtx.o
 .debug_line    0x00002d2f      0x9f9 ./Drivers/API/Src/API_BT.o
 .debug_line    0x00003728      0x89a ./Drivers/API/Src/API_Debounce.o
 .debug_line    0x00003fc2      0x819 ./Drivers/API/Src/API_Delay.o
 .debug_line    0x000047db      0x9d7 ./Drivers/API/Src/API_GPIO.o
 .debug_line    0x000051b2      0xa75 ./Drivers/API/Src/API_LCD.o
 .debug_line    0x00005c27      0xab2 ./Drivers/API/Src/API_Teclado4x3.o
 .debug_line    0x000066d9      0xa34 ./Drivers/STM32F4xx_HAL_Driver/Src/stm32f4xx_hal.o
 .debug_line    0x0000710d      0xd26 ./Drivers/STM32F4xx_HAL_Driver/Src/stm32f4xx_hal_cortex.o
 .debug_line    0x00007e33      0xfa4 ./Drivers/STM32F4xx_HAL_Driver/Src/stm32f4xx_hal_dma.o
 .debug_line    0x00008dd7      0xbac ./Drivers/STM32F4xx_HAL_Driver/Src/stm32f4xx_hal_gpio.o
 .debug_line    0x00009983     0x3b7a ./Drivers/STM32F4xx_HAL_Driver/Src/stm32f4xx_hal_i2c.o
 .debug_line    0x0000d4fd      0xdcb ./Drivers/STM32F4xx_HAL_Driver/Src/stm32f4xx_hal_rcc.o
 .debug_line    0x0000e2c8     0x1127 ./Drivers/STM32F4xx_HAL_Driver/Src/stm32f4xx_hal_rcc_ex.o
 .debug_line    0x0000f3ef     0x2920 ./Drivers/STM32F4xx_HAL_Driver/Src/stm32f4xx_hal_uart.o

.debug_str      0x00000000    0xc8ebd
 .debug_str     0x00000000    0xc5512 ./Core/Src/main.o
                              0xc5851 (size before relaxing)
 .debug_str     0x000c5512      0x9d4 ./Core/Src/stm32f4xx_hal_msp.o
                              0xc25da (size before relaxing)
 .debug_str     0x000c5ee6      0x152 ./Core/Src/stm32f4xx_it.o
                              0xc1cad (size before relaxing)
 .debug_str     0x000c6038      0x4dc ./Core/Src/sysmem.o
                               0x60f6 (size before relaxing)
 .debug_str     0x000c6514       0xdb ./Core/Src/system_stm32f4xx.o
                              0xc12e1 (size before relaxing)
 .debug_str     0x000c65ef       0x44 ./Core/Startup/startup_stm32f413zhtx.o
                                 0xa9 (size before relaxing)
 .debug_str     0x000c6633       0xbe ./Drivers/API/Src/API_BT.o
                              0xc4e11 (size before relaxing)
 .debug_str     0x000c66f1      0x106 ./Drivers/API/Src/API_Debounce.o
                              0xc1896 (size before relaxing)
 .debug_str     0x000c67f7       0x2b ./Drivers/API/Src/API_Delay.o
                              0xc1771 (size before relaxing)
 .debug_str     0x000c6822      0x206 ./Drivers/API/Src/API_GPIO.o
                              0xc22f9 (size before relaxing)
 .debug_str     0x000c6a28       0xcf ./Drivers/API/Src/API_LCD.o
                              0xc54d4 (size before relaxing)
 .debug_str     0x000c6af7       0xed ./Drivers/API/Src/API_Teclado4x3.o
                              0xc4b5e (size before relaxing)
 .debug_str     0x000c6be4      0x601 ./Drivers/STM32F4xx_HAL_Driver/Src/stm32f4xx_hal.o
                              0xc1f17 (size before relaxing)
 .debug_str     0x000c71e5      0x36b ./Drivers/STM32F4xx_HAL_Driver/Src/stm32f4xx_hal_cortex.o
                              0xc1c6f (size before relaxing)
 .debug_str     0x000c7550      0x328 ./Drivers/STM32F4xx_HAL_Driver/Src/stm32f4xx_hal_dma.o
                              0xc16d7 (size before relaxing)
 .debug_str     0x000c7878       0xcd ./Drivers/STM32F4xx_HAL_Driver/Src/stm32f4xx_hal_gpio.o
                              0xc146b (size before relaxing)
 .debug_str     0x000c7945      0xb01 ./Drivers/STM32F4xx_HAL_Driver/Src/stm32f4xx_hal_i2c.o
                              0xc22e0 (size before relaxing)
 .debug_str     0x000c8446      0x213 ./Drivers/STM32F4xx_HAL_Driver/Src/stm32f4xx_hal_rcc.o
                              0xc171a (size before relaxing)
 .debug_str     0x000c8659      0x2ba ./Drivers/STM32F4xx_HAL_Driver/Src/stm32f4xx_hal_rcc_ex.o
                              0xc169f (size before relaxing)
 .debug_str     0x000c8913      0x5aa ./Drivers/STM32F4xx_HAL_Driver/Src/stm32f4xx_hal_uart.o
                              0xc1cd2 (size before relaxing)

.comment        0x00000000       0x43
 .comment       0x00000000       0x43 ./Core/Src/main.o
                                 0x44 (size before relaxing)
 .comment       0x00000043       0x44 ./Core/Src/stm32f4xx_hal_msp.o
 .comment       0x00000043       0x44 ./Core/Src/stm32f4xx_it.o
 .comment       0x00000043       0x44 ./Core/Src/sysmem.o
 .comment       0x00000043       0x44 ./Core/Src/system_stm32f4xx.o
 .comment       0x00000043       0x44 ./Drivers/API/Src/API_BT.o
 .comment       0x00000043       0x44 ./Drivers/API/Src/API_Debounce.o
 .comment       0x00000043       0x44 ./Drivers/API/Src/API_Delay.o
 .comment       0x00000043       0x44 ./Drivers/API/Src/API_GPIO.o
 .comment       0x00000043       0x44 ./Drivers/API/Src/API_LCD.o
 .comment       0x00000043       0x44 ./Drivers/API/Src/API_Teclado4x3.o
 .comment       0x00000043       0x44 ./Drivers/STM32F4xx_HAL_Driver/Src/stm32f4xx_hal.o
 .comment       0x00000043       0x44 ./Drivers/STM32F4xx_HAL_Driver/Src/stm32f4xx_hal_cortex.o
 .comment       0x00000043       0x44 ./Drivers/STM32F4xx_HAL_Driver/Src/stm32f4xx_hal_dma.o
 .comment       0x00000043       0x44 ./Drivers/STM32F4xx_HAL_Driver/Src/stm32f4xx_hal_gpio.o
 .comment       0x00000043       0x44 ./Drivers/STM32F4xx_HAL_Driver/Src/stm32f4xx_hal_i2c.o
 .comment       0x00000043       0x44 ./Drivers/STM32F4xx_HAL_Driver/Src/stm32f4xx_hal_rcc.o
 .comment       0x00000043       0x44 ./Drivers/STM32F4xx_HAL_Driver/Src/stm32f4xx_hal_rcc_ex.o
 .comment       0x00000043       0x44 ./Drivers/STM32F4xx_HAL_Driver/Src/stm32f4xx_hal_uart.o

.debug_frame    0x00000000     0x3678
 .debug_frame   0x00000000      0x260 ./Core/Src/main.o
 .debug_frame   0x00000260       0xc8 ./Core/Src/stm32f4xx_hal_msp.o
 .debug_frame   0x00000328      0x190 ./Core/Src/stm32f4xx_it.o
 .debug_frame   0x000004b8       0x34 ./Core/Src/sysmem.o
 .debug_frame   0x000004ec       0x58 ./Core/Src/system_stm32f4xx.o
 .debug_frame   0x00000544      0x130 ./Drivers/API/Src/API_BT.o
 .debug_frame   0x00000674       0x78 ./Drivers/API/Src/API_Debounce.o
 .debug_frame   0x000006ec       0x58 ./Drivers/API/Src/API_Delay.o
 .debug_frame   0x00000744      0x178 ./Drivers/API/Src/API_GPIO.o
 .debug_frame   0x000008bc      0x160 ./Drivers/API/Src/API_LCD.o
 .debug_frame   0x00000a1c       0xe8 ./Drivers/API/Src/API_Teclado4x3.o
 .debug_frame   0x00000b04      0x374 ./Drivers/STM32F4xx_HAL_Driver/Src/stm32f4xx_hal.o
 .debug_frame   0x00000e78      0x508 ./Drivers/STM32F4xx_HAL_Driver/Src/stm32f4xx_hal_cortex.o
 .debug_frame   0x00001380      0x250 ./Drivers/STM32F4xx_HAL_Driver/Src/stm32f4xx_hal_dma.o
 .debug_frame   0x000015d0      0x14c ./Drivers/STM32F4xx_HAL_Driver/Src/stm32f4xx_hal_gpio.o
 .debug_frame   0x0000171c      0xc84 ./Drivers/STM32F4xx_HAL_Driver/Src/stm32f4xx_hal_i2c.o
 .debug_frame   0x000023a0      0x1f4 ./Drivers/STM32F4xx_HAL_Driver/Src/stm32f4xx_hal_rcc.o
 .debug_frame   0x00002594      0x16c ./Drivers/STM32F4xx_HAL_Driver/Src/stm32f4xx_hal_rcc_ex.o
 .debug_frame   0x00002700      0x954 ./Drivers/STM32F4xx_HAL_Driver/Src/stm32f4xx_hal_uart.o
 .debug_frame   0x00003054      0x144 C:/ST/STM32CubeIDE_1.15.1/STM32CubeIDE/plugins/com.st.stm32cube.ide.mcu.externaltools.gnu-tools-for-stm32.12.3.rel1.win32_1.1.0.202410251130/tools/bin/../lib/gcc/arm-none-eabi/12.3.1/../../../../arm-none-eabi/lib/thumb/v7e-m+fp/hard\libc_nano.a(libc_a-findfp.o)
 .debug_frame   0x00003198       0x6c C:/ST/STM32CubeIDE_1.15.1/STM32CubeIDE/plugins/com.st.stm32cube.ide.mcu.externaltools.gnu-tools-for-stm32.12.3.rel1.win32_1.1.0.202410251130/tools/bin/../lib/gcc/arm-none-eabi/12.3.1/../../../../arm-none-eabi/lib/thumb/v7e-m+fp/hard\libc_nano.a(libc_a-sprintf.o)
 .debug_frame   0x00003204       0x20 C:/ST/STM32CubeIDE_1.15.1/STM32CubeIDE/plugins/com.st.stm32cube.ide.mcu.externaltools.gnu-tools-for-stm32.12.3.rel1.win32_1.1.0.202410251130/tools/bin/../lib/gcc/arm-none-eabi/12.3.1/../../../../arm-none-eabi/lib/thumb/v7e-m+fp/hard\libc_nano.a(libc_a-memset.o)
 .debug_frame   0x00003224       0x38 C:/ST/STM32CubeIDE_1.15.1/STM32CubeIDE/plugins/com.st.stm32cube.ide.mcu.externaltools.gnu-tools-for-stm32.12.3.rel1.win32_1.1.0.202410251130/tools/bin/../lib/gcc/arm-none-eabi/12.3.1/../../../../arm-none-eabi/lib/thumb/v7e-m+fp/hard\libc_nano.a(libc_a-reent.o)
 .debug_frame   0x0000325c       0x20 C:/ST/STM32CubeIDE_1.15.1/STM32CubeIDE/plugins/com.st.stm32cube.ide.mcu.externaltools.gnu-tools-for-stm32.12.3.rel1.win32_1.1.0.202410251130/tools/bin/../lib/gcc/arm-none-eabi/12.3.1/../../../../arm-none-eabi/lib/thumb/v7e-m+fp/hard\libc_nano.a(libc_a-errno.o)
 .debug_frame   0x0000327c       0x2c C:/ST/STM32CubeIDE_1.15.1/STM32CubeIDE/plugins/com.st.stm32cube.ide.mcu.externaltools.gnu-tools-for-stm32.12.3.rel1.win32_1.1.0.202410251130/tools/bin/../lib/gcc/arm-none-eabi/12.3.1/../../../../arm-none-eabi/lib/thumb/v7e-m+fp/hard\libc_nano.a(libc_a-init.o)
 .debug_frame   0x000032a8       0xb0 C:/ST/STM32CubeIDE_1.15.1/STM32CubeIDE/plugins/com.st.stm32cube.ide.mcu.externaltools.gnu-tools-for-stm32.12.3.rel1.win32_1.1.0.202410251130/tools/bin/../lib/gcc/arm-none-eabi/12.3.1/../../../../arm-none-eabi/lib/thumb/v7e-m+fp/hard\libc_nano.a(libc_a-lock.o)
 .debug_frame   0x00003358       0x20 C:/ST/STM32CubeIDE_1.15.1/STM32CubeIDE/plugins/com.st.stm32cube.ide.mcu.externaltools.gnu-tools-for-stm32.12.3.rel1.win32_1.1.0.202410251130/tools/bin/../lib/gcc/arm-none-eabi/12.3.1/../../../../arm-none-eabi/lib/thumb/v7e-m+fp/hard\libc_nano.a(libc_a-strcmp.o)
 .debug_frame   0x00003378       0x20 C:/ST/STM32CubeIDE_1.15.1/STM32CubeIDE/plugins/com.st.stm32cube.ide.mcu.externaltools.gnu-tools-for-stm32.12.3.rel1.win32_1.1.0.202410251130/tools/bin/../lib/gcc/arm-none-eabi/12.3.1/../../../../arm-none-eabi/lib/thumb/v7e-m+fp/hard\libc_nano.a(libc_a-strcpy.o)
 .debug_frame   0x00003398       0x38 C:/ST/STM32CubeIDE_1.15.1/STM32CubeIDE/plugins/com.st.stm32cube.ide.mcu.externaltools.gnu-tools-for-stm32.12.3.rel1.win32_1.1.0.202410251130/tools/bin/../lib/gcc/arm-none-eabi/12.3.1/../../../../arm-none-eabi/lib/thumb/v7e-m+fp/hard\libc_nano.a(libc_a-freer.o)
 .debug_frame   0x000033d0       0x50 C:/ST/STM32CubeIDE_1.15.1/STM32CubeIDE/plugins/com.st.stm32cube.ide.mcu.externaltools.gnu-tools-for-stm32.12.3.rel1.win32_1.1.0.202410251130/tools/bin/../lib/gcc/arm-none-eabi/12.3.1/../../../../arm-none-eabi/lib/thumb/v7e-m+fp/hard\libc_nano.a(libc_a-mallocr.o)
 .debug_frame   0x00003420       0x30 C:/ST/STM32CubeIDE_1.15.1/STM32CubeIDE/plugins/com.st.stm32cube.ide.mcu.externaltools.gnu-tools-for-stm32.12.3.rel1.win32_1.1.0.202410251130/tools/bin/../lib/gcc/arm-none-eabi/12.3.1/../../../../arm-none-eabi/lib/thumb/v7e-m+fp/hard\libc_nano.a(libc_a-mlock.o)
 .debug_frame   0x00003450       0x90 C:/ST/STM32CubeIDE_1.15.1/STM32CubeIDE/plugins/com.st.stm32cube.ide.mcu.externaltools.gnu-tools-for-stm32.12.3.rel1.win32_1.1.0.202410251130/tools/bin/../lib/gcc/arm-none-eabi/12.3.1/../../../../arm-none-eabi/lib/thumb/v7e-m+fp/hard\libc_nano.a(libc_a-nano-svfprintf.o)
 .debug_frame   0x000034e0       0x60 C:/ST/STM32CubeIDE_1.15.1/STM32CubeIDE/plugins/com.st.stm32cube.ide.mcu.externaltools.gnu-tools-for-stm32.12.3.rel1.win32_1.1.0.202410251130/tools/bin/../lib/gcc/arm-none-eabi/12.3.1/../../../../arm-none-eabi/lib/thumb/v7e-m+fp/hard\libc_nano.a(libc_a-nano-vfprintf_i.o)
 .debug_frame   0x00003540       0x28 C:/ST/STM32CubeIDE_1.15.1/STM32CubeIDE/plugins/com.st.stm32cube.ide.mcu.externaltools.gnu-tools-for-stm32.12.3.rel1.win32_1.1.0.202410251130/tools/bin/../lib/gcc/arm-none-eabi/12.3.1/../../../../arm-none-eabi/lib/thumb/v7e-m+fp/hard\libc_nano.a(libc_a-memmove.o)
 .debug_frame   0x00003568       0x2c C:/ST/STM32CubeIDE_1.15.1/STM32CubeIDE/plugins/com.st.stm32cube.ide.mcu.externaltools.gnu-tools-for-stm32.12.3.rel1.win32_1.1.0.202410251130/tools/bin/../lib/gcc/arm-none-eabi/12.3.1/../../../../arm-none-eabi/lib/thumb/v7e-m+fp/hard\libc_nano.a(libc_a-sbrkr.o)
 .debug_frame   0x00003594       0x28 C:/ST/STM32CubeIDE_1.15.1/STM32CubeIDE/plugins/com.st.stm32cube.ide.mcu.externaltools.gnu-tools-for-stm32.12.3.rel1.win32_1.1.0.202410251130/tools/bin/../lib/gcc/arm-none-eabi/12.3.1/../../../../arm-none-eabi/lib/thumb/v7e-m+fp/hard\libc_nano.a(libc_a-memcpy-stub.o)
 .debug_frame   0x000035bc       0x3c C:/ST/STM32CubeIDE_1.15.1/STM32CubeIDE/plugins/com.st.stm32cube.ide.mcu.externaltools.gnu-tools-for-stm32.12.3.rel1.win32_1.1.0.202410251130/tools/bin/../lib/gcc/arm-none-eabi/12.3.1/../../../../arm-none-eabi/lib/thumb/v7e-m+fp/hard\libc_nano.a(libc_a-reallocr.o)
 .debug_frame   0x000035f8       0x20 C:/ST/STM32CubeIDE_1.15.1/STM32CubeIDE/plugins/com.st.stm32cube.ide.mcu.externaltools.gnu-tools-for-stm32.12.3.rel1.win32_1.1.0.202410251130/tools/bin/../lib/gcc/arm-none-eabi/12.3.1/../../../../arm-none-eabi/lib/thumb/v7e-m+fp/hard\libc_nano.a(libc_a-msizer.o)
 .debug_frame   0x00003618       0x2c C:/ST/STM32CubeIDE_1.15.1/STM32CubeIDE/plugins/com.st.stm32cube.ide.mcu.externaltools.gnu-tools-for-stm32.12.3.rel1.win32_1.1.0.202410251130/tools/bin/../lib/gcc/arm-none-eabi/12.3.1/thumb/v7e-m+fp/hard\libgcc.a(_aeabi_uldivmod.o)
 .debug_frame   0x00003644       0x34 C:/ST/STM32CubeIDE_1.15.1/STM32CubeIDE/plugins/com.st.stm32cube.ide.mcu.externaltools.gnu-tools-for-stm32.12.3.rel1.win32_1.1.0.202410251130/tools/bin/../lib/gcc/arm-none-eabi/12.3.1/thumb/v7e-m+fp/hard\libgcc.a(_udivmoddi4.o)

.debug_line_str
                0x00000000       0x8d
 .debug_line_str
                0x00000000       0x8d ./Core/Startup/startup_stm32f413zhtx.o