Archive member included to satisfy reference by file (symbol)

C:/ST/STM32CubeIDE_1.16.0/STM32CubeIDE/plugins/com.st.stm32cube.ide.mcu.externaltools.gnu-tools-for-stm32.12.3.rel1.win32_1.0.200.202406191623/tools/bin/../lib/gcc/arm-none-eabi/12.3.1/../../../../arm-none-eabi/lib/thumb/v7e-m+fp/hard\libc_nano.a(libc_a-exit.o)
                              C:/ST/STM32CubeIDE_1.16.0/STM32CubeIDE/plugins/com.st.stm32cube.ide.mcu.externaltools.gnu-tools-for-stm32.12.3.rel1.win32_1.0.200.202406191623/tools/bin/../lib/gcc/arm-none-eabi/12.3.1/../../../../arm-none-eabi/lib/thumb/v7e-m+fp/hard/crt0.o (exit)
C:/ST/STM32CubeIDE_1.16.0/STM32CubeIDE/plugins/com.st.stm32cube.ide.mcu.externaltools.gnu-tools-for-stm32.12.3.rel1.win32_1.0.200.202406191623/tools/bin/../lib/gcc/arm-none-eabi/12.3.1/../../../../arm-none-eabi/lib/thumb/v7e-m+fp/hard\libc_nano.a(libc_a-findfp.o)
                              C:/ST/STM32CubeIDE_1.16.0/STM32CubeIDE/plugins/com.st.stm32cube.ide.mcu.externaltools.gnu-tools-for-stm32.12.3.rel1.win32_1.0.200.202406191623/tools/bin/../lib/gcc/arm-none-eabi/12.3.1/../../../../arm-none-eabi/lib/thumb/v7e-m+fp/hard\libc_nano.a(libc_a-exit.o) (__stdio_exit_handler)
C:/ST/STM32CubeIDE_1.16.0/STM32CubeIDE/plugins/com.st.stm32cube.ide.mcu.externaltools.gnu-tools-for-stm32.12.3.rel1.win32_1.0.200.202406191623/tools/bin/../lib/gcc/arm-none-eabi/12.3.1/../../../../arm-none-eabi/lib/thumb/v7e-m+fp/hard\libc_nano.a(libc_a-fwalk.o)
                              C:/ST/STM32CubeIDE_1.16.0/STM32CubeIDE/plugins/com.st.stm32cube.ide.mcu.externaltools.gnu-tools-for-stm32.12.3.rel1.win32_1.0.200.202406191623/tools/bin/../lib/gcc/arm-none-eabi/12.3.1/../../../../arm-none-eabi/lib/thumb/v7e-m+fp/hard\libc_nano.a(libc_a-findfp.o) (_fwalk_sglue)
C:/ST/STM32CubeIDE_1.16.0/STM32CubeIDE/plugins/com.st.stm32cube.ide.mcu.externaltools.gnu-tools-for-stm32.12.3.rel1.win32_1.0.200.202406191623/tools/bin/../lib/gcc/arm-none-eabi/12.3.1/../../../../arm-none-eabi/lib/thumb/v7e-m+fp/hard\libc_nano.a(libc_a-stdio.o)
                              C:/ST/STM32CubeIDE_1.16.0/STM32CubeIDE/plugins/com.st.stm32cube.ide.mcu.externaltools.gnu-tools-for-stm32.12.3.rel1.win32_1.0.200.202406191623/tools/bin/../lib/gcc/arm-none-eabi/12.3.1/../../../../arm-none-eabi/lib/thumb/v7e-m+fp/hard\libc_nano.a(libc_a-findfp.o) (__sread)
C:/ST/STM32CubeIDE_1.16.0/STM32CubeIDE/plugins/com.st.stm32cube.ide.mcu.externaltools.gnu-tools-for-stm32.12.3.rel1.win32_1.0.200.202406191623/tools/bin/../lib/gcc/arm-none-eabi/12.3.1/../../../../arm-none-eabi/lib/thumb/v7e-m+fp/hard\libc_nano.a(libc_a-memset.o)
                              C:/ST/STM32CubeIDE_1.16.0/STM32CubeIDE/plugins/com.st.stm32cube.ide.mcu.externaltools.gnu-tools-for-stm32.12.3.rel1.win32_1.0.200.202406191623/tools/bin/../lib/gcc/arm-none-eabi/12.3.1/../../../../arm-none-eabi/lib/thumb/v7e-m+fp/hard/crt0.o (memset)
C:/ST/STM32CubeIDE_1.16.0/STM32CubeIDE/plugins/com.st.stm32cube.ide.mcu.externaltools.gnu-tools-for-stm32.12.3.rel1.win32_1.0.200.202406191623/tools/bin/../lib/gcc/arm-none-eabi/12.3.1/../../../../arm-none-eabi/lib/thumb/v7e-m+fp/hard\libc_nano.a(libc_a-closer.o)
                              C:/ST/STM32CubeIDE_1.16.0/STM32CubeIDE/plugins/com.st.stm32cube.ide.mcu.externaltools.gnu-tools-for-stm32.12.3.rel1.win32_1.0.200.202406191623/tools/bin/../lib/gcc/arm-none-eabi/12.3.1/../../../../arm-none-eabi/lib/thumb/v7e-m+fp/hard\libc_nano.a(libc_a-stdio.o) (_close_r)
C:/ST/STM32CubeIDE_1.16.0/STM32CubeIDE/plugins/com.st.stm32cube.ide.mcu.externaltools.gnu-tools-for-stm32.12.3.rel1.win32_1.0.200.202406191623/tools/bin/../lib/gcc/arm-none-eabi/12.3.1/../../../../arm-none-eabi/lib/thumb/v7e-m+fp/hard\libc_nano.a(libc_a-reent.o)
                              C:/ST/STM32CubeIDE_1.16.0/STM32CubeIDE/plugins/com.st.stm32cube.ide.mcu.externaltools.gnu-tools-for-stm32.12.3.rel1.win32_1.0.200.202406191623/tools/bin/../lib/gcc/arm-none-eabi/12.3.1/../../../../arm-none-eabi/lib/thumb/v7e-m+fp/hard\libc_nano.a(libc_a-closer.o) (errno)
C:/ST/STM32CubeIDE_1.16.0/STM32CubeIDE/plugins/com.st.stm32cube.ide.mcu.externaltools.gnu-tools-for-stm32.12.3.rel1.win32_1.0.200.202406191623/tools/bin/../lib/gcc/arm-none-eabi/12.3.1/../../../../arm-none-eabi/lib/thumb/v7e-m+fp/hard\libc_nano.a(libc_a-impure.o)
                              C:/ST/STM32CubeIDE_1.16.0/STM32CubeIDE/plugins/com.st.stm32cube.ide.mcu.externaltools.gnu-tools-for-stm32.12.3.rel1.win32_1.0.200.202406191623/tools/bin/../lib/gcc/arm-none-eabi/12.3.1/../../../../arm-none-eabi/lib/thumb/v7e-m+fp/hard\libc_nano.a(libc_a-reent.o) (_impure_ptr)
C:/ST/STM32CubeIDE_1.16.0/STM32CubeIDE/plugins/com.st.stm32cube.ide.mcu.externaltools.gnu-tools-for-stm32.12.3.rel1.win32_1.0.200.202406191623/tools/bin/../lib/gcc/arm-none-eabi/12.3.1/../../../../arm-none-eabi/lib/thumb/v7e-m+fp/hard\libc_nano.a(libc_a-lseekr.o)
[...]
Memory Configuration

Name             Origin             Length             Attributes
RAM              0x20000000         0x00050000         xrw
FLASH            0x08000000         0x00180000         xr
*default*        0x00000000         0xffffffff

Linker script and memory map

LOAD C:/ST/STM32CubeIDE_1.16.0/STM32CubeIDE/plugins/com.st.stm32cube.ide.mcu.externaltools.gnu-tools-for-stm32.12.3.rel1.win32_1.0.200.202406191623/tools/bin/../lib/gcc/arm-none-eabi/12.3.1/thumb/v7e-m+fp/hard/crti.o
LOAD C:/ST/STM32CubeIDE_1.16.0/STM32CubeIDE/plugins/com.st.stm32cube.ide.mcu.externaltools.gnu-tools-for-stm32.12.3.rel1.win32_1.0.200.202406191623/tools/bin/../lib/gcc/arm-none-eabi/12.3.1/thumb/v7e-m+fp/hard/crtbegin.o
LOAD C:/ST/STM32CubeIDE_1.16.0/STM32CubeIDE/plugins/com.st.stm32cube.ide.mcu.externaltools.gnu-tools-for-stm32.12.3.rel1.win32_1.0.200.202406191623/tools/bin/../lib/gcc/arm-none-eabi/12.3.1/../../../../arm-none-eabi/lib/thumb/v7e-m+fp/hard/crt0.o
LOAD ./Core/Src/main.o
LOAD ./Core/Src/stm32f4xx_hal_msp.o
LOAD ./Core/Src/stm32f4xx_it.o
LOAD ./Core/Src/syscalls.o
LOAD ./Core/Src/sysmem.o
LOAD ./Core/Src/system_stm32f4xx.o
LOAD ./Core/Startup/startup_stm32f413zhtx.o
LOAD ./Drivers/API/Src/API_Debounce.o
LOAD ./Drivers/API/Src/API_Delay.o
LOAD ./Drivers/API/Src/API_GPIO.o
LOAD ./Drivers/STM32F4xx_HAL_Driver/Src/stm32f4xx_hal.o
LOAD ./Drivers/STM32F4xx_HAL_Driver/Src/stm32f4xx_hal_cortex.o
LOAD ./Drivers/STM32F4xx_HAL_Driver/Src/stm32f4xx_hal_dma.o
LOAD ./Drivers/STM32F4xx_HAL_Driver/Src/stm32f4xx_hal_dma_ex.o
LOAD ./Drivers/STM32F4xx_HAL_Driver/Src/stm32f4xx_hal_exti.o
LOAD ./Drivers/STM32F4xx_HAL_Driver/Src/stm32f4xx_hal_flash.o
LOAD ./Drivers/STM32F4xx_HAL_Driver/Src/stm32f4xx_hal_flash_ex.o
LOAD ./Drivers/STM32F4xx_HAL_Driver/Src/stm32f4xx_hal_flash_ramfunc.o
LOAD ./Drivers/STM32F4xx_HAL_Driver/Src/stm32f4xx_hal_gpio.o
LOAD ./Drivers/STM32F4xx_HAL_Driver/Src/stm32f4xx_hal_pcd.o
LOAD ./Drivers/STM32F4xx_HAL_Driver/Src/stm32f4xx_hal_pcd_ex.o
LOAD ./Drivers/STM32F4xx_HAL_Driver/Src/stm32f4xx_hal_pwr.o
LOAD ./Drivers/STM32F4xx_HAL_Driver/Src/stm32f4xx_hal_pwr_ex.o
LOAD ./Drivers/STM32F4xx_HAL_Driver/Src/stm32f4xx_hal_rcc.o
LOAD ./Drivers/STM32F4xx_HAL_Driver/Src/stm32f4xx_hal_rcc_ex.o
LOAD ./Drivers/STM32F4xx_HAL_Driver/Src/stm32f4xx_hal_uart.o
LOAD ./Drivers/STM32F4xx_HAL_Driver/Src/stm32f4xx_ll_usb.o
START GROUP
LOAD C:/ST/STM32CubeIDE_1.16.0/STM32CubeIDE/plugins/com.st.stm32cube.ide.mcu.externaltools.gnu-tools-for-stm32.12.3.rel1.win32_1.0.200.202406191623/tools/bin/../lib/gcc/arm-none-eabi/12.3.1/../../../../arm-none-eabi/lib/thumb/v7e-m+fp/hard\libc_nano.a
LOAD C:/ST/STM32CubeIDE_1.16.0/STM32CubeIDE/plugins/com.st.stm32cube.ide.mcu.externaltools.gnu-tools-for-stm32.12.3.rel1.win32_1.0.200.202406191623/tools/bin/../lib/gcc/arm-none-eabi/12.3.1/../../../../arm-none-eabi/lib/thumb/v7e-m+fp/hard\libm.a
END GROUP
START GROUP
LOAD C:/ST/STM32CubeIDE_1.16.0/STM32CubeIDE/plugins/com.st.stm32cube.ide.mcu.externaltools.gnu-tools-for-stm32.12.3.rel1.win32_1.0.200.202406191623/tools/bin/../lib/gcc/arm-none-eabi/12.3.1/thumb/v7e-m+fp/hard\libgcc.a
LOAD C:/ST/STM32CubeIDE_1.16.0/STM32CubeIDE/plugins/com.st.stm32cube.ide.mcu.externaltools.gnu-tools-for-stm32.12.3.rel1.win32_1.0.200.202406191623/tools/bin/../lib/gcc/arm-none-eabi/12.3.1/../../../../arm-none-eabi/lib/thumb/v7e-m+fp/hard\libc_nano.a
END GROUP
START GROUP
LOAD C:/ST/STM32CubeIDE_1.16.0/STM32CubeIDE/plugins/com.st.stm32cube.ide.mcu.externaltools.gnu-tools-for-stm32.12.3.rel1.win32_1.0.200.202406191623/tools/bin/../lib/gcc/arm-none-eabi/12.3.1/thumb/v7e-m+fp/hard\libgcc.a
LOAD C:/ST/STM32CubeIDE_1.16.0/STM32CubeIDE/plugins/com.st.stm32cube.ide.mcu.externaltools.gnu-tools-for-stm32.12.3.rel1.win32_1.0.200.202406191623/tools/bin/../lib/gcc/arm-none-eabi/12.3.1/../../../../arm-none-eabi/lib/thumb/v7e-m+fp/hard\libc_nano.a
LOAD C:/ST/STM32CubeIDE_1.16.0/STM32CubeIDE/plugins/com.st.stm32cube.ide.mcu.externaltools.gnu-tools-for-stm32.12.3.rel1.win32_1.0.200.202406191623/tools/bin/../lib/gcc/arm-none-eabi/12.3.1/../../../../arm-none-eabi/lib/thumb/v7e-m+fp/hard\libnosys.a
END GROUP
START GROUP
LOAD C:/ST/STM32CubeIDE_1.16.0/STM32CubeIDE/plugins/com.st.stm32cube.ide.mcu.externaltools.gnu-tools-for-stm32.12.3.rel1.win32_1.0.200.202406191623/tools/bin/../lib/gcc/arm-none-eabi/12.3.1/thumb/v7e-m+fp/hard\libgcc.a
LOAD C:/ST/STM32CubeIDE_1.16.0/STM32CubeIDE/plugins/com.st.stm32cube.ide.mcu.externaltools.gnu-tools-for-stm32.12.3.rel1.win32_1.0.200.202406191623/tools/bin/../lib/gcc/arm-none-eabi/12.3.1/../../../../arm-none-eabi/lib/thumb/v7e-m+fp/hard\libc_nano.a
LOAD C:/ST/STM32CubeIDE_1.16.0/STM32CubeIDE/plugins/com.st.stm32cube.ide.mcu.externaltools.gnu-tools-for-stm32.12.3.rel1.win32_1.0.200.202406191623/tools/bin/../lib/gcc/arm-none-eabi/12.3.1/../../../../arm-none-eabi/lib/thumb/v7e-m+fp/hard\libnosys.a
END GROUP
LOAD C:/ST/STM32CubeIDE_1.16.0/STM32CubeIDE/plugins/com.st.stm32cube.ide.mcu.externaltools.gnu-tools-for-stm32.12.3.rel1.win32_1.0.200.202406191623/tools/bin/../lib/gcc/arm-none-eabi/12.3.1/thumb/v7e-m+fp/hard/crtend.o
LOAD C:/ST/STM32CubeIDE_1.16.0/STM32CubeIDE/plugins/com.st.stm32cube.ide.mcu.externaltools.gnu-tools-for-stm32.12.3.rel1.win32_1.0.200.202406191623/tools/bin/../lib/gcc/arm-none-eabi/12.3.1/thumb/v7e-m+fp/hard/crtn.o
                0x20050000                        _estack = (ORIGIN (RAM) + LENGTH (RAM))
                0x00000200                        _Min_Heap_Size = 0x200
                0x00000400                        _Min_Stack_Size = 0x400

.isr_vector     0x08000000      0x1d8
                0x08000000                        . = ALIGN (0x4)
 *(.isr_vector)
 .isr_vector    0x08000000      0x1d8 ./Core/Startup/startup_stm32f413zhtx.o
                0x08000000                g_pfnVectors
                0x080001d8                        . = ALIGN (0x4)

.text           0x080001d8     0x2ec0
                0x080001d8                        . = ALIGN (0x4)
 *(.text)
 .text          0x080001d8       0x40 C:/ST/STM32CubeIDE_1.16.0/STM32CubeIDE/plugins/com.st.stm32cube.ide.mcu.externaltools.gnu-tools-for-stm32.12.3.rel1.win32_1.0.200.202406191623/tools/bin/../lib/gcc/arm-none-eabi/12.3.1/thumb/v7e-m+fp/hard/crtbegin.o
 .text          0x08000218       0x30 C:/ST/STM32CubeIDE_1.16.0/STM32CubeIDE/plugins/com.st.stm32cube.ide.mcu.externaltools.gnu-tools-for-stm32.12.3.rel1.win32_1.0.200.202406191623/tools/bin/../lib/gcc/arm-none-eabi/12.3.1/thumb/v7e-m+fp/hard\libgcc.a(_aeabi_uldivmod.o)
                0x08000218                __aeabi_uldivmod
 .text          0x08000248      0x2bc C:/ST/STM32CubeIDE_1.16.0/STM32CubeIDE/plugins/com.st.stm32cube.ide.mcu.externaltools.gnu-tools-for-stm32.12.3.rel1.win32_1.0.200.202406191623/tools/bin/../lib/gcc/arm-none-eabi/12.3.1/thumb/v7e-m+fp/hard\libgcc.a(_udivmoddi4.o)
                0x08000248                __udivmoddi4
 .text          0x08000504        0x4 C:/ST/STM32CubeIDE_1.16.0/STM32CubeIDE/plugins/com.st.stm32cube.ide.mcu.externaltools.gnu-tools-for-stm32.12.3.rel1.win32_1.0.200.202406191623/tools/bin/../lib/gcc/arm-none-eabi/12.3.1/thumb/v7e-m+fp/hard\libgcc.a(_dvmd_tls.o)
                0x08000504                __aeabi_idiv0
                0x08000504                __aeabi_ldiv0
 *(.text*)
 .text.main     0x08000508       0x58 ./Core/Src/main.o
                0x08000508                main
 .text.Error_Handler
                0x08000560        0xc ./Core/Src/main.o
                0x08000560                Error_Handler
 .text.HAL_MspInit
                0x0800056c       0x50 ./Core/Src/stm32f4xx_hal_msp.o
                0x0800056c                HAL_MspInit
 .text.HAL_UART_MspInit
                0x080005bc       0x90 ./Core/Src/stm32f4xx_hal_msp.o
                0x080005bc                HAL_UART_MspInit
 .text.HAL_PCD_MspInit
                0x0800064c       0xdc ./Core/Src/stm32f4xx_hal_msp.o
                0x0800064c                HAL_PCD_MspInit
 .text.NMI_Handler
                0x08000728        0x8 ./Core/Src/stm32f4xx_it.o
                0x08000728                NMI_Handler
 .text.HardFault_Handler
                0x08000730        0x8 ./Core/Src/stm32f4xx_it.o
                0x08000730                HardFault_Handler
 .text.MemManage_Handler
                0x08000738        0x8 ./Core/Src/stm32f4xx_it.o
                0x08000738                MemManage_Handler
 .text.BusFault_Handler
                0x08000740        0x8 ./Core/Src/stm32f4xx_it.o
                0x08000740                BusFault_Handler
 .text.UsageFault_Handler
                0x08000748        0x8 ./Core/Src/stm32f4xx_it.o
                0x08000748                UsageFault_Handler
 .text.SVC_Handler
                0x08000750        0xe ./Core/Src/stm32f4xx_it.o
                0x08000750                SVC_Handler
 .text.DebugMon_Handler
                0x0800075e        0xe ./Core/Src/stm32f4xx_it.o
                0x0800075e                DebugMon_Handler
 .text.PendSV_Handler
                0x0800076c        0xe ./Core/Src/stm32f4xx_it.o
                0x0800076c                PendSV_Handler
 .text.SysTick_Handler
                0x0800077a        0xc ./Core/Src/stm32f4xx_it.o
                0x0800077a                SysTick_Handler
 *fill*         0x08000786        0x2 
 .text.SystemInit
                0x08000788       0x24 ./Core/Src/system_stm32f4xx.o
                0x08000788                SystemInit
 .text.Reset_Handler
                0x080007ac       0x50 ./Core/Startup/startup_stm32f413zhtx.o
                0x080007ac                Reset_Handler
 .text.Default_Handler
                0x080007fc        0x2 ./Core/Startup/startup_stm32f413zhtx.o
                0x080007fc                RTC_Alarm_IRQHandler
                0x080007fc                EXTI2_IRQHandler
                0x080007fc                TIM8_CC_IRQHandler
                0x080007fc                UART8_IRQHandler
                0x080007fc                FMPI2C1_EV_IRQHandler
                0x080007fc                SPI4_IRQHandler
                0x080007fc                TIM1_CC_IRQHandler
                0x080007fc                DMA2_Stream5_IRQHandler
                0x080007fc                DMA1_Stream5_IRQHandler
                0x080007fc                CAN3_RX1_IRQHandler
                0x080007fc                PVD_IRQHandler
                0x080007fc                SDIO_IRQHandler
                0x080007fc                TAMP_STAMP_IRQHandler
                0x080007fc                CAN2_RX1_IRQHandler
                0x080007fc                EXTI3_IRQHandler
                0x080007fc                TIM8_TRG_COM_TIM14_IRQHandler
                0x080007fc                DFSDM1_FLT1_IRQHandler
                0x080007fc                TIM1_UP_TIM10_IRQHandler
                0x080007fc                TIM8_UP_TIM13_IRQHandler
                0x080007fc                I2C3_ER_IRQHandler
                0x080007fc                EXTI0_IRQHandler
                0x080007fc                I2C2_EV_IRQHandler
                0x080007fc                DMA1_Stream2_IRQHandler
                0x080007fc                CAN1_RX0_IRQHandler
                0x080007fc                FPU_IRQHandler
                0x080007fc                CAN3_SCE_IRQHandler
                0x080007fc                CAN2_SCE_IRQHandler
                0x080007fc                DMA2_Stream2_IRQHandler
                0x080007fc                SPI1_IRQHandler
                0x080007fc                TIM6_DAC_IRQHandler
                0x080007fc                TIM1_BRK_TIM9_IRQHandler
                0x080007fc                CAN2_RX0_IRQHandler
                0x080007fc                DMA2_Stream3_IRQHandler
                0x080007fc                USART6_IRQHandler
                0x080007fc                CAN3_RX0_IRQHandler
                0x080007fc                USART3_IRQHandler
                0x080007fc                DFSDM2_FLT3_IRQHandler
                0x080007fc                CAN1_RX1_IRQHandler
                0x080007fc                UART5_IRQHandler
                0x080007fc                DMA2_Stream0_IRQHandler
                0x080007fc                TIM4_IRQHandler
                0x080007fc                QUADSPI_IRQHandler
                0x080007fc                I2C1_EV_IRQHandler
                0x080007fc                DMA1_Stream6_IRQHandler
                0x080007fc                DMA1_Stream1_IRQHandler
                0x080007fc                UART4_IRQHandler
                0x080007fc                TIM3_IRQHandler
                0x080007fc                RCC_IRQHandler
                0x080007fc                UART9_IRQHandler
                0x080007fc                TIM8_BRK_TIM12_IRQHandler
                0x080007fc                Default_Handler
                0x080007fc                EXTI15_10_IRQHandler
                0x080007fc                ADC_IRQHandler
                0x080007fc                DMA1_Stream7_IRQHandler
                0x080007fc                DFSDM2_FLT0_IRQHandler
                0x080007fc                SPI5_IRQHandler
                0x080007fc                TIM7_IRQHandler
                0x080007fc                CAN2_TX_IRQHandler
                0x080007fc                TIM5_IRQHandler
                0x080007fc                DMA2_Stream7_IRQHandler
                0x080007fc                I2C3_EV_IRQHandler
                0x080007fc                DFSDM2_FLT2_IRQHandler
                0x080007fc                EXTI9_5_IRQHandler
                0x080007fc                RTC_WKUP_IRQHandler
                0x080007fc                SPI2_IRQHandler
                0x080007fc                DMA1_Stream0_IRQHandler
                0x080007fc                CAN1_TX_IRQHandler
                0x080007fc                FMPI2C1_ER_IRQHandler
                0x080007fc                EXTI4_IRQHandler
                0x080007fc                DFSDM2_FLT1_IRQHandler
                0x080007fc                RNG_IRQHandler
                0x080007fc                FSMC_IRQHandler
                0x080007fc                WWDG_IRQHandler
                0x080007fc                CAN3_TX_IRQHandler
                0x080007fc                TIM2_IRQHandler
                0x080007fc                OTG_FS_WKUP_IRQHandler
                0x080007fc                TIM1_TRG_COM_TIM11_IRQHandler
                0x080007fc                EXTI1_IRQHandler
                0x080007fc                UART7_IRQHandler
                0x080007fc                USART2_IRQHandler
                0x080007fc                DFSDM1_FLT0_IRQHandler
                0x080007fc                I2C2_ER_IRQHandler
                0x080007fc                DMA2_Stream1_IRQHandler
                0x080007fc                CAN1_SCE_IRQHandler
                0x080007fc                FLASH_IRQHandler
                0x080007fc                DMA2_Stream4_IRQHandler
                0x080007fc                USART1_IRQHandler
                0x080007fc                OTG_FS_IRQHandler
                0x080007fc                SPI3_IRQHandler
                0x080007fc                DMA1_Stream4_IRQHandler
                0x080007fc                I2C1_ER_IRQHandler
                0x080007fc                LPTIM1_IRQHandler
                0x080007fc                DMA2_Stream6_IRQHandler
                0x080007fc                UART10_IRQHandler
                0x080007fc                SAI1_IRQHandler
                0x080007fc                DMA1_Stream3_IRQHandler
 *fill*         0x080007fe        0x2 
 .text.debounceFSM_init
                0x08000800       0x30 ./Drivers/API/Src/API_Debounce.o
                0x08000800                debounceFSM_init
 .text.debounceFSM_update
                0x08000830       0xe8 ./Drivers/API/Src/API_Debounce.o
                0x08000830                debounceFSM_update
 .text.buttonPressed
                0x08000918        0xe ./Drivers/API/Src/API_Debounce.o
                0x08000918                buttonPressed
 .text.buttonReleased
                0x08000926       0x10 ./Drivers/API/Src/API_Debounce.o
                0x08000926                buttonReleased
 .text.delayInit
                0x08000936       0x28 ./Drivers/API/Src/API_Delay.o
                0x08000936                delayInit
 .text.delayRead
                0x0800095e       0x52 ./Drivers/API/Src/API_Delay.o
                0x0800095e                delayRead
 .text.writeLedOff_GPIO
                0x080009b0       0x24 ./Drivers/API/Src/API_GPIO.o
                0x080009b0                writeLedOff_GPIO
 .text.toggleLed_GPIO
                0x080009d4       0x20 ./Drivers/API/Src/API_GPIO.o
                0x080009d4                toggleLed_GPIO
 .text.readButton_GPIO
                0x080009f4       0x24 ./Drivers/API/Src/API_GPIO.o
                0x080009f4                readButton_GPIO
 .text.SystemClock_Config
                0x08000a18       0xd8 ./Drivers/API/Src/API_GPIO.o
                0x08000a18                SystemClock_Config
 .text.MX_USART3_UART_Init
                0x08000af0       0x54 ./Drivers/API/Src/API_GPIO.o
                0x08000af0                MX_USART3_UART_Init
 .text.MX_USB_OTG_FS_PCD_Init
                0x08000b44       0x60 ./Drivers/API/Src/API_GPIO.o
                0x08000b44                MX_USB_OTG_FS_PCD_Init
 .text.MX_GPIO_Init
                0x08000ba4      0x15c ./Drivers/API/Src/API_GPIO.o
                0x08000ba4                MX_GPIO_Init
 .text.HAL_Init
                0x08000d00       0x44 ./Drivers/STM32F4xx_HAL_Driver/Src/stm32f4xx_hal.o
                0x08000d00                HAL_Init
 .text.HAL_InitTick
                0x08000d44       0x60 ./Drivers/STM32F4xx_HAL_Driver/Src/stm32f4xx_hal.o
                0x08000d44                HAL_InitTick
 .text.HAL_IncTick
                0x08000da4       0x28 ./Drivers/STM32F4xx_HAL_Driver/Src/stm32f4xx_hal.o
                0x08000da4                HAL_IncTick
 .text.HAL_GetTick
                0x08000dcc       0x18 ./Drivers/STM32F4xx_HAL_Driver/Src/stm32f4xx_hal.o
                0x08000dcc                HAL_GetTick
 .text.HAL_Delay
                0x08000de4       0x48 ./Drivers/STM32F4xx_HAL_Driver/Src/stm32f4xx_hal.o
                0x08000de4                HAL_Delay
 .text.__NVIC_SetPriorityGrouping
                0x08000e2c       0x48 ./Drivers/STM32F4xx_HAL_Driver/Src/stm32f4xx_hal_cortex.o
 .text.__NVIC_GetPriorityGrouping
                0x08000e74       0x1c ./Drivers/STM32F4xx_HAL_Driver/Src/stm32f4xx_hal_cortex.o
 .text.__NVIC_SetPriority
                0x08000e90       0x54 ./Drivers/STM32F4xx_HAL_Driver/Src/stm32f4xx_hal_cortex.o
 .text.NVIC_EncodePriority
                0x08000ee4       0x66 ./Drivers/STM32F4xx_HAL_Driver/Src/stm32f4xx_hal_cortex.o
 *fill*         0x08000f4a        0x2 
 .text.SysTick_Config
                0x08000f4c       0x44 ./Drivers/STM32F4xx_HAL_Driver/Src/stm32f4xx_hal_cortex.o
 .text.HAL_NVIC_SetPriorityGrouping
                0x08000f90       0x16 ./Drivers/STM32F4xx_HAL_Driver/Src/stm32f4xx_hal_cortex.o
                0x08000f90                HAL_NVIC_SetPriorityGrouping
 .text.HAL_NVIC_SetPriority
                0x08000fa6       0x38 ./Drivers/STM32F4xx_HAL_Driver/Src/stm32f4xx_hal_cortex.o
                0x08000fa6                HAL_NVIC_SetPriority
 .text.HAL_SYSTICK_Config
                0x08000fde       0x18 ./Drivers/STM32F4xx_HAL_Driver/Src/stm32f4xx_hal_cortex.o
                0x08000fde                HAL_SYSTICK_Config
 *fill*         0x08000ff6        0x2 
 .text.HAL_GPIO_Init
                0x08000ff8      0x328 ./Drivers/STM32F4xx_HAL_Driver/Src/stm32f4xx_hal_gpio.o
                0x08000ff8                HAL_GPIO_Init
 .text.HAL_GPIO_ReadPin
                0x08001320       0x30 ./Drivers/STM32F4xx_HAL_Driver/Src/stm32f4xx_hal_gpio.o
                0x08001320                HAL_GPIO_ReadPin
 .text.HAL_GPIO_WritePin
                0x08001350       0x32 ./Drivers/STM32F4xx_HAL_Driver/Src/stm32f4xx_hal_gpio.o
                0x08001350                HAL_GPIO_WritePin
 .text.HAL_GPIO_TogglePin
                0x08001382       0x34 ./Drivers/STM32F4xx_HAL_Driver/Src/stm32f4xx_hal_gpio.o
                0x08001382                HAL_GPIO_TogglePin
 .text.HAL_PCD_Init
                0x080013b6      0x22c ./Drivers/STM32F4xx_HAL_Driver/Src/stm32f4xx_hal_pcd.o
                0x080013b6                HAL_PCD_Init
 .text.HAL_PCDEx_ActivateLPM
                0x080015e2       0x48 ./Drivers/STM32F4xx_HAL_Driver/Src/stm32f4xx_hal_pcd_ex.o
                0x080015e2                HAL_PCDEx_ActivateLPM
 *fill*         0x0800162a        0x2 
 .text.HAL_RCC_ClockConfig
                0x0800162c      0x1cc ./Drivers/STM32F4xx_HAL_Driver/Src/stm32f4xx_hal_rcc.o
                0x0800162c                HAL_RCC_ClockConfig
 .text.HAL_RCC_GetSysClockFreq
                0x080017f8      0x20c ./Drivers/STM32F4xx_HAL_Driver/Src/stm32f4xx_hal_rcc.o
                0x080017f8                HAL_RCC_GetSysClockFreq
 .text.HAL_RCC_GetHCLKFreq
                0x08001a04       0x18 ./Drivers/STM32F4xx_HAL_Driver/Src/stm32f4xx_hal_rcc.o
                0x08001a04                HAL_RCC_GetHCLKFreq
 .text.HAL_RCC_GetPCLK1Freq
                0x08001a1c       0x28 ./Drivers/STM32F4xx_HAL_Driver/Src/stm32f4xx_hal_rcc.o
                0x08001a1c                HAL_RCC_GetPCLK1Freq
 .text.HAL_RCC_GetPCLK2Freq
                0x08001a44       0x28 ./Drivers/STM32F4xx_HAL_Driver/Src/stm32f4xx_hal_rcc.o
                0x08001a44                HAL_RCC_GetPCLK2Freq
 .text.HAL_RCCEx_PeriphCLKConfig
                0x08001a6c      0x518 ./Drivers/STM32F4xx_HAL_Driver/Src/stm32f4xx_hal_rcc_ex.o
                0x08001a6c                HAL_RCCEx_PeriphCLKConfig
 .text.HAL_RCC_OscConfig
                0x08001f84      0x508 ./Drivers/STM32F4xx_HAL_Driver/Src/stm32f4xx_hal_rcc_ex.o
                0x08001f84                HAL_RCC_OscConfig
 .text.HAL_UART_Init
                0x0800248c       0xa0 ./Drivers/STM32F4xx_HAL_Driver/Src/stm32f4xx_hal_uart.o
                0x0800248c                HAL_UART_Init
 .text.UART_SetConfig
                0x0800252c      0x508 ./Drivers/STM32F4xx_HAL_Driver/Src/stm32f4xx_hal_uart.o
 .text.USB_CoreInit
                0x08002a34       0xc8 ./Drivers/STM32F4xx_HAL_Driver/Src/stm32f4xx_ll_usb.o
                0x08002a34                USB_CoreInit
 .text.USB_DisableGlobalInt
                0x08002afc       0x22 ./Drivers/STM32F4xx_HAL_Driver/Src/stm32f4xx_ll_usb.o
                0x08002afc                USB_DisableGlobalInt
 .text.USB_SetCurrentMode
                0x08002b1e       0x98 ./Drivers/STM32F4xx_HAL_Driver/Src/stm32f4xx_ll_usb.o
                0x08002b1e                USB_SetCurrentMode
 *fill*         0x08002bb6        0x2 
 .text.USB_DevInit
                0x08002bb8      0x2bc ./Drivers/STM32F4xx_HAL_Driver/Src/stm32f4xx_ll_usb.o
                0x08002bb8                USB_DevInit
 .text.USB_FlushTxFifo
                0x08002e74       0x64 ./Drivers/STM32F4xx_HAL_Driver/Src/stm32f4xx_ll_usb.o
                0x08002e74                USB_FlushTxFifo
 .text.USB_FlushRxFifo
                0x08002ed8       0x5c ./Drivers/STM32F4xx_HAL_Driver/Src/stm32f4xx_ll_usb.o
                0x08002ed8                USB_FlushRxFifo
 .text.USB_SetDevSpeed
                0x08002f34       0x32 ./Drivers/STM32F4xx_HAL_Driver/Src/stm32f4xx_ll_usb.o
                0x08002f34                USB_SetDevSpeed
 .text.USB_DevDisconnect
                0x08002f66       0x42 ./Drivers/STM32F4xx_HAL_Driver/Src/stm32f4xx_ll_usb.o
                0x08002f66                USB_DevDisconnect
 .text.USB_GetMode
                0x08002fa8       0x1c ./Drivers/STM32F4xx_HAL_Driver/Src/stm32f4xx_ll_usb.o
                0x08002fa8                USB_GetMode
 .text.USB_CoreReset
                0x08002fc4       0x62 ./Drivers/STM32F4xx_HAL_Driver/Src/stm32f4xx_ll_usb.o
 .text.memset   0x08003026       0x10 C:/ST/STM32CubeIDE_1.16.0/STM32CubeIDE/plugins/com.st.stm32cube.ide.mcu.externaltools.gnu-tools-for-stm32.12.3.rel1.win32_1.0.200.202406191623/tools/bin/../lib/gcc/arm-none-eabi/12.3.1/../../../../arm-none-eabi/lib/thumb/v7e-m+fp/hard\libc_nano.a(libc_a-memset.o)
                0x08003026                memset
 *fill*         0x08003036        0x2 
 .text.__libc_init_array
                0x08003038       0x48 C:/ST/STM32CubeIDE_1.16.0/STM32CubeIDE/plugins/com.st.stm32cube.ide.mcu.externaltools.gnu-tools-for-stm32.12.3.rel1.win32_1.0.200.202406191623/tools/bin/../lib/gcc/arm-none-eabi/12.3.1/../../../../arm-none-eabi/lib/thumb/v7e-m+fp/hard\libc_nano.a(libc_a-init.o)
                0x08003038                __libc_init_array
 *(.glue_7)
 .glue_7        0x08003080        0x0 linker stubs
 *(.glue_7t)
 .glue_7t       0x08003080        0x0 linker stubs
 *(.eh_frame)
 .eh_frame      0x08003080        0x0 C:/ST/STM32CubeIDE_1.16.0/STM32CubeIDE/plugins/com.st.stm32cube.ide.mcu.externaltools.gnu-tools-for-stm32.12.3.rel1.win32_1.0.200.202406191623/tools/bin/../lib/gcc/arm-none-eabi/12.3.1/thumb/v7e-m+fp/hard/crtbegin.o
 *(.init)
 .init          0x08003080        0x4 C:/ST/STM32CubeIDE_1.16.0/STM32CubeIDE/plugins/com.st.stm32cube.ide.mcu.externaltools.gnu-tools-for-stm32.12.3.rel1.win32_1.0.200.202406191623/tools/bin/../lib/gcc/arm-none-eabi/12.3.1/thumb/v7e-m+fp/hard/crti.o
                0x08003080                _init
 .init          0x08003084        0x8 C:/ST/STM32CubeIDE_1.16.0/STM32CubeIDE/plugins/com.st.stm32cube.ide.mcu.externaltools.gnu-tools-for-stm32.12.3.rel1.win32_1.0.200.202406191623/tools/bin/../lib/gcc/arm-none-eabi/12.3.1/thumb/v7e-m+fp/hard/crtn.o
 *(.fini)
 .fini          0x0800308c        0x4 C:/ST/STM32CubeIDE_1.16.0/STM32CubeIDE/plugins/com.st.stm32cube.ide.mcu.externaltools.gnu-tools-for-stm32.12.3.rel1.win32_1.0.200.202406191623/tools/bin/../lib/gcc/arm-none-eabi/12.3.1/thumb/v7e-m+fp/hard/crti.o
                0x0800308c                _fini
 .fini          0x08003090        0x8 C:/ST/STM32CubeIDE_1.16.0/STM32CubeIDE/plugins/com.st.stm32cube.ide.mcu.externaltools.gnu-tools-for-stm32.12.3.rel1.win32_1.0.200.202406191623/tools/bin/../lib/gcc/arm-none-eabi/12.3.1/thumb/v7e-m+fp/hard/crtn.o
                0x08003098                        . = ALIGN (0x4)
                0x08003098                        _etext = .

.vfp11_veneer   0x08003098        0x0
 .vfp11_veneer  0x08003098        0x0 linker stubs

.v4_bx          0x08003098        0x0
 .v4_bx         0x08003098        0x0 linker stubs

.iplt           0x08003098        0x0
 .iplt          0x08003098        0x0 C:/ST/STM32CubeIDE_1.16.0/STM32CubeIDE/plugins/com.st.stm32cube.ide.mcu.externaltools.gnu-tools-for-stm32.12.3.rel1.win32_1.0.200.202406191623/tools/bin/../lib/gcc/arm-none-eabi/12.3.1/thumb/v7e-m+fp/hard/crtbegin.o

.rodata         0x08003098       0x18
                0x08003098                        . = ALIGN (0x4)
 *(.rodata)
 *(.rodata*)
 .rodata.AHBPrescTable
                0x08003098       0x10 ./Core/Src/system_stm32f4xx.o
                0x08003098                AHBPrescTable
 .rodata.APBPrescTable
                0x080030a8        0x8 ./Core/Src/system_stm32f4xx.o
                0x080030a8                APBPrescTable
                0x080030b0                        . = ALIGN (0x4)

.ARM.extab      0x080030b0        0x0
                0x080030b0                        . = ALIGN (0x4)
 *(.ARM.extab* .gnu.linkonce.armextab.*)
                0x080030b0                        . = ALIGN (0x4)

.ARM            0x080030b0        0x8
                0x080030b0                        . = ALIGN (0x4)
                0x080030b0                        __exidx_start = .
 *(.ARM.exidx*)
 .ARM.exidx     0x080030b0        0x8 C:/ST/STM32CubeIDE_1.16.0/STM32CubeIDE/plugins/com.st.stm32cube.ide.mcu.externaltools.gnu-tools-for-stm32.12.3.rel1.win32_1.0.200.202406191623/tools/bin/../lib/gcc/arm-none-eabi/12.3.1/thumb/v7e-m+fp/hard\libgcc.a(_udivmoddi4.o)
                0x080030b8                        __exidx_end = .
                0x080030b8                        . = ALIGN (0x4)

.preinit_array  0x080030b8        0x0
                0x080030b8                        . = ALIGN (0x4)
                0x080030b8                        PROVIDE (__preinit_array_start = .)
 *(.preinit_array*)
                0x080030b8                        PROVIDE (__preinit_array_end = .)
                0x080030b8                        . = ALIGN (0x4)

.init_array     0x080030b8        0x4
                0x080030b8                        . = ALIGN (0x4)
                0x080030b8                        PROVIDE (__init_array_start = .)
 *(SORT_BY_NAME(.init_array.*))
 *(.init_array*)
 .init_array    0x080030b8        0x4 C:/ST/STM32CubeIDE_1.16.0/STM32CubeIDE/plugins/com.st.stm32cube.ide.mcu.externaltools.gnu-tools-for-stm32.12.3.rel1.win32_1.0.200.202406191623/tools/bin/../lib/gcc/arm-none-eabi/12.3.1/thumb/v7e-m+fp/hard/crtbegin.o
                0x080030bc                        PROVIDE (__init_array_end = .)
                0x080030bc                        . = ALIGN (0x4)

.fini_array     0x080030bc        0x4
                0x080030bc                        . = ALIGN (0x4)
                [!provide]                        PROVIDE (__fini_array_start = .)
 *(SORT_BY_NAME(.fini_array.*))
 *(.fini_array*)
 .fini_array    0x080030bc        0x4 C:/ST/STM32CubeIDE_1.16.0/STM32CubeIDE/plugins/com.st.stm32cube.ide.mcu.externaltools.gnu-tools-for-stm32.12.3.rel1.win32_1.0.200.202406191623/tools/bin/../lib/gcc/arm-none-eabi/12.3.1/thumb/v7e-m+fp/hard/crtbegin.o
                [!provide]                        PROVIDE (__fini_array_end = .)
                0x080030c0                        . = ALIGN (0x4)
                0x080030c0                        _sidata = LOADADDR (.data)

.rel.dyn        0x080030c0        0x0
 .rel.iplt      0x080030c0        0x0 C:/ST/STM32CubeIDE_1.16.0/STM32CubeIDE/plugins/com.st.stm32cube.ide.mcu.externaltools.gnu-tools-for-stm32.12.3.rel1.win32_1.0.200.202406191623/tools/bin/../lib/gcc/arm-none-eabi/12.3.1/thumb/v7e-m+fp/hard/crtbegin.o

.data           0x20000000       0x14 load address 0x080030c0
                0x20000000                        . = ALIGN (0x4)
                0x20000000                        _sdata = .
 *(.data)
 *(.data*)
 .data.LED      0x20000000        0x6 ./Core/Src/main.o
                0x20000000                LED
 .data.readButton
                0x20000006        0x1 ./Core/Src/main.o
                0x20000006                readButton
 *fill*         0x20000007        0x1 
 .data.SystemCoreClock
                0x20000008        0x4 ./Core/Src/system_stm32f4xx.o
                0x20000008                SystemCoreClock
 .data.uwTickPrio
                0x2000000c        0x4 ./Drivers/STM32F4xx_HAL_Driver/Src/stm32f4xx_hal.o
                0x2000000c                uwTickPrio
 .data.uwTickFreq
                0x20000010        0x1 ./Drivers/STM32F4xx_HAL_Driver/Src/stm32f4xx_hal.o
                0x20000010                uwTickFreq
 *(.RamFunc)
 *(.RamFunc*)
                0x20000014                        . = ALIGN (0x4)
 *fill*         0x20000011        0x3 
                0x20000014                        _edata = .

.igot.plt       0x20000014        0x0 load address 0x080030d4
 .igot.plt      0x20000014        0x0 C:/ST/STM32CubeIDE_1.16.0/STM32CubeIDE/plugins/com.st.stm32cube.ide.mcu.externaltools.gnu-tools-for-stm32.12.3.rel1.win32_1.0.200.202406191623/tools/bin/../lib/gcc/arm-none-eabi/12.3.1/thumb/v7e-m+fp/hard/crtbegin.o
                0x20000014                        . = ALIGN (0x4)

.bss            0x20000014      0x55c load address 0x080030d4
                0x20000014                        _sbss = .
                0x20000014                        __bss_start__ = _sbss
 *(.bss)
 .bss           0x20000014       0x1c C:/ST/STM32CubeIDE_1.16.0/STM32CubeIDE/plugins/com.st.stm32cube.ide.mcu.externaltools.gnu-tools-for-stm32.12.3.rel1.win32_1.0.200.202406191623/tools/bin/../lib/gcc/arm-none-eabi/12.3.1/thumb/v7e-m+fp/hard/crtbegin.o
 *(.bss*)
 .bss.actualState
                0x20000030        0x1 ./Drivers/API/Src/API_Debounce.o
 .bss.keyPressed
                0x20000031        0x1 ./Drivers/API/Src/API_Debounce.o
 .bss.flanco_descendente
                0x20000032        0x1 ./Drivers/API/Src/API_Debounce.o
 .bss.buttonRead
                0x20000033        0x1 ./Drivers/API/Src/API_Debounce.o
                0x20000033                buttonRead
 .bss.debounceDelay
                0x20000034        0xc ./Drivers/API/Src/API_Debounce.o
                0x20000034                debounceDelay
 .bss.huart3    0x20000040       0x48 ./Drivers/API/Src/API_GPIO.o
                0x20000040                huart3
 .bss.hpcd_USB_OTG_FS
                0x20000088      0x4e4 ./Drivers/API/Src/API_GPIO.o
                0x20000088                hpcd_USB_OTG_FS
 .bss.uwTick    0x2000056c        0x4 ./Drivers/STM32F4xx_HAL_Driver/Src/stm32f4xx_hal.o
                0x2000056c                uwTick
 *(COMMON)
                0x20000570                        . = ALIGN (0x4)
                0x20000570                        _ebss = .
                0x20000570                        __bss_end__ = _ebss

._user_heap_stack
                0x20000570      0x600 load address 0x080030d4
                0x20000570                        . = ALIGN (0x8)
                [!provide]                        PROVIDE (end = .)
                0x20000570                        PROVIDE (_end = .)
                0x20000770                        . = (. + _Min_Heap_Size)
 *fill*         0x20000570      0x200 
                0x20000b70                        . = (. + _Min_Stack_Size)
 *fill*         0x20000770      0x400 
                0x20000b70                        . = ALIGN (0x8)

/DISCARD/
 libc.a(*)
 libm.a(*)
 libgcc.a(*)

.ARM.attributes
                0x00000000       0x30
 *(.ARM.attributes)
 .ARM.attributes
                0x00000000       0x22 C:/ST/STM32CubeIDE_1.16.0/STM32CubeIDE/plugins/com.st.stm32cube.ide.mcu.externaltools.gnu-tools-for-stm32.12.3.rel1.win32_1.0.200.202406191623/tools/bin/../lib/gcc/arm-none-eabi/12.3.1/thumb/v7e-m+fp/hard/crti.o
 .ARM.attributes
                0x00000022       0x34 C:/ST/STM32CubeIDE_1.16.0/STM32CubeIDE/plugins/com.st.stm32cube.ide.mcu.externaltools.gnu-tools-for-stm32.12.3.rel1.win32_1.0.200.202406191623/tools/bin/../lib/gcc/arm-none-eabi/12.3.1/thumb/v7e-m+fp/hard/crtbegin.o
 .ARM.attributes
                0x00000056       0x34 ./Core/Src/main.o
 .ARM.attributes
                0x0000008a       0x34 ./Core/Src/stm32f4xx_hal_msp.o
 .ARM.attributes
                0x000000be       0x34 ./Core/Src/stm32f4xx_it.o
 .ARM.attributes
                0x000000f2       0x34 ./Core/Src/system_stm32f4xx.o
 .ARM.attributes
                0x00000126       0x21 ./Core/Startup/startup_stm32f413zhtx.o
 .ARM.attributes
                0x00000147       0x34 ./Drivers/API/Src/API_Debounce.o
 .ARM.attributes
                0x0000017b       0x34 ./Drivers/API/Src/API_Delay.o
 .ARM.attributes
                0x000001af       0x34 ./Drivers/API/Src/API_GPIO.o
 .ARM.attributes
                0x000001e3       0x34 ./Drivers/STM32F4xx_HAL_Driver/Src/stm32f4xx_hal.o
 .ARM.attributes
                0x00000217       0x34 ./Drivers/STM32F4xx_HAL_Driver/Src/stm32f4xx_hal_cortex.o
 .ARM.attributes
                0x0000024b       0x34 ./Drivers/STM32F4xx_HAL_Driver/Src/stm32f4xx_hal_gpio.o
 .ARM.attributes
                0x0000027f       0x34 ./Drivers/STM32F4xx_HAL_Driver/Src/stm32f4xx_hal_pcd.o
 .ARM.attributes
                0x000002b3       0x34 ./Drivers/STM32F4xx_HAL_Driver/Src/stm32f4xx_hal_pcd_ex.o
 .ARM.attributes
                0x000002e7       0x34 ./Drivers/STM32F4xx_HAL_Driver/Src/stm32f4xx_hal_rcc.o
 .ARM.attributes
                0x0000031b       0x34 ./Drivers/STM32F4xx_HAL_Driver/Src/stm32f4xx_hal_rcc_ex.o
 .ARM.attributes
                0x0000034f       0x34 ./Drivers/STM32F4xx_HAL_Driver/Src/stm32f4xx_hal_uart.o
 .ARM.attributes
                0x00000383       0x34 ./Drivers/STM32F4xx_HAL_Driver/Src/stm32f4xx_ll_usb.o
 .ARM.attributes
                0x000003b7       0x34 C:/ST/STM32CubeIDE_1.16.0/STM32CubeIDE/plugins/com.st.stm32cube.ide.mcu.externaltools.gnu-tools-for-stm32.12.3.rel1.win32_1.0.200.202406191623/tools/bin/../lib/gcc/arm-none-eabi/12.3.1/../../../../arm-none-eabi/lib/thumb/v7e-m+fp/hard\libc_nano.a(libc_a-memset.o)
 .ARM.attributes
                0x000003eb       0x34 C:/ST/STM32CubeIDE_1.16.0/STM32CubeIDE/plugins/com.st.stm32cube.ide.mcu.externaltools.gnu-tools-for-stm32.12.3.rel1.win32_1.0.200.202406191623/tools/bin/../lib/gcc/arm-none-eabi/12.3.1/../../../../arm-none-eabi/lib/thumb/v7e-m+fp/hard\libc_nano.a(libc_a-init.o)
 .ARM.attributes
                0x0000041f       0x22 C:/ST/STM32CubeIDE_1.16.0/STM32CubeIDE/plugins/com.st.stm32cube.ide.mcu.externaltools.gnu-tools-for-stm32.12.3.rel1.win32_1.0.200.202406191623/tools/bin/../lib/gcc/arm-none-eabi/12.3.1/thumb/v7e-m+fp/hard\libgcc.a(_aeabi_uldivmod.o)
 .ARM.attributes
                0x00000441       0x34 C:/ST/STM32CubeIDE_1.16.0/STM32CubeIDE/plugins/com.st.stm32cube.ide.mcu.externaltools.gnu-tools-for-stm32.12.3.rel1.win32_1.0.200.202406191623/tools/bin/../lib/gcc/arm-none-eabi/12.3.1/thumb/v7e-m+fp/hard\libgcc.a(_udivmoddi4.o)
 .ARM.attributes
                0x00000475       0x22 C:/ST/STM32CubeIDE_1.16.0/STM32CubeIDE/plugins/com.st.stm32cube.ide.mcu.externaltools.gnu-tools-for-stm32.12.3.rel1.win32_1.0.200.202406191623/tools/bin/../lib/gcc/arm-none-eabi/12.3.1/thumb/v7e-m+fp/hard\libgcc.a(_dvmd_tls.o)
 .ARM.attributes
                0x00000497       0x22 C:/ST/STM32CubeIDE_1.16.0/STM32CubeIDE/plugins/com.st.stm32cube.ide.mcu.externaltools.gnu-tools-for-stm32.12.3.rel1.win32_1.0.200.202406191623/tools/bin/../lib/gcc/arm-none-eabi/12.3.1/thumb/v7e-m+fp/hard/crtn.o
OUTPUT(AFP_4_Grupo_8_2024_App_4.0.elf elf32-littlearm)
LOAD linker stubs
LOAD C:/ST/STM32CubeIDE_1.16.0/STM32CubeIDE/plugins/com.st.stm32cube.ide.mcu.externaltools.gnu-tools-for-stm32.12.3.rel1.win32_1.0.200.202406191623/tools/bin/../lib/gcc/arm-none-eabi/12.3.1/../../../../arm-none-eabi/lib/thumb/v7e-m+fp/hard\libc.a
LOAD C:/ST/STM32CubeIDE_1.16.0/STM32CubeIDE/plugins/com.st.stm32cube.ide.mcu.externaltools.gnu-tools-for-stm32.12.3.rel1.win32_1.0.200.202406191623/tools/bin/../lib/gcc/arm-none-eabi/12.3.1/../../../../arm-none-eabi/lib/thumb/v7e-m+fp/hard\libm.a
LOAD C:/ST/STM32CubeIDE_1.16.0/STM32CubeIDE/plugins/com.st.stm32cube.ide.mcu.externaltools.gnu-tools-for-stm32.12.3.rel1.win32_1.0.200.202406191623/tools/bin/../lib/gcc/arm-none-eabi/12.3.1/thumb/v7e-m+fp/hard\libgcc.a

.debug_info     0x00000000     0xc626
 .debug_info    0x00000000      0x1db ./Core/Src/main.o
 .debug_info    0x000001db     0x108e ./Core/Src/stm32f4xx_hal_msp.o
 .debug_info    0x00001269      0x112 ./Core/Src/stm32f4xx_it.o
 .debug_info    0x0000137b      0x54a ./Core/Src/system_stm32f4xx.o
 .debug_info    0x000018c5       0x30 ./Core/Startup/startup_stm32f413zhtx.o
 .debug_info    0x000018f5      0x269 ./Drivers/API/Src/API_Debounce.o
 .debug_info    0x00001b5e      0x183 ./Drivers/API/Src/API_Delay.o
 .debug_info    0x00001ce1     0x11c4 ./Drivers/API/Src/API_GPIO.o
 .debug_info    0x00002ea5      0x9ca ./Drivers/STM32F4xx_HAL_Driver/Src/stm32f4xx_hal.o
 .debug_info    0x0000386f      0xdda ./Drivers/STM32F4xx_HAL_Driver/Src/stm32f4xx_hal_cortex.o
 .debug_info    0x00004649      0x723 ./Drivers/STM32F4xx_HAL_Driver/Src/stm32f4xx_hal_gpio.o
 .debug_info    0x00004d6c     0x15e3 ./Drivers/STM32F4xx_HAL_Driver/Src/stm32f4xx_hal_pcd.o
 .debug_info    0x0000634f      0x883 ./Drivers/STM32F4xx_HAL_Driver/Src/stm32f4xx_hal_pcd_ex.o
 .debug_info    0x00006bd2      0x8eb ./Drivers/STM32F4xx_HAL_Driver/Src/stm32f4xx_hal_rcc.o
 .debug_info    0x000074bd      0x829 ./Drivers/STM32F4xx_HAL_Driver/Src/stm32f4xx_hal_rcc_ex.o
 .debug_info    0x00007ce6     0x2f4f ./Drivers/STM32F4xx_HAL_Driver/Src/stm32f4xx_hal_uart.o
 .debug_info    0x0000ac35     0x19f1 ./Drivers/STM32F4xx_HAL_Driver/Src/stm32f4xx_ll_usb.o

.debug_abbrev   0x00000000     0x2056
 .debug_abbrev  0x00000000      0x147 ./Core/Src/main.o
 .debug_abbrev  0x00000147      0x217 ./Core/Src/stm32f4xx_hal_msp.o
 .debug_abbrev  0x0000035e       0x73 ./Core/Src/stm32f4xx_it.o
 .debug_abbrev  0x000003d1      0x11a ./Core/Src/system_stm32f4xx.o
 .debug_abbrev  0x000004eb       0x24 ./Core/Startup/startup_stm32f413zhtx.o
 .debug_abbrev  0x0000050f      0x151 ./Drivers/API/Src/API_Debounce.o
 .debug_abbrev  0x00000660       0xde ./Drivers/API/Src/API_Delay.o
 .debug_abbrev  0x0000073e      0x28c ./Drivers/API/Src/API_GPIO.o
 .debug_abbrev  0x000009ca      0x214 ./Drivers/STM32F4xx_HAL_Driver/Src/stm32f4xx_hal.o
 .debug_abbrev  0x00000bde      0x31d ./Drivers/STM32F4xx_HAL_Driver/Src/stm32f4xx_hal_cortex.o
 .debug_abbrev  0x00000efb      0x1d4 ./Drivers/STM32F4xx_HAL_Driver/Src/stm32f4xx_hal_gpio.o
 .debug_abbrev  0x000010cf      0x2d0 ./Drivers/STM32F4xx_HAL_Driver/Src/stm32f4xx_hal_pcd.o
 .debug_abbrev  0x0000139f      0x25a ./Drivers/STM32F4xx_HAL_Driver/Src/stm32f4xx_hal_pcd_ex.o
 .debug_abbrev  0x000015f9      0x2b7 ./Drivers/STM32F4xx_HAL_Driver/Src/stm32f4xx_hal_rcc.o
 .debug_abbrev  0x000018b0      0x1e5 ./Drivers/STM32F4xx_HAL_Driver/Src/stm32f4xx_hal_rcc_ex.o
 .debug_abbrev  0x00001a95      0x30e ./Drivers/STM32F4xx_HAL_Driver/Src/stm32f4xx_hal_uart.o
 .debug_abbrev  0x00001da3      0x2b3 ./Drivers/STM32F4xx_HAL_Driver/Src/stm32f4xx_ll_usb.o

.debug_aranges  0x00000000      0xa90
 .debug_aranges
                0x00000000       0x28 ./Core/Src/main.o
 .debug_aranges
                0x00000028       0x40 ./Core/Src/stm32f4xx_hal_msp.o
 .debug_aranges
                0x00000068       0x60 ./Core/Src/stm32f4xx_it.o
 .debug_aranges
                0x000000c8       0x28 ./Core/Src/system_stm32f4xx.o
 .debug_aranges
                0x000000f0       0x28 ./Core/Startup/startup_stm32f413zhtx.o
 .debug_aranges
                0x00000118       0x40 ./Drivers/API/Src/API_Debounce.o
 .debug_aranges
                0x00000158       0x30 ./Drivers/API/Src/API_Delay.o
 .debug_aranges
                0x00000188       0x58 ./Drivers/API/Src/API_GPIO.o
 .debug_aranges
                0x000001e0       0xf0 ./Drivers/STM32F4xx_HAL_Driver/Src/stm32f4xx_hal.o
 .debug_aranges
                0x000002d0      0x130 ./Drivers/STM32F4xx_HAL_Driver/Src/stm32f4xx_hal_cortex.o
 .debug_aranges
                0x00000400       0x58 ./Drivers/STM32F4xx_HAL_Driver/Src/stm32f4xx_hal_gpio.o
 .debug_aranges
                0x00000458      0x148 ./Drivers/STM32F4xx_HAL_Driver/Src/stm32f4xx_hal_pcd.o
 .debug_aranges
                0x000005a0       0x60 ./Drivers/STM32F4xx_HAL_Driver/Src/stm32f4xx_hal_pcd_ex.o
 .debug_aranges
                0x00000600       0x88 ./Drivers/STM32F4xx_HAL_Driver/Src/stm32f4xx_hal_rcc.o
 .debug_aranges
                0x00000688       0x60 ./Drivers/STM32F4xx_HAL_Driver/Src/stm32f4xx_hal_rcc_ex.o
 .debug_aranges
                0x000006e8      0x208 ./Drivers/STM32F4xx_HAL_Driver/Src/stm32f4xx_hal_uart.o
 .debug_aranges
                0x000008f0      0x1a0 ./Drivers/STM32F4xx_HAL_Driver/Src/stm32f4xx_ll_usb.o

.debug_rnglists
                0x00000000      0x806
 .debug_rnglists
                0x00000000       0x19 ./Core/Src/main.o
 .debug_rnglists
                0x00000019       0x2d ./Core/Src/stm32f4xx_hal_msp.o
 .debug_rnglists
                0x00000046       0x43 ./Core/Src/stm32f4xx_it.o
 .debug_rnglists
                0x00000089       0x1a ./Core/Src/system_stm32f4xx.o
 .debug_rnglists
                0x000000a3       0x19 ./Core/Startup/startup_stm32f413zhtx.o
 .debug_rnglists
                0x000000bc       0x2c ./Drivers/API/Src/API_Debounce.o
 .debug_rnglists
                0x000000e8       0x1f ./Drivers/API/Src/API_Delay.o
 .debug_rnglists
                0x00000107       0x3f ./Drivers/API/Src/API_GPIO.o
 .debug_rnglists
                0x00000146       0xaf ./Drivers/STM32F4xx_HAL_Driver/Src/stm32f4xx_hal.o
 .debug_rnglists
                0x000001f5       0xe0 ./Drivers/STM32F4xx_HAL_Driver/Src/stm32f4xx_hal_cortex.o
 .debug_rnglists
                0x000002d5       0x3f ./Drivers/STM32F4xx_HAL_Driver/Src/stm32f4xx_hal_gpio.o
 .debug_rnglists
                0x00000314       0xfa ./Drivers/STM32F4xx_HAL_Driver/Src/stm32f4xx_hal_pcd.o
 .debug_rnglists
                0x0000040e       0x45 ./Drivers/STM32F4xx_HAL_Driver/Src/stm32f4xx_hal_pcd_ex.o
 .debug_rnglists
                0x00000453       0x66 ./Drivers/STM32F4xx_HAL_Driver/Src/stm32f4xx_hal_rcc.o
 .debug_rnglists
                0x000004b9       0x4a ./Drivers/STM32F4xx_HAL_Driver/Src/stm32f4xx_hal_rcc_ex.o
 .debug_rnglists
                0x00000503      0x1bc ./Drivers/STM32F4xx_HAL_Driver/Src/stm32f4xx_hal_uart.o
 .debug_rnglists
                0x000006bf      0x147 ./Drivers/STM32F4xx_HAL_Driver/Src/stm32f4xx_ll_usb.o

.debug_macro    0x00000000    0x20755
 .debug_macro   0x00000000      0x21a ./Core/Src/main.o
 .debug_macro   0x0000021a      0xab4 ./Core/Src/main.o
 .debug_macro   0x00000cce      0x29b ./Core/Src/main.o
 .debug_macro   0x00000f69       0x2e ./Core/Src/main.o
 .debug_macro   0x00000f97       0x28 ./Core/Src/main.o
 .debug_macro   0x00000fbf       0x22 ./Core/Src/main.o
 .debug_macro   0x00000fe1       0x8e ./Core/Src/main.o
 .debug_macro   0x0000106f       0x51 ./Core/Src/main.o
 .debug_macro   0x000010c0      0x103 ./Core/Src/main.o
 .debug_macro   0x000011c3       0x6a ./Core/Src/main.o
 .debug_macro   0x0000122d      0x1df ./Core/Src/main.o
 .debug_macro   0x0000140c       0x1c ./Core/Src/main.o
 .debug_macro   0x00001428       0x22 ./Core/Src/main.o
 .debug_macro   0x0000144a       0xfb ./Core/Src/main.o
 .debug_macro   0x00001545     0x1011 ./Core/Src/main.o
 .debug_macro   0x00002556      0x11f ./Core/Src/main.o
 .debug_macro   0x00002675    0x15a8b ./Core/Src/main.o
 .debug_macro   0x00018100       0x6d ./Core/Src/main.o
 .debug_macro   0x0001816d     0x369a ./Core/Src/main.o
 .debug_macro   0x0001b807      0x189 ./Core/Src/main.o
 .debug_macro   0x0001b990       0x5c ./Core/Src/main.o
 .debug_macro   0x0001b9ec      0xcf2 ./Core/Src/main.o
 .debug_macro   0x0001c6de      0x9e9 ./Core/Src/main.o
 .debug_macro   0x0001d0c7      0x115 ./Core/Src/main.o
 .debug_macro   0x0001d1dc      0x202 ./Core/Src/main.o
 .debug_macro   0x0001d3de       0xa5 ./Core/Src/main.o
 .debug_macro   0x0001d483      0x173 ./Core/Src/main.o
 .debug_macro   0x0001d5f6      0x2bf ./Core/Src/main.o
 .debug_macro   0x0001d8b5       0x5f ./Core/Src/main.o
 .debug_macro   0x0001d914      0x236 ./Core/Src/main.o
 .debug_macro   0x0001db4a      0x132 ./Core/Src/main.o
 .debug_macro   0x0001dc7c      0x30c ./Core/Src/main.o
 .debug_macro   0x0001df88       0x2e ./Core/Src/main.o
 .debug_macro   0x0001dfb6      0x127 ./Core/Src/main.o
 .debug_macro   0x0001e0dd       0x91 ./Core/Src/main.o
 .debug_macro   0x0001e16e       0x89 ./Core/Src/main.o
 .debug_macro   0x0001e1f7      0x2aa ./Core/Src/main.o
 .debug_macro   0x0001e4a1      0x293 ./Core/Src/main.o
 .debug_macro   0x0001e734       0xba ./Core/Src/main.o
 .debug_macro   0x0001e7ee      0x134 ./Core/Src/main.o
 .debug_macro   0x0001e922       0xd0 ./Core/Src/main.o
 .debug_macro   0x0001e9f2       0x22 ./Core/Src/main.o
 .debug_macro   0x0001ea14      0x1ed ./Core/Src/stm32f4xx_hal_msp.o
 .debug_macro   0x0001ec01      0x1f7 ./Core/Src/stm32f4xx_it.o
 .debug_macro   0x0001edf8      0x1de ./Core/Src/system_stm32f4xx.o
 .debug_macro   0x0001efd6      0x21a ./Drivers/API/Src/API_Debounce.o
 .debug_macro   0x0001f1f0      0x200 ./Drivers/API/Src/API_Delay.o
 .debug_macro   0x0001f3f0      0x200 ./Drivers/API/Src/API_GPIO.o
 .debug_macro   0x0001f5f0      0x23e ./Drivers/STM32F4xx_HAL_Driver/Src/stm32f4xx_hal.o
 .debug_macro   0x0001f82e      0x1de ./Drivers/STM32F4xx_HAL_Driver/Src/stm32f4xx_hal_cortex.o
 .debug_macro   0x0001fa0c      0x1e4 ./Drivers/STM32F4xx_HAL_Driver/Src/stm32f4xx_hal_gpio.o
 .debug_macro   0x0001fbf0      0x1ea ./Drivers/STM32F4xx_HAL_Driver/Src/stm32f4xx_hal_pcd.o
 .debug_macro   0x0001fdda      0x1de ./Drivers/STM32F4xx_HAL_Driver/Src/stm32f4xx_hal_pcd_ex.o
 .debug_macro   0x0001ffb8      0x202 ./Drivers/STM32F4xx_HAL_Driver/Src/stm32f4xx_hal_rcc.o
 .debug_macro   0x000201ba      0x1de ./Drivers/STM32F4xx_HAL_Driver/Src/stm32f4xx_hal_rcc_ex.o
 .debug_macro   0x00020398      0x1df ./Drivers/STM32F4xx_HAL_Driver/Src/stm32f4xx_hal_uart.o
 .debug_macro   0x00020577      0x1de ./Drivers/STM32F4xx_HAL_Driver/Src/stm32f4xx_ll_usb.o

.debug_line     0x00000000     0xe3a4
 .debug_line    0x00000000      0x848 ./Core/Src/main.o
 .debug_line    0x00000848      0x81f ./Core/Src/stm32f4xx_hal_msp.o
 .debug_line    0x00001067      0x827 ./Core/Src/stm32f4xx_it.o
 .debug_line    0x0000188e      0x7e9 ./Core/Src/system_stm32f4xx.o
 .debug_line    0x00002077       0x7a ./Core/Startup/startup_stm32f413zhtx.o
 .debug_line    0x000020f1      0x8de ./Drivers/API/Src/API_Debounce.o
 .debug_line    0x000029cf      0x83e ./Drivers/API/Src/API_Delay.o
 .debug_line    0x0000320d      0x934 ./Drivers/API/Src/API_GPIO.o
 .debug_line    0x00003b41      0xa52 ./Drivers/STM32F4xx_HAL_Driver/Src/stm32f4xx_hal.o
 .debug_line    0x00004593      0xd44 ./Drivers/STM32F4xx_HAL_Driver/Src/stm32f4xx_hal_cortex.o
 .debug_line    0x000052d7      0xbca ./Drivers/STM32F4xx_HAL_Driver/Src/stm32f4xx_hal_gpio.o
 .debug_line    0x00005ea1     0x1560 ./Drivers/STM32F4xx_HAL_Driver/Src/stm32f4xx_hal_pcd.o
 .debug_line    0x00007401      0x972 ./Drivers/STM32F4xx_HAL_Driver/Src/stm32f4xx_hal_pcd_ex.o
 .debug_line    0x00007d73      0xde9 ./Drivers/STM32F4xx_HAL_Driver/Src/stm32f4xx_hal_rcc.o
 .debug_line    0x00008b5c     0x1145 ./Drivers/STM32F4xx_HAL_Driver/Src/stm32f4xx_hal_rcc_ex.o
 .debug_line    0x00009ca1     0x293e ./Drivers/STM32F4xx_HAL_Driver/Src/stm32f4xx_hal_uart.o
 .debug_line    0x0000c5df     0x1dc5 ./Drivers/STM32F4xx_HAL_Driver/Src/stm32f4xx_ll_usb.o

.debug_str      0x00000000    0xc4587
 .debug_str     0x00000000    0xc0c8c ./Core/Src/main.o
                              0xc0f30 (size before relaxing)
 .debug_str     0x000c0c8c      0xb77 ./Core/Src/stm32f4xx_hal_msp.o
                              0xc19dd (size before relaxing)
 .debug_str     0x000c1803       0xc9 ./Core/Src/stm32f4xx_it.o
                              0xc0e22 (size before relaxing)
 .debug_str     0x000c18cc       0xdb ./Core/Src/system_stm32f4xx.o
                              0xc0c60 (size before relaxing)
 .debug_str     0x000c19a7       0x44 ./Core/Startup/startup_stm32f413zhtx.o
                                 0x99 (size before relaxing)
 .debug_str     0x000c19eb      0x135 ./Drivers/API/Src/API_Debounce.o
                              0xc0f96 (size before relaxing)
 .debug_str     0x000c1b20       0x3c ./Drivers/API/Src/API_Delay.o
                              0xc0e50 (size before relaxing)
 .debug_str     0x000c1b5c      0x200 ./Drivers/API/Src/API_GPIO.o
                              0xc1a74 (size before relaxing)
 .debug_str     0x000c1d5c      0xba6 ./Drivers/STM32F4xx_HAL_Driver/Src/stm32f4xx_hal.o
                              0xc1896 (size before relaxing)
 .debug_str     0x000c2902      0x392 ./Drivers/STM32F4xx_HAL_Driver/Src/stm32f4xx_hal_cortex.o
                              0xc15ee (size before relaxing)
 .debug_str     0x000c2c94      0x106 ./Drivers/STM32F4xx_HAL_Driver/Src/stm32f4xx_hal_gpio.o
                              0xc0dea (size before relaxing)
 .debug_str     0x000c2d9a      0x831 ./Drivers/STM32F4xx_HAL_Driver/Src/stm32f4xx_hal_pcd.o
                              0xc1772 (size before relaxing)
 .debug_str     0x000c35cb      0x174 ./Drivers/STM32F4xx_HAL_Driver/Src/stm32f4xx_hal_pcd_ex.o
                              0xc10db (size before relaxing)
 .debug_str     0x000c373f      0x21f ./Drivers/STM32F4xx_HAL_Driver/Src/stm32f4xx_hal_rcc.o
                              0xc1099 (size before relaxing)
 .debug_str     0x000c395e      0x124 ./Drivers/STM32F4xx_HAL_Driver/Src/stm32f4xx_hal_rcc_ex.o
                              0xc101e (size before relaxing)
 .debug_str     0x000c3a82      0x65e ./Drivers/STM32F4xx_HAL_Driver/Src/stm32f4xx_hal_uart.o
                              0xc1651 (size before relaxing)
 .debug_str     0x000c40e0      0x4a7 ./Drivers/STM32F4xx_HAL_Driver/Src/stm32f4xx_ll_usb.o
                              0xc162e (size before relaxing)

.comment        0x00000000       0x43
 .comment       0x00000000       0x43 ./Core/Src/main.o
                                 0x44 (size before relaxing)
 .comment       0x00000043       0x44 ./Core/Src/stm32f4xx_hal_msp.o
 .comment       0x00000043       0x44 ./Core/Src/stm32f4xx_it.o
 .comment       0x00000043       0x44 ./Core/Src/system_stm32f4xx.o
 .comment       0x00000043       0x44 ./Drivers/API/Src/API_Debounce.o
 .comment       0x00000043       0x44 ./Drivers/API/Src/API_Delay.o
 .comment       0x00000043       0x44 ./Drivers/API/Src/API_GPIO.o
 .comment       0x00000043       0x44 ./Drivers/STM32F4xx_HAL_Driver/Src/stm32f4xx_hal.o
 .comment       0x00000043       0x44 ./Drivers/STM32F4xx_HAL_Driver/Src/stm32f4xx_hal_cortex.o
 .comment       0x00000043       0x44 ./Drivers/STM32F4xx_HAL_Driver/Src/stm32f4xx_hal_gpio.o
 .comment       0x00000043       0x44 ./Drivers/STM32F4xx_HAL_Driver/Src/stm32f4xx_hal_pcd.o
 .comment       0x00000043       0x44 ./Drivers/STM32F4xx_HAL_Driver/Src/stm32f4xx_hal_pcd_ex.o
 .comment       0x00000043       0x44 ./Drivers/STM32F4xx_HAL_Driver/Src/stm32f4xx_hal_rcc.o
 .comment       0x00000043       0x44 ./Drivers/STM32F4xx_HAL_Driver/Src/stm32f4xx_hal_rcc_ex.o
 .comment       0x00000043       0x44 ./Drivers/STM32F4xx_HAL_Driver/Src/stm32f4xx_hal_uart.o
 .comment       0x00000043       0x44 ./Drivers/STM32F4xx_HAL_Driver/Src/stm32f4xx_ll_usb.o

.debug_frame    0x00000000     0x2ac8
 .debug_frame   0x00000000       0x44 ./Core/Src/main.o
 .debug_frame   0x00000044       0xcc ./Core/Src/stm32f4xx_hal_msp.o
 .debug_frame   0x00000110      0x104 ./Core/Src/stm32f4xx_it.o
 .debug_frame   0x00000214       0x58 ./Core/Src/system_stm32f4xx.o
 .debug_frame   0x0000026c       0xb0 ./Drivers/API/Src/API_Debounce.o
 .debug_frame   0x0000031c       0x80 ./Drivers/API/Src/API_Delay.o
 .debug_frame   0x0000039c      0x118 ./Drivers/API/Src/API_GPIO.o
 .debug_frame   0x000004b4      0x374 ./Drivers/STM32F4xx_HAL_Driver/Src/stm32f4xx_hal.o
 .debug_frame   0x00000828      0x508 ./Drivers/STM32F4xx_HAL_Driver/Src/stm32f4xx_hal_cortex.o
 .debug_frame   0x00000d30      0x14c ./Drivers/STM32F4xx_HAL_Driver/Src/stm32f4xx_hal_gpio.o
 .debug_frame   0x00000e7c      0x5b8 ./Drivers/STM32F4xx_HAL_Driver/Src/stm32f4xx_hal_pcd.o
 .debug_frame   0x00001434      0x174 ./Drivers/STM32F4xx_HAL_Driver/Src/stm32f4xx_hal_pcd_ex.o
 .debug_frame   0x000015a8      0x1f4 ./Drivers/STM32F4xx_HAL_Driver/Src/stm32f4xx_hal_rcc.o
 .debug_frame   0x0000179c      0x16c ./Drivers/STM32F4xx_HAL_Driver/Src/stm32f4xx_hal_rcc_ex.o
 .debug_frame   0x00001908      0x954 ./Drivers/STM32F4xx_HAL_Driver/Src/stm32f4xx_hal_uart.o
 .debug_frame   0x0000225c      0x7c0 ./Drivers/STM32F4xx_HAL_Driver/Src/stm32f4xx_ll_usb.o
 .debug_frame   0x00002a1c       0x20 C:/ST/STM32CubeIDE_1.16.0/STM32CubeIDE/plugins/com.st.stm32cube.ide.mcu.externaltools.gnu-tools-for-stm32.12.3.rel1.win32_1.0.200.202406191623/tools/bin/../lib/gcc/arm-none-eabi/12.3.1/../../../../arm-none-eabi/lib/thumb/v7e-m+fp/hard\libc_nano.a(libc_a-memset.o)
 .debug_frame   0x00002a3c       0x2c C:/ST/STM32CubeIDE_1.16.0/STM32CubeIDE/plugins/com.st.stm32cube.ide.mcu.externaltools.gnu-tools-for-stm32.12.3.rel1.win32_1.0.200.202406191623/tools/bin/../lib/gcc/arm-none-eabi/12.3.1/../../../../arm-none-eabi/lib/thumb/v7e-m+fp/hard\libc_nano.a(libc_a-init.o)
 .debug_frame   0x00002a68       0x2c C:/ST/STM32CubeIDE_1.16.0/STM32CubeIDE/plugins/com.st.stm32cube.ide.mcu.externaltools.gnu-tools-for-stm32.12.3.rel1.win32_1.0.200.202406191623/tools/bin/../lib/gcc/arm-none-eabi/12.3.1/thumb/v7e-m+fp/hard\libgcc.a(_aeabi_uldivmod.o)
 .debug_frame   0x00002a94       0x34 C:/ST/STM32CubeIDE_1.16.0/STM32CubeIDE/plugins/com.st.stm32cube.ide.mcu.externaltools.gnu-tools-for-stm32.12.3.rel1.win32_1.0.200.202406191623/tools/bin/../lib/gcc/arm-none-eabi/12.3.1/thumb/v7e-m+fp/hard\libgcc.a(_udivmoddi4.o)

.debug_line_str
                0x00000000       0x7d
 .debug_line_str
                0x00000000       0x7d ./Core/Startup/startup_stm32f413zhtx.o
