../Core/Src/main.c:102:5:main	16	static
../Core/Src/main.c:182:6:DisplayMainMenu	8	static
../Core/Src/main.c:195:6:HandleMainMenuInput	16	static
../Core/Src/main.c:213:6:DisplayAlarmMenu	8	static
../Core/Src/main.c:226:6:HandleAlarmMenuInput	16	static
../Core/Src/main.c:256:6:RequestPassword	24	static
../Core/Src/main.c:337:6:ActivateAlarm	16	static
../Core/Src/main.c:404:6:HandleActiveAlarm	24	static
../Core/Src/main.c:427:6:DeactivateAlarm	8	static
../Core/Src/main.c:455:6:IncorrectPassword	8	static
../Core/Src/main.c:494:6:AlarmTriggered	16	static
../Core/Src/main.c:538:6:DisplayChangePassMenu	16	static
../Core/Src/main.c:574:6:ConfirmNewPassword	16	static
../Core/Src/main.c:659:6:HandleSubMenu	16	static
../Core/Src/main.c:686:6:TestAlarm	8	static
../Core/Src/main.c:714:6:CheckSensors	16	static
../Core/Src/main.c:760:6:CheckAlarmDeactivation	16	static
../Core/Src/main.c:783:6:Error_Handler	4	static,ignoring_inline_asm
