../Core/Src/main.c:120:5:main	8	static
../Core/Src/main.c:205:6:DisplayMainMenu	8	static
../Core/Src/main.c:220:6:HandleMainMenuInput	16	static
../Core/Src/main.c:239:6:DisplayAlarmMenu	8	static
../Core/Src/main.c:253:6:HandleAlarmMenuInput	16	static
../Core/Src/main.c:285:6:RequestPassword	24	static
../Core/Src/main.c:361:6:ActivateAlarm	72	static
../Core/Src/main.c:419:6:HandleActiveAlarm	24	static
../Core/Src/main.c:443:6:DeactivateAlarm	8	static
../Core/Src/main.c:468:6:IncorrectPassword	8	static
../Core/Src/main.c:506:6:AlarmTriggered	16	static
../Core/Src/main.c:544:6:DisplayChangePassMenu	16	static
../Core/Src/main.c:599:6:ConfirmNewPassword	24	static
../Core/Src/main.c:684:6:HandleSubMenu	8	static
../Core/Src/main.c:712:6:TestAlarm	8	static
../Core/Src/main.c:735:6:CheckSensors	16	static
../Core/Src/main.c:800:6:CheckAlarmDeactivation	16	static
../Core/Src/main.c:824:6:Error_Handler	4	static,ignoring_inline_asm
