../Core/Src/main.c:115:5:main	8	static
../Core/Src/main.c:196:6:DisplayMainMenu	8	static
../Core/Src/main.c:210:6:HandleMainMenuInput	16	static
../Core/Src/main.c:229:6:DisplayAlarmMenu	8	static
../Core/Src/main.c:243:6:HandleAlarmMenuInput	16	static
../Core/Src/main.c:274:6:RequestPassword	24	static
../Core/Src/main.c:343:6:ActivateAlarm	72	static
../Core/Src/main.c:399:6:HandleActiveAlarm	24	static
../Core/Src/main.c:423:6:DeactivateAlarm	8	static
../Core/Src/main.c:447:6:IncorrectPassword	8	static
../Core/Src/main.c:484:6:AlarmTriggered	16	static
../Core/Src/main.c:522:6:DisplayChangePassMenu	16	static
../Core/Src/main.c:571:6:ConfirmNewPassword	24	static
../Core/Src/main.c:649:6:HandleSubMenu	8	static
../Core/Src/main.c:677:6:TestAlarm	8	static
../Core/Src/main.c:700:6:CheckSensors	16	static
../Core/Src/main.c:734:6:CheckAlarmDeactivation	16	static
../Core/Src/main.c:758:6:Error_Handler	4	static,ignoring_inline_asm
