21:56:16 **** Incremental Build of configuration Debug for project AFP_4_Grupo_8_2024_App_4.1 ****
make -j12 all 
arm-none-eabi-gcc "../Core/Src/main.c" -mcpu=cortex-m4 -std=gnu11 -g3 -DDEBUG -DUSE_HAL_DRIVER -DSTM32F413xx -c -I../Core/Inc -I../Drivers/STM32F4xx_HAL_Driver/Inc -I../Drivers/STM32F4xx_HAL_Driver/Inc/Legacy -I../Drivers/CMSIS/Device/ST/STM32F4xx/Include -I../Drivers/CMSIS/Include -I"D:/STM32WorkSpace/Grupo_8_TDII_2024/AFP_4_TDII_2024/AFP_4_Grupo_8_2024_App_4.1/Drivers/API/Inc" -O0 -ffunction-sections -fdata-sections -Wall -fstack-usage -fcyclomatic-complexity -MMD -MP -MF"Core/Src/main.d" -MT"Core/Src/main.o" --specs=nano.specs -mfpu=fpv4-sp-d16 -mfloat-abi=hard -mthumb -o "Core/Src/main.o"
arm-none-eabi-gcc -o "AFP_4_Grupo_8_2024_App_4.1.elf" @"objects.list"   -mcpu=cortex-m4 -T"D:\STM32WorkSpace\Grupo_8_TDII_2024\AFP_4_TDII_2024\AFP_4_Grupo_8_2024_App_4.1\STM32F413ZHTX_FLASH.ld" --specs=nosys.specs -Wl,-Map="AFP_4_Grupo_8_2024_App_4.1.map" -Wl,--gc-sections -static --specs=nano.specs -mfpu=fpv4-sp-d16 -mfloat-abi=hard -mthumb -Wl,--start-group -lc -lm -Wl,--end-group
Finished building target: AFP_4_Grupo_8_2024_App_4.1.elf
 
arm-none-eabi-size  AFP_4_Grupo_8_2024_App_4.1.elf 
arm-none-eabi-objdump -h -S AFP_4_Grupo_8_2024_App_4.1.elf  > "AFP_4_Grupo_8_2024_App_4.1.list"
   text	   data	    bss	    dec	    hex	filename
  12420	     24	   2928	  15372	   3c0c	AFP_4_Grupo_8_2024_App_4.1.elf
Finished building: default.size.stdout
 
Finished building: AFP_4_Grupo_8_2024_App_4.1.list
 

21:56:17 Build Finished. 0 errors, 0 warnings. (took 712ms)

