17:08:59 **** Incremental Build of configuration Debug for project App_3_1_Grupo_8_2024 ****
make -j16 all 
arm-none-eabi-gcc "../Core/Src/main.c" -mcpu=cortex-m4 -std=gnu11 -g3 -DDEBUG -DUSE_HAL_DRIVER -DSTM32F413xx -c -I../Core/Inc -I../Drivers/STM32F4xx_HAL_Driver/Inc -I../Drivers/STM32F4xx_HAL_Driver/Inc/Legacy -I../Drivers/CMSIS/Device/ST/STM32F4xx/Include -I../Drivers/CMSIS/Include -I"D:/Mis Cosas/Ingenieria/OneDrive - frt.utn.edu.ar/Repos/Grupo_8_TDII_2024_Notebook/Grupo_8_TDII_2024/AFP_2_TDII_2024/App_3_1_Grupo_8_2024/Drivers/API/Inc" -O0 -ffunction-sections -fdata-sections -Wall -fstack-usage -fcyclomatic-complexity -MMD -MP -MF"Core/Src/main.d" -MT"Core/Src/main.o" --specs=nano.specs -mfpu=fpv4-sp-d16 -mfloat-abi=hard -mthumb -o "Core/Src/main.o"
arm-none-eabi-gcc -o "App_3_1_Grupo_8_2024.elf" @"objects.list"   -mcpu=cortex-m4 -T"D:\Mis Cosas\Ingenieria\OneDrive - frt.utn.edu.ar\Repos\Grupo_8_TDII_2024_Notebook\Grupo_8_TDII_2024\AFP_2_TDII_2024\App_3_1_Grupo_8_2024\STM32F413ZHTX_FLASH.ld" --specs=nosys.specs -Wl,-Map="App_3_1_Grupo_8_2024.map" -Wl,--gc-sections -static --specs=nano.specs -mfpu=fpv4-sp-d16 -mfloat-abi=hard -mthumb -Wl,--start-group -lc -lm -Wl,--end-group
Finished building target: App_3_1_Grupo_8_2024.elf
 
arm-none-eabi-size  App_3_1_Grupo_8_2024.elf 
arm-none-eabi-objdump -h -S App_3_1_Grupo_8_2024.elf  > "App_3_1_Grupo_8_2024.list"
   text	   data	    bss	    dec	    hex	filename
  12164	     20	   2908	  15092	   3af4	App_3_1_Grupo_8_2024.elf
Finished building: default.size.stdout
 
Finished building: App_3_1_Grupo_8_2024.list
 

17:09:00 Build Finished. 0 errors, 0 warnings. (took 805ms)

