23:26:39 **** Build of configuration Debug for project Ejemplo04_Driver_GPIO ****
make -j16 all 
arm-none-eabi-gcc "../Drivers/STM32F4xx_HAL_Driver/Src/stm32f4xx_hal.c" -mcpu=cortex-m4 -std=gnu11 -g3 -DDEBUG -DUSE_HAL_DRIVER -DSTM32F413xx -c -I../Core/Inc -I../Drivers/STM32F4xx_HAL_Driver/Inc -I../Drivers/STM32F4xx_HAL_Driver/Inc/Legacy -I../Drivers/CMSIS/Device/ST/STM32F4xx/Include -I../Drivers/CMSIS/Include -I"D:/Mis Cosas/Ingenieria/OneDrive - frt.utn.edu.ar/Repos/Grupo_8_TDII_2024_Notebook/Grupo_8_TDII_2024/AFP_2_TDII_2024/Ejemplo04_Driver_GPIO/Drivers/API/Inc" -I"D:/Mis Cosas/Ingenieria/OneDrive - frt.utn.edu.ar/Repos/Grupo_8_TDII_2024_Notebook/Grupo_8_TDII_2024/AFP_2_TDII_2024/Ejemplo04_Driver_GPIO/Drivers/API/Src" -O0 -ffunction-sections -fdata-sections -Wall -fstack-usage -fcyclomatic-complexity -MMD -MP -MF"Drivers/STM32F4xx_HAL_Driver/Src/stm32f4xx_hal.d" -MT"Drivers/STM32F4xx_HAL_Driver/Src/stm32f4xx_hal.o" --specs=nano.specs -mfpu=fpv4-sp-d16 -mfloat-abi=hard -mthumb -o "Drivers/STM32F4xx_HAL_Driver/Src/stm32f4xx_hal.o"
arm-none-eabi-gcc "../Drivers/STM32F4xx_HAL_Driver/Src/stm32f4xx_hal_cortex.c" -mcpu=cortex-m4 -std=gnu11 -g3 -DDEBUG -DUSE_HAL_DRIVER -DSTM32F413xx -c -I../Core/Inc -I../Drivers/STM32F4xx_HAL_Driver/Inc -I../Drivers/STM32F4xx_HAL_Driver/Inc/Legacy -I../Drivers/CMSIS/Device/ST/STM32F4xx/Include -I../Drivers/CMSIS/Include -I"D:/Mis Cosas/Ingenieria/OneDrive - frt.utn.edu.ar/Repos/Grupo_8_TDII_2024_Notebook/Grupo_8_TDII_2024/AFP_2_TDII_2024/Ejemplo04_Driver_GPIO/Drivers/API/Inc" -I"D:/Mis Cosas/Ingenieria/OneDrive - frt.utn.edu.ar/Repos/Grupo_8_TDII_2024_Notebook/Grupo_8_TDII_2024/AFP_2_TDII_2024/Ejemplo04_Driver_GPIO/Drivers/API/Src" -O0 -ffunction-sections -fdata-sections -Wall -fstack-usage -fcyclomatic-complexity -MMD -MP -MF"Drivers/STM32F4xx_HAL_Driver/Src/stm32f4xx_hal_cortex.d" -MT"Drivers/STM32F4xx_HAL_Driver/Src/stm32f4xx_hal_cortex.o" --specs=nano.specs -mfpu=fpv4-sp-d16 -mfloat-abi=hard -mthumb -o "Drivers/STM32F4xx_HAL_Driver/Src/stm32f4xx_hal_cortex.o"
arm-none-eabi-gcc "../Drivers/STM32F4xx_HAL_Driver/Src/stm32f4xx_hal_dma.c" -mcpu=cortex-m4 -std=gnu11 -g3 -DDEBUG -DUSE_HAL_DRIVER -DSTM32F413xx -c -I../Core/Inc -I../Drivers/STM32F4xx_HAL_Driver/Inc -I../Drivers/STM32F4xx_HAL_Driver/Inc/Legacy -I../Drivers/CMSIS/Device/ST/STM32F4xx/Include -I../Drivers/CMSIS/Include -I"D:/Mis Cosas/Ingenieria/OneDrive - frt.utn.edu.ar/Repos/Grupo_8_TDII_2024_Notebook/Grupo_8_TDII_2024/AFP_2_TDII_2024/Ejemplo04_Driver_GPIO/Drivers/API/Inc" -I"D:/Mis Cosas/Ingenieria/OneDrive - frt.utn.edu.ar/Repos/Grupo_8_TDII_2024_Notebook/Grupo_8_TDII_2024/AFP_2_TDII_2024/Ejemplo04_Driver_GPIO/Drivers/API/Src" -O0 -ffunction-sections -fdata-sections -Wall -fstack-usage -fcyclomatic-complexity -MMD -MP -MF"Drivers/STM32F4xx_HAL_Driver/Src/stm32f4xx_hal_dma.d" -MT"Drivers/STM32F4xx_HAL_Driver/Src/stm32f4xx_hal_dma.o" --specs=nano.specs -mfpu=fpv4-sp-d16 -mfloat-abi=hard -mthumb -o "Drivers/STM32F4xx_HAL_Driver/Src/stm32f4xx_hal_dma.o"
arm-none-eabi-gcc "../Drivers/STM32F4xx_HAL_Driver/Src/stm32f4xx_hal_dma_ex.c" -mcpu=cortex-m4 -std=gnu11 -g3 -DDEBUG -DUSE_HAL_DRIVER -DSTM32F413xx -c -I../Core/Inc -I../Drivers/STM32F4xx_HAL_Driver/Inc -I../Drivers/STM32F4xx_HAL_Driver/Inc/Legacy -I../Drivers/CMSIS/Device/ST/STM32F4xx/Include -I../Drivers/CMSIS/Include -I"D:/Mis Cosas/Ingenieria/OneDrive - frt.utn.edu.ar/Repos/Grupo_8_TDII_2024_Notebook/Grupo_8_TDII_2024/AFP_2_TDII_2024/Ejemplo04_Driver_GPIO/Drivers/API/Inc" -I"D:/Mis Cosas/Ingenieria/OneDrive - frt.utn.edu.ar/Repos/Grupo_8_TDII_2024_Notebook/Grupo_8_TDII_2024/AFP_2_TDII_2024/Ejemplo04_Driver_GPIO/Drivers/API/Src" -O0 -ffunction-sections -fdata-sections -Wall -fstack-usage -fcyclomatic-complexity -MMD -MP -MF"Drivers/STM32F4xx_HAL_Driver/Src/stm32f4xx_hal_dma_ex.d" -MT"Drivers/STM32F4xx_HAL_Driver/Src/stm32f4xx_hal_dma_ex.o" --specs=nano.specs -mfpu=fpv4-sp-d16 -mfloat-abi=hard -mthumb -o "Drivers/STM32F4xx_HAL_Driver/Src/stm32f4xx_hal_dma_ex.o"
arm-none-eabi-gcc "../Drivers/STM32F4xx_HAL_Driver/Src/stm32f4xx_hal_exti.c" -mcpu=cortex-m4 -std=gnu11 -g3 -DDEBUG -DUSE_HAL_DRIVER -DSTM32F413xx -c -I../Core/Inc -I../Drivers/STM32F4xx_HAL_Driver/Inc -I../Drivers/STM32F4xx_HAL_Driver/Inc/Legacy -I../Drivers/CMSIS/Device/ST/STM32F4xx/Include -I../Drivers/CMSIS/Include -I"D:/Mis Cosas/Ingenieria/OneDrive - frt.utn.edu.ar/Repos/Grupo_8_TDII_2024_Notebook/Grupo_8_TDII_2024/AFP_2_TDII_2024/Ejemplo04_Driver_GPIO/Drivers/API/Inc" -I"D:/Mis Cosas/Ingenieria/OneDrive - frt.utn.edu.ar/Repos/Grupo_8_TDII_2024_Notebook/Grupo_8_TDII_2024/AFP_2_TDII_2024/Ejemplo04_Driver_GPIO/Drivers/API/Src" -O0 -ffunction-sections -fdata-sections -Wall -fstack-usage -fcyclomatic-complexity -MMD -MP -MF"Drivers/STM32F4xx_HAL_Driver/Src/stm32f4xx_hal_exti.d" -MT"Drivers/STM32F4xx_HAL_Driver/Src/stm32f4xx_hal_exti.o" --specs=nano.specs -mfpu=fpv4-sp-d16 -mfloat-abi=hard -mthumb -o "Drivers/STM32F4xx_HAL_Driver/Src/stm32f4xx_hal_exti.o"
arm-none-eabi-gcc "../Drivers/STM32F4xx_HAL_Driver/Src/stm32f4xx_hal_flash.c" -mcpu=cortex-m4 -std=gnu11 -g3 -DDEBUG -DUSE_HAL_DRIVER -DSTM32F413xx -c -I../Core/Inc -I../Drivers/STM32F4xx_HAL_Driver/Inc -I../Drivers/STM32F4xx_HAL_Driver/Inc/Legacy -I../Drivers/CMSIS/Device/ST/STM32F4xx/Include -I../Drivers/CMSIS/Include -I"D:/Mis Cosas/Ingenieria/OneDrive - frt.utn.edu.ar/Repos/Grupo_8_TDII_2024_Notebook/Grupo_8_TDII_2024/AFP_2_TDII_2024/Ejemplo04_Driver_GPIO/Drivers/API/Inc" -I"D:/Mis Cosas/Ingenieria/OneDrive - frt.utn.edu.ar/Repos/Grupo_8_TDII_2024_Notebook/Grupo_8_TDII_2024/AFP_2_TDII_2024/Ejemplo04_Driver_GPIO/Drivers/API/Src" -O0 -ffunction-sections -fdata-sections -Wall -fstack-usage -fcyclomatic-complexity -MMD -MP -MF"Drivers/STM32F4xx_HAL_Driver/Src/stm32f4xx_hal_flash.d" -MT"Drivers/STM32F4xx_HAL_Driver/Src/stm32f4xx_hal_flash.o" --specs=nano.specs -mfpu=fpv4-sp-d16 -mfloat-abi=hard -mthumb -o "Drivers/STM32F4xx_HAL_Driver/Src/stm32f4xx_hal_flash.o"
arm-none-eabi-gcc "../Drivers/STM32F4xx_HAL_Driver/Src/stm32f4xx_hal_flash_ex.c" -mcpu=cortex-m4 -std=gnu11 -g3 -DDEBUG -DUSE_HAL_DRIVER -DSTM32F413xx -c -I../Core/Inc -I../Drivers/STM32F4xx_HAL_Driver/Inc -I../Drivers/STM32F4xx_HAL_Driver/Inc/Legacy -I../Drivers/CMSIS/Device/ST/STM32F4xx/Include -I../Drivers/CMSIS/Include -I"D:/Mis Cosas/Ingenieria/OneDrive - frt.utn.edu.ar/Repos/Grupo_8_TDII_2024_Notebook/Grupo_8_TDII_2024/AFP_2_TDII_2024/Ejemplo04_Driver_GPIO/Drivers/API/Inc" -I"D:/Mis Cosas/Ingenieria/OneDrive - frt.utn.edu.ar/Repos/Grupo_8_TDII_2024_Notebook/Grupo_8_TDII_2024/AFP_2_TDII_2024/Ejemplo04_Driver_GPIO/Drivers/API/Src" -O0 -ffunction-sections -fdata-sections -Wall -fstack-usage -fcyclomatic-complexity -MMD -MP -MF"Drivers/STM32F4xx_HAL_Driver/Src/stm32f4xx_hal_flash_ex.d" -MT"Drivers/STM32F4xx_HAL_Driver/Src/stm32f4xx_hal_flash_ex.o" --specs=nano.specs -mfpu=fpv4-sp-d16 -mfloat-abi=hard -mthumb -o "Drivers/STM32F4xx_HAL_Driver/Src/stm32f4xx_hal_flash_ex.o"
arm-none-eabi-gcc "../Drivers/STM32F4xx_HAL_Driver/Src/stm32f4xx_hal_flash_ramfunc.c" -mcpu=cortex-m4 -std=gnu11 -g3 -DDEBUG -DUSE_HAL_DRIVER -DSTM32F413xx -c -I../Core/Inc -I../Drivers/STM32F4xx_HAL_Driver/Inc -I../Drivers/STM32F4xx_HAL_Driver/Inc/Legacy -I../Drivers/CMSIS/Device/ST/STM32F4xx/Include -I../Drivers/CMSIS/Include -I"D:/Mis Cosas/Ingenieria/OneDrive - frt.utn.edu.ar/Repos/Grupo_8_TDII_2024_Notebook/Grupo_8_TDII_2024/AFP_2_TDII_2024/Ejemplo04_Driver_GPIO/Drivers/API/Inc" -I"D:/Mis Cosas/Ingenieria/OneDrive - frt.utn.edu.ar/Repos/Grupo_8_TDII_2024_Notebook/Grupo_8_TDII_2024/AFP_2_TDII_2024/Ejemplo04_Driver_GPIO/Drivers/API/Src" -O0 -ffunction-sections -fdata-sections -Wall -fstack-usage -fcyclomatic-complexity -MMD -MP -MF"Drivers/STM32F4xx_HAL_Driver/Src/stm32f4xx_hal_flash_ramfunc.d" -MT"Drivers/STM32F4xx_HAL_Driver/Src/stm32f4xx_hal_flash_ramfunc.o" --specs=nano.specs -mfpu=fpv4-sp-d16 -mfloat-abi=hard -mthumb -o "Drivers/STM32F4xx_HAL_Driver/Src/stm32f4xx_hal_flash_ramfunc.o"
arm-none-eabi-gcc "../Drivers/STM32F4xx_HAL_Driver/Src/stm32f4xx_hal_gpio.c" -mcpu=cortex-m4 -std=gnu11 -g3 -DDEBUG -DUSE_HAL_DRIVER -DSTM32F413xx -c -I../Core/Inc -I../Drivers/STM32F4xx_HAL_Driver/Inc -I../Drivers/STM32F4xx_HAL_Driver/Inc/Legacy -I../Drivers/CMSIS/Device/ST/STM32F4xx/Include -I../Drivers/CMSIS/Include -I"D:/Mis Cosas/Ingenieria/OneDrive - frt.utn.edu.ar/Repos/Grupo_8_TDII_2024_Notebook/Grupo_8_TDII_2024/AFP_2_TDII_2024/Ejemplo04_Driver_GPIO/Drivers/API/Inc" -I"D:/Mis Cosas/Ingenieria/OneDrive - frt.utn.edu.ar/Repos/Grupo_8_TDII_2024_Notebook/Grupo_8_TDII_2024/AFP_2_TDII_2024/Ejemplo04_Driver_GPIO/Drivers/API/Src" -O0 -ffunction-sections -fdata-sections -Wall -fstack-usage -fcyclomatic-complexity -MMD -MP -MF"Drivers/STM32F4xx_HAL_Driver/Src/stm32f4xx_hal_gpio.d" -MT"Drivers/STM32F4xx_HAL_Driver/Src/stm32f4xx_hal_gpio.o" --specs=nano.specs -mfpu=fpv4-sp-d16 -mfloat-abi=hard -mthumb -o "Drivers/STM32F4xx_HAL_Driver/Src/stm32f4xx_hal_gpio.o"
arm-none-eabi-gcc "../Drivers/STM32F4xx_HAL_Driver/Src/stm32f4xx_hal_pcd.c" -mcpu=cortex-m4 -std=gnu11 -g3 -DDEBUG -DUSE_HAL_DRIVER -DSTM32F413xx -c -I../Core/Inc -I../Drivers/STM32F4xx_HAL_Driver/Inc -I../Drivers/STM32F4xx_HAL_Driver/Inc/Legacy -I../Drivers/CMSIS/Device/ST/STM32F4xx/Include -I../Drivers/CMSIS/Include -I"D:/Mis Cosas/Ingenieria/OneDrive - frt.utn.edu.ar/Repos/Grupo_8_TDII_2024_Notebook/Grupo_8_TDII_2024/AFP_2_TDII_2024/Ejemplo04_Driver_GPIO/Drivers/API/Inc" -I"D:/Mis Cosas/Ingenieria/OneDrive - frt.utn.edu.ar/Repos/Grupo_8_TDII_2024_Notebook/Grupo_8_TDII_2024/AFP_2_TDII_2024/Ejemplo04_Driver_GPIO/Drivers/API/Src" -O0 -ffunction-sections -fdata-sections -Wall -fstack-usage -fcyclomatic-complexity -MMD -MP -MF"Drivers/STM32F4xx_HAL_Driver/Src/stm32f4xx_hal_pcd.d" -MT"Drivers/STM32F4xx_HAL_Driver/Src/stm32f4xx_hal_pcd.o" --specs=nano.specs -mfpu=fpv4-sp-d16 -mfloat-abi=hard -mthumb -o "Drivers/STM32F4xx_HAL_Driver/Src/stm32f4xx_hal_pcd.o"
arm-none-eabi-gcc "../Drivers/STM32F4xx_HAL_Driver/Src/stm32f4xx_hal_pcd_ex.c" -mcpu=cortex-m4 -std=gnu11 -g3 -DDEBUG -DUSE_HAL_DRIVER -DSTM32F413xx -c -I../Core/Inc -I../Drivers/STM32F4xx_HAL_Driver/Inc -I../Drivers/STM32F4xx_HAL_Driver/Inc/Legacy -I../Drivers/CMSIS/Device/ST/STM32F4xx/Include -I../Drivers/CMSIS/Include -I"D:/Mis Cosas/Ingenieria/OneDrive - frt.utn.edu.ar/Repos/Grupo_8_TDII_2024_Notebook/Grupo_8_TDII_2024/AFP_2_TDII_2024/Ejemplo04_Driver_GPIO/Drivers/API/Inc" -I"D:/Mis Cosas/Ingenieria/OneDrive - frt.utn.edu.ar/Repos/Grupo_8_TDII_2024_Notebook/Grupo_8_TDII_2024/AFP_2_TDII_2024/Ejemplo04_Driver_GPIO/Drivers/API/Src" -O0 -ffunction-sections -fdata-sections -Wall -fstack-usage -fcyclomatic-complexity -MMD -MP -MF"Drivers/STM32F4xx_HAL_Driver/Src/stm32f4xx_hal_pcd_ex.d" -MT"Drivers/STM32F4xx_HAL_Driver/Src/stm32f4xx_hal_pcd_ex.o" --specs=nano.specs -mfpu=fpv4-sp-d16 -mfloat-abi=hard -mthumb -o "Drivers/STM32F4xx_HAL_Driver/Src/stm32f4xx_hal_pcd_ex.o"
arm-none-eabi-gcc "../Drivers/STM32F4xx_HAL_Driver/Src/stm32f4xx_hal_pwr.c" -mcpu=cortex-m4 -std=gnu11 -g3 -DDEBUG -DUSE_HAL_DRIVER -DSTM32F413xx -c -I../Core/Inc -I../Drivers/STM32F4xx_HAL_Driver/Inc -I../Drivers/STM32F4xx_HAL_Driver/Inc/Legacy -I../Drivers/CMSIS/Device/ST/STM32F4xx/Include -I../Drivers/CMSIS/Include -I"D:/Mis Cosas/Ingenieria/OneDrive - frt.utn.edu.ar/Repos/Grupo_8_TDII_2024_Notebook/Grupo_8_TDII_2024/AFP_2_TDII_2024/Ejemplo04_Driver_GPIO/Drivers/API/Inc" -I"D:/Mis Cosas/Ingenieria/OneDrive - frt.utn.edu.ar/Repos/Grupo_8_TDII_2024_Notebook/Grupo_8_TDII_2024/AFP_2_TDII_2024/Ejemplo04_Driver_GPIO/Drivers/API/Src" -O0 -ffunction-sections -fdata-sections -Wall -fstack-usage -fcyclomatic-complexity -MMD -MP -MF"Drivers/STM32F4xx_HAL_Driver/Src/stm32f4xx_hal_pwr.d" -MT"Drivers/STM32F4xx_HAL_Driver/Src/stm32f4xx_hal_pwr.o" --specs=nano.specs -mfpu=fpv4-sp-d16 -mfloat-abi=hard -mthumb -o "Drivers/STM32F4xx_HAL_Driver/Src/stm32f4xx_hal_pwr.o"
arm-none-eabi-gcc "../Drivers/STM32F4xx_HAL_Driver/Src/stm32f4xx_hal_pwr_ex.c" -mcpu=cortex-m4 -std=gnu11 -g3 -DDEBUG -DUSE_HAL_DRIVER -DSTM32F413xx -c -I../Core/Inc -I../Drivers/STM32F4xx_HAL_Driver/Inc -I../Drivers/STM32F4xx_HAL_Driver/Inc/Legacy -I../Drivers/CMSIS/Device/ST/STM32F4xx/Include -I../Drivers/CMSIS/Include -I"D:/Mis Cosas/Ingenieria/OneDrive - frt.utn.edu.ar/Repos/Grupo_8_TDII_2024_Notebook/Grupo_8_TDII_2024/AFP_2_TDII_2024/Ejemplo04_Driver_GPIO/Drivers/API/Inc" -I"D:/Mis Cosas/Ingenieria/OneDrive - frt.utn.edu.ar/Repos/Grupo_8_TDII_2024_Notebook/Grupo_8_TDII_2024/AFP_2_TDII_2024/Ejemplo04_Driver_GPIO/Drivers/API/Src" -O0 -ffunction-sections -fdata-sections -Wall -fstack-usage -fcyclomatic-complexity -MMD -MP -MF"Drivers/STM32F4xx_HAL_Driver/Src/stm32f4xx_hal_pwr_ex.d" -MT"Drivers/STM32F4xx_HAL_Driver/Src/stm32f4xx_hal_pwr_ex.o" --specs=nano.specs -mfpu=fpv4-sp-d16 -mfloat-abi=hard -mthumb -o "Drivers/STM32F4xx_HAL_Driver/Src/stm32f4xx_hal_pwr_ex.o"
arm-none-eabi-gcc "../Drivers/STM32F4xx_HAL_Driver/Src/stm32f4xx_hal_rcc.c" -mcpu=cortex-m4 -std=gnu11 -g3 -DDEBUG -DUSE_HAL_DRIVER -DSTM32F413xx -c -I../Core/Inc -I../Drivers/STM32F4xx_HAL_Driver/Inc -I../Drivers/STM32F4xx_HAL_Driver/Inc/Legacy -I../Drivers/CMSIS/Device/ST/STM32F4xx/Include -I../Drivers/CMSIS/Include -I"D:/Mis Cosas/Ingenieria/OneDrive - frt.utn.edu.ar/Repos/Grupo_8_TDII_2024_Notebook/Grupo_8_TDII_2024/AFP_2_TDII_2024/Ejemplo04_Driver_GPIO/Drivers/API/Inc" -I"D:/Mis Cosas/Ingenieria/OneDrive - frt.utn.edu.ar/Repos/Grupo_8_TDII_2024_Notebook/Grupo_8_TDII_2024/AFP_2_TDII_2024/Ejemplo04_Driver_GPIO/Drivers/API/Src" -O0 -ffunction-sections -fdata-sections -Wall -fstack-usage -fcyclomatic-complexity -MMD -MP -MF"Drivers/STM32F4xx_HAL_Driver/Src/stm32f4xx_hal_rcc.d" -MT"Drivers/STM32F4xx_HAL_Driver/Src/stm32f4xx_hal_rcc.o" --specs=nano.specs -mfpu=fpv4-sp-d16 -mfloat-abi=hard -mthumb -o "Drivers/STM32F4xx_HAL_Driver/Src/stm32f4xx_hal_rcc.o"
arm-none-eabi-gcc "../Drivers/STM32F4xx_HAL_Driver/Src/stm32f4xx_hal_rcc_ex.c" -mcpu=cortex-m4 -std=gnu11 -g3 -DDEBUG -DUSE_HAL_DRIVER -DSTM32F413xx -c -I../Core/Inc -I../Drivers/STM32F4xx_HAL_Driver/Inc -I../Drivers/STM32F4xx_HAL_Driver/Inc/Legacy -I../Drivers/CMSIS/Device/ST/STM32F4xx/Include -I../Drivers/CMSIS/Include -I"D:/Mis Cosas/Ingenieria/OneDrive - frt.utn.edu.ar/Repos/Grupo_8_TDII_2024_Notebook/Grupo_8_TDII_2024/AFP_2_TDII_2024/Ejemplo04_Driver_GPIO/Drivers/API/Inc" -I"D:/Mis Cosas/Ingenieria/OneDrive - frt.utn.edu.ar/Repos/Grupo_8_TDII_2024_Notebook/Grupo_8_TDII_2024/AFP_2_TDII_2024/Ejemplo04_Driver_GPIO/Drivers/API/Src" -O0 -ffunction-sections -fdata-sections -Wall -fstack-usage -fcyclomatic-complexity -MMD -MP -MF"Drivers/STM32F4xx_HAL_Driver/Src/stm32f4xx_hal_rcc_ex.d" -MT"Drivers/STM32F4xx_HAL_Driver/Src/stm32f4xx_hal_rcc_ex.o" --specs=nano.specs -mfpu=fpv4-sp-d16 -mfloat-abi=hard -mthumb -o "Drivers/STM32F4xx_HAL_Driver/Src/stm32f4xx_hal_rcc_ex.o"
arm-none-eabi-gcc "../Drivers/STM32F4xx_HAL_Driver/Src/stm32f4xx_hal_tim.c" -mcpu=cortex-m4 -std=gnu11 -g3 -DDEBUG -DUSE_HAL_DRIVER -DSTM32F413xx -c -I../Core/Inc -I../Drivers/STM32F4xx_HAL_Driver/Inc -I../Drivers/STM32F4xx_HAL_Driver/Inc/Legacy -I../Drivers/CMSIS/Device/ST/STM32F4xx/Include -I../Drivers/CMSIS/Include -I"D:/Mis Cosas/Ingenieria/OneDrive - frt.utn.edu.ar/Repos/Grupo_8_TDII_2024_Notebook/Grupo_8_TDII_2024/AFP_2_TDII_2024/Ejemplo04_Driver_GPIO/Drivers/API/Inc" -I"D:/Mis Cosas/Ingenieria/OneDrive - frt.utn.edu.ar/Repos/Grupo_8_TDII_2024_Notebook/Grupo_8_TDII_2024/AFP_2_TDII_2024/Ejemplo04_Driver_GPIO/Drivers/API/Src" -O0 -ffunction-sections -fdata-sections -Wall -fstack-usage -fcyclomatic-complexity -MMD -MP -MF"Drivers/STM32F4xx_HAL_Driver/Src/stm32f4xx_hal_tim.d" -MT"Drivers/STM32F4xx_HAL_Driver/Src/stm32f4xx_hal_tim.o" --specs=nano.specs -mfpu=fpv4-sp-d16 -mfloat-abi=hard -mthumb -o "Drivers/STM32F4xx_HAL_Driver/Src/stm32f4xx_hal_tim.o"
arm-none-eabi-gcc "../Drivers/STM32F4xx_HAL_Driver/Src/stm32f4xx_hal_tim_ex.c" -mcpu=cortex-m4 -std=gnu11 -g3 -DDEBUG -DUSE_HAL_DRIVER -DSTM32F413xx -c -I../Core/Inc -I../Drivers/STM32F4xx_HAL_Driver/Inc -I../Drivers/STM32F4xx_HAL_Driver/Inc/Legacy -I../Drivers/CMSIS/Device/ST/STM32F4xx/Include -I../Drivers/CMSIS/Include -I"D:/Mis Cosas/Ingenieria/OneDrive - frt.utn.edu.ar/Repos/Grupo_8_TDII_2024_Notebook/Grupo_8_TDII_2024/AFP_2_TDII_2024/Ejemplo04_Driver_GPIO/Drivers/API/Inc" -I"D:/Mis Cosas/Ingenieria/OneDrive - frt.utn.edu.ar/Repos/Grupo_8_TDII_2024_Notebook/Grupo_8_TDII_2024/AFP_2_TDII_2024/Ejemplo04_Driver_GPIO/Drivers/API/Src" -O0 -ffunction-sections -fdata-sections -Wall -fstack-usage -fcyclomatic-complexity -MMD -MP -MF"Drivers/STM32F4xx_HAL_Driver/Src/stm32f4xx_hal_tim_ex.d" -MT"Drivers/STM32F4xx_HAL_Driver/Src/stm32f4xx_hal_tim_ex.o" --specs=nano.specs -mfpu=fpv4-sp-d16 -mfloat-abi=hard -mthumb -o "Drivers/STM32F4xx_HAL_Driver/Src/stm32f4xx_hal_tim_ex.o"
arm-none-eabi-gcc "../Drivers/STM32F4xx_HAL_Driver/Src/stm32f4xx_hal_uart.c" -mcpu=cortex-m4 -std=gnu11 -g3 -DDEBUG -DUSE_HAL_DRIVER -DSTM32F413xx -c -I../Core/Inc -I../Drivers/STM32F4xx_HAL_Driver/Inc -I../Drivers/STM32F4xx_HAL_Driver/Inc/Legacy -I../Drivers/CMSIS/Device/ST/STM32F4xx/Include -I../Drivers/CMSIS/Include -I"D:/Mis Cosas/Ingenieria/OneDrive - frt.utn.edu.ar/Repos/Grupo_8_TDII_2024_Notebook/Grupo_8_TDII_2024/AFP_2_TDII_2024/Ejemplo04_Driver_GPIO/Drivers/API/Inc" -I"D:/Mis Cosas/Ingenieria/OneDrive - frt.utn.edu.ar/Repos/Grupo_8_TDII_2024_Notebook/Grupo_8_TDII_2024/AFP_2_TDII_2024/Ejemplo04_Driver_GPIO/Drivers/API/Src" -O0 -ffunction-sections -fdata-sections -Wall -fstack-usage -fcyclomatic-complexity -MMD -MP -MF"Drivers/STM32F4xx_HAL_Driver/Src/stm32f4xx_hal_uart.d" -MT"Drivers/STM32F4xx_HAL_Driver/Src/stm32f4xx_hal_uart.o" --specs=nano.specs -mfpu=fpv4-sp-d16 -mfloat-abi=hard -mthumb -o "Drivers/STM32F4xx_HAL_Driver/Src/stm32f4xx_hal_uart.o"
arm-none-eabi-gcc "../Drivers/STM32F4xx_HAL_Driver/Src/stm32f4xx_ll_usb.c" -mcpu=cortex-m4 -std=gnu11 -g3 -DDEBUG -DUSE_HAL_DRIVER -DSTM32F413xx -c -I../Core/Inc -I../Drivers/STM32F4xx_HAL_Driver/Inc -I../Drivers/STM32F4xx_HAL_Driver/Inc/Legacy -I../Drivers/CMSIS/Device/ST/STM32F4xx/Include -I../Drivers/CMSIS/Include -I"D:/Mis Cosas/Ingenieria/OneDrive - frt.utn.edu.ar/Repos/Grupo_8_TDII_2024_Notebook/Grupo_8_TDII_2024/AFP_2_TDII_2024/Ejemplo04_Driver_GPIO/Drivers/API/Inc" -I"D:/Mis Cosas/Ingenieria/OneDrive - frt.utn.edu.ar/Repos/Grupo_8_TDII_2024_Notebook/Grupo_8_TDII_2024/AFP_2_TDII_2024/Ejemplo04_Driver_GPIO/Drivers/API/Src" -O0 -ffunction-sections -fdata-sections -Wall -fstack-usage -fcyclomatic-complexity -MMD -MP -MF"Drivers/STM32F4xx_HAL_Driver/Src/stm32f4xx_ll_usb.d" -MT"Drivers/STM32F4xx_HAL_Driver/Src/stm32f4xx_ll_usb.o" --specs=nano.specs -mfpu=fpv4-sp-d16 -mfloat-abi=hard -mthumb -o "Drivers/STM32F4xx_HAL_Driver/Src/stm32f4xx_ll_usb.o"
arm-none-eabi-gcc "../Drivers/API/Src/API_GPIO.c" -mcpu=cortex-m4 -std=gnu11 -g3 -DDEBUG -DUSE_HAL_DRIVER -DSTM32F413xx -c -I../Core/Inc -I../Drivers/STM32F4xx_HAL_Driver/Inc -I../Drivers/STM32F4xx_HAL_Driver/Inc/Legacy -I../Drivers/CMSIS/Device/ST/STM32F4xx/Include -I../Drivers/CMSIS/Include -I"D:/Mis Cosas/Ingenieria/OneDrive - frt.utn.edu.ar/Repos/Grupo_8_TDII_2024_Notebook/Grupo_8_TDII_2024/AFP_2_TDII_2024/Ejemplo04_Driver_GPIO/Drivers/API/Inc" -I"D:/Mis Cosas/Ingenieria/OneDrive - frt.utn.edu.ar/Repos/Grupo_8_TDII_2024_Notebook/Grupo_8_TDII_2024/AFP_2_TDII_2024/Ejemplo04_Driver_GPIO/Drivers/API/Src" -O0 -ffunction-sections -fdata-sections -Wall -fstack-usage -fcyclomatic-complexity -MMD -MP -MF"Drivers/API/Src/API_GPIO.d" -MT"Drivers/API/Src/API_GPIO.o" --specs=nano.specs -mfpu=fpv4-sp-d16 -mfloat-abi=hard -mthumb -o "Drivers/API/Src/API_GPIO.o"
arm-none-eabi-gcc -mcpu=cortex-m4 -g3 -DDEBUG -c -I"D:/Mis Cosas/Ingenieria/OneDrive - frt.utn.edu.ar/Repos/Grupo_8_TDII_2024_Notebook/Grupo_8_TDII_2024/AFP_2_TDII_2024/Ejemplo04_Driver_GPIO/Drivers/API/Inc" -I"D:/Mis Cosas/Ingenieria/OneDrive - frt.utn.edu.ar/Repos/Grupo_8_TDII_2024_Notebook/Grupo_8_TDII_2024/AFP_2_TDII_2024/Ejemplo04_Driver_GPIO/Drivers/API/Src" -x assembler-with-cpp -MMD -MP -MF"Core/Startup/startup_stm32f413zhtx.d" -MT"Core/Startup/startup_stm32f413zhtx.o" --specs=nano.specs -mfpu=fpv4-sp-d16 -mfloat-abi=hard -mthumb -o "Core/Startup/startup_stm32f413zhtx.o" "../Core/Startup/startup_stm32f413zhtx.s"
arm-none-eabi-gcc "../Core/Src/main.c" -mcpu=cortex-m4 -std=gnu11 -g3 -DDEBUG -DUSE_HAL_DRIVER -DSTM32F413xx -c -I../Core/Inc -I../Drivers/STM32F4xx_HAL_Driver/Inc -I../Drivers/STM32F4xx_HAL_Driver/Inc/Legacy -I../Drivers/CMSIS/Device/ST/STM32F4xx/Include -I../Drivers/CMSIS/Include -I"D:/Mis Cosas/Ingenieria/OneDrive - frt.utn.edu.ar/Repos/Grupo_8_TDII_2024_Notebook/Grupo_8_TDII_2024/AFP_2_TDII_2024/Ejemplo04_Driver_GPIO/Drivers/API/Inc" -I"D:/Mis Cosas/Ingenieria/OneDrive - frt.utn.edu.ar/Repos/Grupo_8_TDII_2024_Notebook/Grupo_8_TDII_2024/AFP_2_TDII_2024/Ejemplo04_Driver_GPIO/Drivers/API/Src" -O0 -ffunction-sections -fdata-sections -Wall -fstack-usage -fcyclomatic-complexity -MMD -MP -MF"Core/Src/main.d" -MT"Core/Src/main.o" --specs=nano.specs -mfpu=fpv4-sp-d16 -mfloat-abi=hard -mthumb -o "Core/Src/main.o"
arm-none-eabi-gcc "../Core/Src/stm32f4xx_hal_msp.c" -mcpu=cortex-m4 -std=gnu11 -g3 -DDEBUG -DUSE_HAL_DRIVER -DSTM32F413xx -c -I../Core/Inc -I../Drivers/STM32F4xx_HAL_Driver/Inc -I../Drivers/STM32F4xx_HAL_Driver/Inc/Legacy -I../Drivers/CMSIS/Device/ST/STM32F4xx/Include -I../Drivers/CMSIS/Include -I"D:/Mis Cosas/Ingenieria/OneDrive - frt.utn.edu.ar/Repos/Grupo_8_TDII_2024_Notebook/Grupo_8_TDII_2024/AFP_2_TDII_2024/Ejemplo04_Driver_GPIO/Drivers/API/Inc" -I"D:/Mis Cosas/Ingenieria/OneDrive - frt.utn.edu.ar/Repos/Grupo_8_TDII_2024_Notebook/Grupo_8_TDII_2024/AFP_2_TDII_2024/Ejemplo04_Driver_GPIO/Drivers/API/Src" -O0 -ffunction-sections -fdata-sections -Wall -fstack-usage -fcyclomatic-complexity -MMD -MP -MF"Core/Src/stm32f4xx_hal_msp.d" -MT"Core/Src/stm32f4xx_hal_msp.o" --specs=nano.specs -mfpu=fpv4-sp-d16 -mfloat-abi=hard -mthumb -o "Core/Src/stm32f4xx_hal_msp.o"
arm-none-eabi-gcc "../Core/Src/stm32f4xx_it.c" -mcpu=cortex-m4 -std=gnu11 -g3 -DDEBUG -DUSE_HAL_DRIVER -DSTM32F413xx -c -I../Core/Inc -I../Drivers/STM32F4xx_HAL_Driver/Inc -I../Drivers/STM32F4xx_HAL_Driver/Inc/Legacy -I../Drivers/CMSIS/Device/ST/STM32F4xx/Include -I../Drivers/CMSIS/Include -I"D:/Mis Cosas/Ingenieria/OneDrive - frt.utn.edu.ar/Repos/Grupo_8_TDII_2024_Notebook/Grupo_8_TDII_2024/AFP_2_TDII_2024/Ejemplo04_Driver_GPIO/Drivers/API/Inc" -I"D:/Mis Cosas/Ingenieria/OneDrive - frt.utn.edu.ar/Repos/Grupo_8_TDII_2024_Notebook/Grupo_8_TDII_2024/AFP_2_TDII_2024/Ejemplo04_Driver_GPIO/Drivers/API/Src" -O0 -ffunction-sections -fdata-sections -Wall -fstack-usage -fcyclomatic-complexity -MMD -MP -MF"Core/Src/stm32f4xx_it.d" -MT"Core/Src/stm32f4xx_it.o" --specs=nano.specs -mfpu=fpv4-sp-d16 -mfloat-abi=hard -mthumb -o "Core/Src/stm32f4xx_it.o"
arm-none-eabi-gcc "../Core/Src/syscalls.c" -mcpu=cortex-m4 -std=gnu11 -g3 -DDEBUG -DUSE_HAL_DRIVER -DSTM32F413xx -c -I../Core/Inc -I../Drivers/STM32F4xx_HAL_Driver/Inc -I../Drivers/STM32F4xx_HAL_Driver/Inc/Legacy -I../Drivers/CMSIS/Device/ST/STM32F4xx/Include -I../Drivers/CMSIS/Include -I"D:/Mis Cosas/Ingenieria/OneDrive - frt.utn.edu.ar/Repos/Grupo_8_TDII_2024_Notebook/Grupo_8_TDII_2024/AFP_2_TDII_2024/Ejemplo04_Driver_GPIO/Drivers/API/Inc" -I"D:/Mis Cosas/Ingenieria/OneDrive - frt.utn.edu.ar/Repos/Grupo_8_TDII_2024_Notebook/Grupo_8_TDII_2024/AFP_2_TDII_2024/Ejemplo04_Driver_GPIO/Drivers/API/Src" -O0 -ffunction-sections -fdata-sections -Wall -fstack-usage -fcyclomatic-complexity -MMD -MP -MF"Core/Src/syscalls.d" -MT"Core/Src/syscalls.o" --specs=nano.specs -mfpu=fpv4-sp-d16 -mfloat-abi=hard -mthumb -o "Core/Src/syscalls.o"
arm-none-eabi-gcc "../Core/Src/sysmem.c" -mcpu=cortex-m4 -std=gnu11 -g3 -DDEBUG -DUSE_HAL_DRIVER -DSTM32F413xx -c -I../Core/Inc -I../Drivers/STM32F4xx_HAL_Driver/Inc -I../Drivers/STM32F4xx_HAL_Driver/Inc/Legacy -I../Drivers/CMSIS/Device/ST/STM32F4xx/Include -I../Drivers/CMSIS/Include -I"D:/Mis Cosas/Ingenieria/OneDrive - frt.utn.edu.ar/Repos/Grupo_8_TDII_2024_Notebook/Grupo_8_TDII_2024/AFP_2_TDII_2024/Ejemplo04_Driver_GPIO/Drivers/API/Inc" -I"D:/Mis Cosas/Ingenieria/OneDrive - frt.utn.edu.ar/Repos/Grupo_8_TDII_2024_Notebook/Grupo_8_TDII_2024/AFP_2_TDII_2024/Ejemplo04_Driver_GPIO/Drivers/API/Src" -O0 -ffunction-sections -fdata-sections -Wall -fstack-usage -fcyclomatic-complexity -MMD -MP -MF"Core/Src/sysmem.d" -MT"Core/Src/sysmem.o" --specs=nano.specs -mfpu=fpv4-sp-d16 -mfloat-abi=hard -mthumb -o "Core/Src/sysmem.o"
arm-none-eabi-gcc "../Core/Src/system_stm32f4xx.c" -mcpu=cortex-m4 -std=gnu11 -g3 -DDEBUG -DUSE_HAL_DRIVER -DSTM32F413xx -c -I../Core/Inc -I../Drivers/STM32F4xx_HAL_Driver/Inc -I../Drivers/STM32F4xx_HAL_Driver/Inc/Legacy -I../Drivers/CMSIS/Device/ST/STM32F4xx/Include -I../Drivers/CMSIS/Include -I"D:/Mis Cosas/Ingenieria/OneDrive - frt.utn.edu.ar/Repos/Grupo_8_TDII_2024_Notebook/Grupo_8_TDII_2024/AFP_2_TDII_2024/Ejemplo04_Driver_GPIO/Drivers/API/Inc" -I"D:/Mis Cosas/Ingenieria/OneDrive - frt.utn.edu.ar/Repos/Grupo_8_TDII_2024_Notebook/Grupo_8_TDII_2024/AFP_2_TDII_2024/Ejemplo04_Driver_GPIO/Drivers/API/Src" -O0 -ffunction-sections -fdata-sections -Wall -fstack-usage -fcyclomatic-complexity -MMD -MP -MF"Core/Src/system_stm32f4xx.d" -MT"Core/Src/system_stm32f4xx.o" --specs=nano.specs -mfpu=fpv4-sp-d16 -mfloat-abi=hard -mthumb -o "Core/Src/system_stm32f4xx.o"
arm-none-eabi-gcc -o "Ejemplo04_Driver_GPIO.elf" @"objects.list"   -mcpu=cortex-m4 -T"D:\Mis Cosas\Ingenieria\OneDrive - frt.utn.edu.ar\Repos\Grupo_8_TDII_2024_Notebook\Grupo_8_TDII_2024\AFP_2_TDII_2024\Ejemplo04_Driver_GPIO\STM32F413ZHTX_FLASH.ld" --specs=nosys.specs -Wl,-Map="Ejemplo04_Driver_GPIO.map" -Wl,--gc-sections -static --specs=nano.specs -mfpu=fpv4-sp-d16 -mfloat-abi=hard -mthumb -Wl,--start-group -lc -lm -Wl,--end-group
Finished building target: Ejemplo04_Driver_GPIO.elf
 
arm-none-eabi-size  Ejemplo04_Driver_GPIO.elf 
arm-none-eabi-objdump -h -S Ejemplo04_Driver_GPIO.elf  > "Ejemplo04_Driver_GPIO.list"
   text	   data	    bss	    dec	    hex	filename
  12064	     12	   2892	  14968	   3a78	Ejemplo04_Driver_GPIO.elf
Finished building: default.size.stdout
 
Finished building: Ejemplo04_Driver_GPIO.list
 

23:26:40 Build Finished. 0 errors, 0 warnings. (took 1s.671ms)

